<html>
<body>
<pre>
<h1>礦ision Build Log</h1>
<h2>Project:</h2>
C:\Users\Phone\Desktop\1 - 副本\uCOS_GUI\Project\Phone.uvproj
Project File Date:  03/20/2014

<h2>Output:</h2>
Build target 'uCOS_GUI'
compiling App.c...
..\Source\APP\App.c(31): error:  #20: identifier "Task_Com1_STK_SIZE" is undefined
..\Source\APP\App.c(69): warning:  #177-D: variable "err" was declared but never referenced
..\Source\APP\App.c(164): error:  #20: identifier "Task_Com1_PRIO" is undefined
..\Source\APP\App.c(131): warning:  #177-D: variable "err" was declared but never referenced
..\Source\APP\App.c(219): warning:  #177-D: variable "err" was declared but never referenced
..\Source\APP\App.c(220): warning:  #177-D: variable "msg" was declared but never referenced
..\Source\APP\App.c(44): error:  #114: function "Task_Com1" was referenced but not defined
Target not created
Build target 'uCOS_GUI'
compiling App.c...
..\Source\APP\App.c(31): error:  #20: identifier "Task_Com1_STK_SIZE" is undefined
..\Source\APP\App.c(69): warning:  #177-D: variable "err" was declared but never referenced
..\Source\APP\App.c(164): error:  #20: identifier "Task_Com1_PRIO" is undefined
..\Source\APP\App.c(131): warning:  #177-D: variable "err" was declared but never referenced
..\Source\APP\App.c(221): warning:  #177-D: variable "err" was declared but never referenced
..\Source\APP\App.c(222): warning:  #177-D: variable "msg" was declared but never referenced
..\Source\APP\App.c(235): warning:  #177-D: variable "err" was declared but never referenced
..\Source\APP\App.c(236): warning:  #177-D: variable "msg" was declared but never referenced
Target not created
Build target 'uCOS_GUI'
compiling os_core.c...
compiling os_flag.c...
compiling os_mbox.c...
compiling os_mem.c...
compiling os_mutex.c...
compiling os_q.c...
compiling os_sem.c...
compiling os_task.c...
compiling os_time.c...
compiling os_tmr.c...
compiling os_cpu_c.c...
compiling os_dbg.c...
compiling GUI_X_uCOS.c...
compiling bsp.c...
compiling App.c...
..\Source\APP\App.c(69): warning:  #177-D: variable "err" was declared but never referenced
..\Source\APP\App.c(131): warning:  #177-D: variable "err" was declared but never referenced
..\Source\APP\App.c(221): warning:  #177-D: variable "err" was declared but never referenced
..\Source\APP\App.c(222): warning:  #177-D: variable "msg" was declared but never referenced
..\Source\APP\App.c(235): warning:  #177-D: variable "err" was declared but never referenced
..\Source\APP\App.c(236): warning:  #177-D: variable "msg" was declared but never referenced
compiling stm32f10x_it.c...
compiling Events.c...
linking...
Program Size: Code=43072 RO-data=218216 RW-data=400 ZI-data=16704  
FromELF: creating hex file...
"..\Obj\Phone.axf" - 0 Error(s), 6 Warning(s).
Build target 'uCOS_GUI'
compiling App.c...
..\Source\APP\App.c(69): warning:  #177-D: variable "err" was declared but never referenced
..\Source\APP\App.c(131): warning:  #177-D: variable "err" was declared but never referenced
..\Source\APP\App.c(221): warning:  #177-D: variable "err" was declared but never referenced
..\Source\APP\App.c(234): warning:  #177-D: variable "err" was declared but never referenced
linking...
Program Size: Code=43072 RO-data=218216 RW-data=400 ZI-data=16704  
FromELF: creating hex file...
"..\Obj\Phone.axf" - 0 Error(s), 4 Warning(s).
Build target 'uCOS_GUI'
compiling App.c...
..\Source\APP\App.c(69): warning:  #177-D: variable "err" was declared but never referenced
..\Source\APP\App.c(131): warning:  #177-D: variable "err" was declared but never referenced
..\Source\APP\App.c(226): error:  #20: identifier "tick" is undefined
..\Source\APP\App.c(221): warning:  #177-D: variable "err" was declared but never referenced
..\Source\APP\App.c(235): warning:  #177-D: variable "err" was declared but never referenced
Target not created
Build target 'uCOS_GUI'
compiling App.c...
..\Source\APP\App.c(69): warning:  #177-D: variable "err" was declared but never referenced
..\Source\APP\App.c(131): warning:  #177-D: variable "err" was declared but never referenced
..\Source\APP\App.c(221): warning:  #177-D: variable "err" was declared but never referenced
..\Source\APP\App.c(235): warning:  #177-D: variable "err" was declared but never referenced
linking...
Program Size: Code=43100 RO-data=218212 RW-data=400 ZI-data=16704  
FromELF: creating hex file...
"..\Obj\Phone.axf" - 0 Error(s), 4 Warning(s).
Build target 'uCOS_GUI'
compiling App.c...
..\Source\APP\App.c(69): warning:  #177-D: variable "err" was declared but never referenced
..\Source\APP\App.c(131): warning:  #177-D: variable "err" was declared but never referenced
..\Source\APP\App.c(222): warning:  #177-D: variable "err" was declared but never referenced
..\Source\APP\App.c(236): warning:  #177-D: variable "err" was declared but never referenced
linking...
Program Size: Code=43084 RO-data=218212 RW-data=400 ZI-data=16704  
FromELF: creating hex file...
"..\Obj\Phone.axf" - 0 Error(s), 4 Warning(s).
Load "..\\Obj\\Phone.AXF" 
* JLink Info: Device "STM32F103VE" selected (512 KB flash, 64 KB RAM).
Set JLink Project File to "C:\Users\Phone\Desktop\1 - 副本\uCOS_GUI\Project\JLinkSettings.ini"
 
JLink info:
------------
DLL: V4.50j, compiled Jun 26 2012 09:19:07
Firmware: J-Link ARM V8 compiled Aug  1 2012 13:40:47
Hardware: V8.00
S/N : 58001139 
Feature(s) : RDI,FlashDL,FlashBP,JFlash 
 
* JLink Info: Found SWD-DP with ID 0x1BA01477
* JLink Info: Found SWD-DP with ID 0x1BA01477
* JLink Info: TPIU fitted.
* JLink Info: ETM fitted.
* JLink Info: FPUnit: 6 code (BP) slots and 2 literal slots
* JLink Info: Found Cortex-M3 r1p1, Little endian.
ROMTableAddr = 0xE00FF003
 
Target info:
------------
Device: STM32F103VE
VTarget = 3.300V
State of Pins: 
TCK: 0, TDI: 0, TDO: 0, TMS: 1, TRES: 1, TRST: 1
Hardware-Breakpoints: 6
Software-Breakpoints: 8192
Watchpoints:          4
JTAG speed: 2000 kHz
 
Erase Done.
Programming Done.
Verify OK.
Build target 'uCOS_GUI'
compiling Face.c...
linking...
Program Size: Code=42372 RO-data=124092 RW-data=400 ZI-data=16704  
FromELF: creating hex file...
"..\Obj\Phone.axf" - 0 Error(s), 0 Warning(s).
Build target 'uCOS_GUI'
compiling Face.c...
linking...
Program Size: Code=34874 RO-data=105410 RW-data=376 ZI-data=16704  
FromELF: creating hex file...
"..\Obj\Phone.axf" - 0 Error(s), 0 Warning(s).
Load "..\\Obj\\Phone.AXF" 
* JLink Info: Device "STM32F103VE" selected (512 KB flash, 64 KB RAM).
Set JLink Project File to "C:\Users\Phone\Desktop\1 - 副本\uCOS_GUI\Project\JLinkSettings.ini"
 
JLink info:
------------
DLL: V4.50j, compiled Jun 26 2012 09:19:07
Firmware: J-Link ARM V8 compiled Aug  1 2012 13:40:47
Hardware: V8.00
S/N : 58001139 
Feature(s) : RDI,FlashDL,FlashBP,JFlash 
 
* JLink Info: Found SWD-DP with ID 0x1BA01477
* JLink Info: Found SWD-DP with ID 0x1BA01477
* JLink Info: TPIU fitted.
* JLink Info: ETM fitted.
* JLink Info: FPUnit: 6 code (BP) slots and 2 literal slots
* JLink Info: Found Cortex-M3 r1p1, Little endian.
ROMTableAddr = 0xE00FF003
 
Target info:
------------
Device: STM32F103VE
VTarget = 3.300V
State of Pins: 
TCK: 0, TDI: 0, TDO: 0, TMS: 1, TRES: 1, TRST: 1
Hardware-Breakpoints: 6
Software-Breakpoints: 8192
Watchpoints:          4
JTAG speed: 2000 kHz
 
Erase Done.
Programming Done.
Verify OK.
Build target 'uCOS_GUI'
compiling os_core.c...
compiling os_flag.c...
compiling os_mbox.c...
compiling os_mem.c...
compiling os_mutex.c...
compiling os_q.c...
compiling os_sem.c...
compiling os_task.c...
compiling os_time.c...
compiling os_tmr.c...
compiling os_cpu_c.c...
compiling os_dbg.c...
compiling GUI_X_uCOS.c...
compiling bsp.c...
compiling App.c...
..\Source\APP\App.c(69): warning:  #177-D: variable "err" was declared but never referenced
..\Source\APP\App.c(131): warning:  #177-D: variable "err" was declared but never referenced
..\Source\APP\App.c(222): warning:  #177-D: variable "err" was declared but never referenced
..\Source\APP\App.c(236): warning:  #177-D: variable "err" was declared but never referenced
compiling stm32f10x_it.c...
compiling Events.c...
linking...
Program Size: Code=34874 RO-data=105410 RW-data=376 ZI-data=16704  
FromELF: creating hex file...
"..\Obj\Phone.axf" - 0 Error(s), 4 Warning(s).
Build target 'uCOS_GUI'
compiling App.c...
..\Source\APP\App.c(70): warning:  #177-D: variable "err" was declared but never referenced
..\Source\APP\App.c(132): warning:  #177-D: variable "err" was declared but never referenced
..\Source\APP\App.c(223): warning:  #177-D: variable "err" was declared but never referenced
..\Source\APP\App.c(236): warning:  #177-D: variable "err" was declared but never referenced
compiling GSM.c...
linking...
Program Size: Code=35926 RO-data=105410 RW-data=540 ZI-data=16788  
FromELF: creating hex file...
"..\Obj\Phone.axf" - 0 Error(s), 4 Warning(s).
Load "..\\Obj\\Phone.AXF" 
* JLink Info: Device "STM32F103VE" selected (512 KB flash, 64 KB RAM).
Set JLink Project File to "C:\Users\Phone\Desktop\1 - 副本\uCOS_GUI\Project\JLinkSettings.ini"
 
JLink info:
------------
DLL: V4.50j, compiled Jun 26 2012 09:19:07
Firmware: J-Link ARM V8 compiled Aug  1 2012 13:40:47
Hardware: V8.00
S/N : 58001139 
Feature(s) : RDI,FlashDL,FlashBP,JFlash 
 
* JLink Info: Found SWD-DP with ID 0x1BA01477
* JLink Info: Found SWD-DP with ID 0x1BA01477
* JLink Info: TPIU fitted.
* JLink Info: ETM fitted.
* JLink Info: FPUnit: 6 code (BP) slots and 2 literal slots
* JLink Info: Found Cortex-M3 r1p1, Little endian.
ROMTableAddr = 0xE00FF003
 
Target info:
------------
Device: STM32F103VE
VTarget = 3.300V
State of Pins: 
TCK: 0, TDI: 0, TDO: 0, TMS: 1, TRES: 1, TRST: 1
Hardware-Breakpoints: 6
Software-Breakpoints: 8192
Watchpoints:          4
JTAG speed: 2000 kHz
 
Erase Done.
Programming Done.
Verify OK.
Build target 'uCOS_GUI'
compiling bsp.c...
linking...
Program Size: Code=36610 RO-data=105410 RW-data=540 ZI-data=16788  
FromELF: creating hex file...
"..\Obj\Phone.axf" - 0 Error(s), 0 Warning(s).
Build target 'uCOS_GUI'
linking...
Program Size: Code=36610 RO-data=105410 RW-data=540 ZI-data=16788  
FromELF: creating hex file...
"..\Obj\Phone.axf" - 0 Error(s), 0 Warning(s).
Load "..\\Obj\\Phone.AXF" 
Build target 'uCOS_GUI'
linking...
Program Size: Code=36610 RO-data=105410 RW-data=540 ZI-data=16788  
FromELF: creating hex file...
"..\Obj\Phone.axf" - 0 Error(s), 0 Warning(s).
Build target 'uCOS_GUI'
linking...
Program Size: Code=36610 RO-data=105410 RW-data=540 ZI-data=16788  
FromELF: creating hex file...
"..\Obj\Phone.axf" - 0 Error(s), 0 Warning(s).
Load "..\\Obj\\Phone.AXF" 
* JLink Info: Device "STM32F103VE" selected (512 KB flash, 64 KB RAM).
Set JLink Project File to "C:\Users\Phone\Desktop\1 - 副本\uCOS_GUI\Project\JLinkSettings.ini"
 
JLink info:
------------
DLL: V4.50j, compiled Jun 26 2012 09:19:07
Firmware: J-Link ARM V8 compiled Aug  1 2012 13:40:47
Hardware: V8.00
S/N : 58001139 
Feature(s) : RDI,FlashDL,FlashBP,JFlash 
 
* JLink Info: Found SWD-DP with ID 0x1BA01477
* JLink Info: Found SWD-DP with ID 0x1BA01477
* JLink Info: TPIU fitted.
* JLink Info: ETM fitted.
* JLink Info: FPUnit: 6 code (BP) slots and 2 literal slots
* JLink Info: Found Cortex-M3 r1p1, Little endian.
ROMTableAddr = 0xE00FF003
 
Target info:
------------
Device: STM32F103VE
VTarget = 3.300V
State of Pins: 
TCK: 0, TDI: 0, TDO: 0, TMS: 1, TRES: 1, TRST: 1
Hardware-Breakpoints: 6
Software-Breakpoints: 8192
Watchpoints:          4
JTAG speed: 2000 kHz
 
Erase Done.
Programming Done.
Verify OK.
Build target 'uCOS_GUI'
compiling bsp.c...
linking...
Program Size: Code=36618 RO-data=105410 RW-data=540 ZI-data=16788  
FromELF: creating hex file...
"..\Obj\Phone.axf" - 0 Error(s), 0 Warning(s).
Load "..\\Obj\\Phone.AXF" 
* JLink Info: Device "STM32F103VE" selected (512 KB flash, 64 KB RAM).
Set JLink Project File to "C:\Users\Phone\Desktop\1 - 副本\uCOS_GUI\Project\JLinkSettings.ini"
 
JLink info:
------------
DLL: V4.50j, compiled Jun 26 2012 09:19:07
Firmware: J-Link ARM V8 compiled Aug  1 2012 13:40:47
Hardware: V8.00
S/N : 58001139 
Feature(s) : RDI,FlashDL,FlashBP,JFlash 
 
* JLink Info: Found SWD-DP with ID 0x1BA01477
* JLink Info: Found SWD-DP with ID 0x1BA01477
* JLink Info: TPIU fitted.
* JLink Info: ETM fitted.
* JLink Info: FPUnit: 6 code (BP) slots and 2 literal slots
* JLink Info: Found Cortex-M3 r1p1, Little endian.
ROMTableAddr = 0xE00FF003
 
Target info:
------------
Device: STM32F103VE
VTarget = 3.300V
State of Pins: 
TCK: 0, TDI: 0, TDO: 0, TMS: 1, TRES: 1, TRST: 1
Hardware-Breakpoints: 6
Software-Breakpoints: 8192
Watchpoints:          4
JTAG speed: 2000 kHz
 
Erase Done.
Programming Done.
Verify OK.
Build target 'uCOS_GUI'
compiling App.c...
..\Source\APP\App.c(70): warning:  #177-D: variable "err" was declared but never referenced
..\Source\APP\App.c(132): warning:  #177-D: variable "err" was declared but never referenced
..\Source\APP\App.c(223): warning:  #177-D: variable "err" was declared but never referenced
..\Source\APP\App.c(236): warning:  #177-D: variable "err" was declared but never referenced
linking...
Program Size: Code=36634 RO-data=105410 RW-data=540 ZI-data=16788  
FromELF: creating hex file...
"..\Obj\Phone.axf" - 0 Error(s), 4 Warning(s).
Load "..\\Obj\\Phone.AXF" 
* JLink Info: Device "STM32F103VE" selected (512 KB flash, 64 KB RAM).
Set JLink Project File to "C:\Users\Phone\Desktop\1 - 副本\uCOS_GUI\Project\JLinkSettings.ini"
 
JLink info:
------------
DLL: V4.50j, compiled Jun 26 2012 09:19:07
Firmware: J-Link ARM V8 compiled Aug  1 2012 13:40:47
Hardware: V8.00
S/N : 58001139 
Feature(s) : RDI,FlashDL,FlashBP,JFlash 
 
* JLink Info: Found SWD-DP with ID 0x1BA01477
* JLink Info: Found SWD-DP with ID 0x1BA01477
* JLink Info: TPIU fitted.
* JLink Info: ETM fitted.
* JLink Info: FPUnit: 6 code (BP) slots and 2 literal slots
* JLink Info: Found Cortex-M3 r1p1, Little endian.
ROMTableAddr = 0xE00FF003
 
Target info:
------------
Device: STM32F103VE
VTarget = 3.300V
State of Pins: 
TCK: 0, TDI: 0, TDO: 0, TMS: 1, TRES: 1, TRST: 1
Hardware-Breakpoints: 6
Software-Breakpoints: 8192
Watchpoints:          4
JTAG speed: 2000 kHz
 
Erase Done.
Programming Done.
Verify OK.
Build target 'uCOS_GUI'
compiling GSM.c...
linking...
Program Size: Code=36646 RO-data=105410 RW-data=540 ZI-data=16788  
FromELF: creating hex file...
"..\Obj\Phone.axf" - 0 Error(s), 0 Warning(s).
Build target 'uCOS_GUI'
compiling GSMface.c...
compiling GSM.c...
linking...
Program Size: Code=36714 RO-data=105410 RW-data=544 ZI-data=16792  
FromELF: creating hex file...
"..\Obj\Phone.axf" - 0 Error(s), 0 Warning(s).
Build target 'uCOS_GUI'
linking...
Program Size: Code=36714 RO-data=105410 RW-data=544 ZI-data=16792  
FromELF: creating hex file...
"..\Obj\Phone.axf" - 0 Error(s), 0 Warning(s).
Load "..\\Obj\\Phone.AXF" 
* JLink Info: Device "STM32F103VE" selected (512 KB flash, 64 KB RAM).
Set JLink Project File to "C:\Users\Phone\Desktop\1 - 副本\uCOS_GUI\Project\JLinkSettings.ini"
 
JLink info:
------------
DLL: V4.50j, compiled Jun 26 2012 09:19:07
Firmware: J-Link ARM V8 compiled Aug  1 2012 13:40:47
Hardware: V8.00
S/N : 58001139 
Feature(s) : RDI,FlashDL,FlashBP,JFlash 
 
* JLink Info: Found SWD-DP with ID 0x1BA01477
* JLink Info: Found SWD-DP with ID 0x1BA01477
* JLink Info: TPIU fitted.
* JLink Info: ETM fitted.
* JLink Info: FPUnit: 6 code (BP) slots and 2 literal slots
* JLink Info: Found Cortex-M3 r1p1, Little endian.
ROMTableAddr = 0xE00FF003
 
Target info:
------------
Device: STM32F103VE
VTarget = 3.300V
State of Pins: 
TCK: 0, TDI: 0, TDO: 0, TMS: 1, TRES: 1, TRST: 1
Hardware-Breakpoints: 6
Software-Breakpoints: 8192
Watchpoints:          4
JTAG speed: 2000 kHz
 
Erase Done.
Programming Done.
Verify OK.
Build target 'uCOS_GUI'
compiling GSM.c...
linking...
Program Size: Code=36734 RO-data=105410 RW-data=544 ZI-data=16792  
FromELF: creating hex file...
"..\Obj\Phone.axf" - 0 Error(s), 0 Warning(s).
Build target 'uCOS_GUI'
compiling GSM.c...
linking...
Program Size: Code=36734 RO-data=105410 RW-data=544 ZI-data=16792  
FromELF: creating hex file...
"..\Obj\Phone.axf" - 0 Error(s), 0 Warning(s).
Load "..\\Obj\\Phone.AXF" 
* JLink Info: Device "STM32F103VE" selected (512 KB flash, 64 KB RAM).
Set JLink Project File to "C:\Users\Phone\Desktop\1 - 副本\uCOS_GUI\Project\JLinkSettings.ini"
 
JLink info:
------------
DLL: V4.50j, compiled Jun 26 2012 09:19:07
Firmware: J-Link ARM V8 compiled Aug  1 2012 13:40:47
Hardware: V8.00
S/N : 58001139 
Feature(s) : RDI,FlashDL,FlashBP,JFlash 
 
* JLink Info: Found SWD-DP with ID 0x1BA01477
* JLink Info: Found SWD-DP with ID 0x1BA01477
* JLink Info: TPIU fitted.
* JLink Info: ETM fitted.
* JLink Info: FPUnit: 6 code (BP) slots and 2 literal slots
* JLink Info: Found Cortex-M3 r1p1, Little endian.
ROMTableAddr = 0xE00FF003
 
Target info:
------------
Device: STM32F103VE
VTarget = 3.300V
State of Pins: 
TCK: 0, TDI: 0, TDO: 0, TMS: 1, TRES: 1, TRST: 1
Hardware-Breakpoints: 6
Software-Breakpoints: 8192
Watchpoints:          4
JTAG speed: 2000 kHz
 
Erase Done.
Programming Done.
Verify OK.
