<html>
<body>
<pre>
<h1>礦ision Build Log</h1>
<h2>Project:</h2>
D:\（5）我的设计\(9)程序备份\（3）UCOS\(0)纯净版\uCOS_0\uCOS_GUI\Project\Phone.uvproj
Project File Date:  05/03/2014

<h2>Output:</h2>
Build target 'uCOS_GUI'
compiling bsp.c...
linking...
Program Size: Code=6584 RO-data=592 RW-data=124 ZI-data=7612  
FromELF: creating hex file...
"..\Obj\Phone.axf" - 0 Error(s), 0 Warning(s).
Load "..\\Obj\\Phone.axf" 
Set JLink Project File to "D:\（5）我的设计\(9)程序备份\（3）UCOS\(0)纯净版\uCOS_0\uCOS_GUI\Project\JLinkSettings.ini"
* JLink Info: Device "STM32F103VE" selected (512 KB flash, 64 KB RAM).
 
JLink info:
------------
DLL: V4.80g, compiled Feb 13 2014 20:50:02
Firmware: J-Link ARM V8 compiled Nov 25 2013 19:20:08
Hardware: V8.00
S/N : 58001139 
Feature(s) : RDI,FlashDL,FlashBP,JFlash 
 
* JLink Info: Found SWD-DP with ID 0x1BA01477
* JLink Info: Found SWD-DP with ID 0x1BA01477
* JLink Info: Found Cortex-M3 r1p1, Little endian.
* JLink Info: FPUnit: 6 code (BP) slots and 2 literal slots
* JLink Info: TPIU fitted.
ROMTableAddr = 0xE00FF003
 
Target info:
------------
Device: STM32F103VE
VTarget = 3.261V
State of Pins: 
TCK: 0, TDI: 1, TDO: 1, TMS: 1, TRES: 1, TRST: 1
Hardware-Breakpoints: 6
Software-Breakpoints: 8192
Watchpoints:          4
JTAG speed: 2000 kHz
 
Erase Done.
Programming Done.
Verify OK.
</pre>
</body>
</html>
rce\APP\App.c(129): warning:  #177-D: variable "err" was declared but never referenced
    INT8U  err;
..\Source\APP\App.c(156): warning:  #177-D: variable "err" was declared but never referenced
        INT8U err;      
..\Source\APP\App.c(178): warning:  #177-D: variable "err" was declared but never referenced
        INT8U err;
..\Source\APP\App.c: 4 warnings, 0 errors
compiling stm32f10x_it.c...
linking...
Program Size: Code=7160 RO-data=592 RW-data=124 ZI-data=7612  
FromELF: creating hex file...
"..\Obj\Phone.axf" - 0 Error(s), 4 Warning(s).
Load "..\\Obj\\Phone.axf" 
Set JLink Project File to "D:\（5）我的设计\(9)程序备份\（3）UCOS\(0)纯净版\uCOS_0\uCOS_GUI\Project\JLinkSettings.ini"
* JLink Info: Device "STM32F103VE" selected (512 KB flash, 64 KB RAM).
 
JLink info:
------------
DLL: V4.80g, compiled Feb 13 2014 20:50:02
Firmware: J-Link ARM V8 compiled Nov 25 2013 19:20:08
Hardware: V8.00
S/N : 58001139 
Feature(s) : RDI,FlashDL,FlashBP,JFlash 
 
* JLink Info: Found SWD-DP with ID 0x1BA01477
* JLink Info: Found SWD-DP with ID 0x1BA01477
* JLink Info: Found Cortex-M3 r1p1, Little endian.
* JLink Info: FPUnit: 6 code (BP) slots and 2 literal slots
* JLink Info: TPIU fitted.
ROMTableAddr = 0xE00FF003
 
Target info:
------------
Device: STM32F103VE
VTarget = 3.254V
State of Pins: 
TCK: 0, TDI: 1, TDO: 1, TMS: 1, TRES: 1, TRST: 1
Hardware-Breakpoints: 6
Software-Breakpoints: 8192
Watchpoints:          4
JTAG speed: 2000 kHz
 
Erase Done.
Programming Done.
Verify OK.
