<html>
<body>
<pre>
<h1>µVision Build Log</h1>
<h2>Project:</h2>
C:\Users\Phone\Desktop\(9)uCOS_GUI_FAther\uCOS_GUI\Project\Phone.uvproj
Project File Date:  04/11/2014

<h2>Output:</h2>
Build target 'uCOS_GUI'
compiling App.c...
..\Source\APP\App.c(64): warning:  #177-D: variable "err" was declared but never referenced
..\Source\APP\App.c(129): warning:  #177-D: variable "err" was declared but never referenced
..\Source\APP\App.c(156): warning:  #177-D: variable "err" was declared but never referenced
..\Source\APP\App.c(178): warning:  #177-D: variable "err" was declared but never referenced
compiling humiture.c...
linking...
..\Obj\Phone.axf: Error: L6218E: Undefined symbol GUI_Init (referred from bsp.o).
Target not created
Build target 'uCOS_GUI'
compiling os_core.c...
compiling os_flag.c...
compiling os_mbox.c...
compiling os_mem.c...
compiling os_mutex.c...
compiling os_q.c...
compiling os_sem.c...
compiling os_task.c...
compiling os_time.c...
compiling os_tmr.c...
compiling os_cpu_c.c...
compiling os_dbg.c...
compiling bsp.c...
compiling App.c...
..\Source\APP\App.c(64): warning:  #177-D: variable "err" was declared but never referenced
..\Source\APP\App.c(129): warning:  #177-D: variable "err" was declared but never referenced
..\Source\APP\App.c(156): warning:  #177-D: variable "err" was declared but never referenced
..\Source\APP\App.c(178): warning:  #177-D: variable "err" was declared but never referenced
compiling stm32f10x_it.c...
linking...
..\Obj\Phone.axf: Error: L6218E: Undefined symbol GUI_Init (referred from bsp.o).
Target not created
Build target 'uCOS_GUI'
compiling os_core.c...
compiling os_flag.c...
compiling os_mbox.c...
compiling os_mem.c...
compiling os_mutex.c...
compiling os_q.c...
compiling os_sem.c...
compiling os_task.c...
compiling os_time.c...
compiling os_tmr.c...
compiling os_cpu_c.c...
compiling os_dbg.c...
compiling bsp.c...
..\Source\BSP\bsp.c(425): warning:  #223-D: function "GUI_Init" declared implicitly
compiling App.c...
..\Source\APP\App.c(64): warning:  #177-D: variable "err" was declared but never referenced
..\Source\APP\App.c(129): warning:  #177-D: variable "err" was declared but never referenced
..\Source\APP\App.c(156): warning:  #177-D: variable "err" was declared but never referenced
..\Source\APP\App.c(178): warning:  #177-D: variable "err" was declared but never referenced
compiling stm32f10x_it.c...
linking...
..\Obj\Phone.axf: Error: L6218E: Undefined symbol GUI_Init (referred from bsp.o).
Target not created
Build target 'uCOS_GUI'
compiling bsp.c...
linking...
Program Size: Code=7142 RO-data=594 RW-data=124 ZI-data=7612  
FromELF: creating hex file...
"..\Obj\Phone.axf" - 0 Error(s), 0 Warning(s).
Build target 'uCOS_GUI'
compiling bsp.c...
linking...
Program Size: Code=7142 RO-data=594 RW-data=124 ZI-data=7612  
FromELF: creating hex file...
"..\Obj\Phone.axf" - 0 Error(s), 0 Warning(s).
Build target 'uCOS_GUI'
linking...
Program Size: Code=7142 RO-data=594 RW-data=124 ZI-data=7612  
FromELF: creating hex file...
"..\Obj\Phone.axf" - 0 Error(s), 0 Warning(s).
Build target 'uCOS_GUI'
compiling os_core.c...
compiling os_flag.c...
compiling os_mbox.c...
compiling os_mem.c...
compiling os_mutex.c...
compiling os_q.c...
compiling os_sem.c...
compiling os_task.c...
compiling os_time.c...
compiling os_tmr.c...
compiling os_cpu_c.c...
compiling os_dbg.c...
compiling bsp.c...
compiling App.c...
..\Source\APP\App.c(64): warning:  #177-D: variable "err" was declared but never referenced
..\Source\APP\App.c(129): warning:  #177-D: variable "err" was declared but never referenced
..\Source\APP\App.c(156): warning:  #177-D: variable "err" was declared but never referenced
..\Source\APP\App.c(178): warning:  #177-D: variable "err" was declared but never referenced
compiling stm32f10x_it.c...
linking...
Program Size: Code=7142 RO-data=594 RW-data=124 ZI-data=7612  
FromELF: creating hex file...
"..\Obj\Phone.axf" - 0 Error(s), 4 Warning(s).
Build target 'uCOS_GUI'
linking...
Program Size: Code=7142 RO-data=594 RW-data=124 ZI-data=7612  
FromELF: creating hex file...
"..\Obj\Phone.axf" - 0 Error(s), 0 Warning(s).
Build target 'uCOS_GUI'
linking...
Program Size: Code=7142 RO-data=594 RW-data=124 ZI-data=7612  
FromELF: creating hex file...
"..\Obj\Phone.axf" - 0 Error(s), 0 Warning(s).
Build target 'uCOS_GUI'
linking...
Program Size: Code=7142 RO-data=594 RW-data=124 ZI-data=7612  
FromELF: creating hex file...
"..\Obj\Phone.axf" - 0 Error(s), 0 Warning(s).
