<html>
<body>
<pre>
<h1>礦ision Build Log</h1>
<h2>Project:</h2>
F:\(9)程序备份\2014.5省机器人\uCOS_Car.5.16.23.06\uCOS_Car\Project\Phone.uvproj
Project File Date:  05/07/2014

<h2>Output:</h2>
Build target 'uCOS_Car'
linking...
Program Size: Code=12798 RO-data=594 RW-data=136 ZI-data=8632  
FromELF: creating hex file...
"..\Obj\Phone.axf" - 0 Error(s), 0 Warning(s).
Build target 'uCOS_Car'
compiling App.c...
..\Source\APP\App.c(105): warning:  #177-D: variable "err" was declared but never referenced
..\Source\APP\App.c(176): warning:  #177-D: variable "err" was declared but never referenced
..\Source\APP\App.c(215): warning:  #177-D: variable "err" was declared but never referenced
..\Source\APP\App.c(228): warning:  #177-D: variable "err" was declared but never referenced
..\Source\APP\App.c(253): warning:  #177-D: variable "err" was declared but never referenced
..\Source\APP\App.c(278): warning:  #177-D: variable "err" was declared but never referenced
linking...
Program Size: Code=12798 RO-data=594 RW-data=136 ZI-data=8632  
FromELF: creating hex file...
"..\Obj\Phone.axf" - 0 Error(s), 6 Warning(s).
Load "..\\Obj\\Phone.AXF" 
* JLink Info: Device "STM32F103VE" selected (512 KB flash, 64 KB RAM).
Set JLink Project File to "F:\(9)程序备份\2014.5省机器人\uCOS_Car.5.16.23.06\uCOS_Car\Project\JLinkSettings.ini"
 
JLink info:
------------
DLL: V4.50j, compiled Jun 26 2012 09:19:07
Firmware: J-Link ARM V8 compiled Nov 14 2012 22:34:52
Hardware: V8.00
S/N : 58001139 
Feature(s) : RDI,FlashDL,FlashBP,JFlash 
 
* JLink Info: STM32F1xxx: Can not attach to CPU. Trying connect under reset.
**JLink Warning: RESET (pin 15) high, but should be low. Please check target hardware.
***JLink Error: Supply voltage too low (1 Volt is required, Measured: 0.0 Volt).
Please check target power.
Build target 'uCOS_Car'
linking...
Program Size: Code=12798 RO-data=594 RW-data=136 ZI-data=8632  
FromELF: creating hex file...
"..\Obj\Phone.axf" - 0 Error(s), 0 Warning(s).
Load "..\\Obj\\Phone.AXF" 
* JLink Info: Device "STM32F103VE" selected (512 KB flash, 64 KB RAM).
Set JLink Project File to "F:\(9)程序备份\2014.5省机器人\uCOS_Car.5.16.23.06\uCOS_Car\Project\JLinkSettings.ini"
 
JLink info:
------------
DLL: V4.50j, compiled Jun 26 2012 09:19:07
Firmware: J-Link ARM V8 compiled Nov 14 2012 22:34:52
Hardware: V8.00
S/N : 58001139 
Feature(s) : RDI,FlashDL,FlashBP,JFlash 
 
* JLink Info: Found SWD-DP with ID 0x1BA01477
* JLink Info: Found SWD-DP with ID 0x1BA01477
* JLink Info: TPIU fitted.
* JLink Info: ETM fitted.
* JLink Info: FPUnit: 6 code (BP) slots and 2 literal slots
* JLink Info: Found Cortex-M3 r1p1, Little endian.
ROMTableAddr = 0xE00FF003
 
Target info:
------------
Device: STM32F103VE
VTarget = 3.319V
State of Pins: 
TCK: 0, TDI: 1, TDO: 0, TMS: 1, TRES: 1, TRST: 1
Hardware-Breakpoints: 6
Software-Breakpoints: 8192
Watchpoints:          4
JTAG speed: 2000 kHz
 
Erase Done.
Programming Done.
Verify OK.
Build target 'uCOS_Car'
compiling App.c...
..\Source\APP\App.c(105): warning:  #177-D: variable "err" was declared but never referenced
..\Source\APP\App.c(176): warning:  #177-D: variable "err" was declared but never referenced
..\Source\APP\App.c(215): warning:  #177-D: variable "err" was declared but never referenced
..\Source\APP\App.c(228): warning:  #177-D: variable "err" was declared but never referenced
..\Source\APP\App.c(253): warning:  #177-D: variable "err" was declared but never referenced
..\Source\APP\App.c(278): warning:  #177-D: variable "err" was declared but never referenced
linking...
Program Size: Code=11138 RO-data=594 RW-data=132 ZI-data=8636  
FromELF: creating hex file...
"..\Obj\Phone.axf" - 0 Error(s), 6 Warning(s).
Load "..\\Obj\\Phone.AXF" 
* JLink Info: Device "STM32F103VE" selected (512 KB flash, 64 KB RAM).
Set JLink Project File to "F:\(9)程序备份\2014.5省机器人\uCOS_Car.5.16.23.06\uCOS_Car\Project\JLinkSettings.ini"
 
JLink info:
------------
DLL: V4.50j, compiled Jun 26 2012 09:19:07
Firmware: J-Link ARM V8 compiled Nov 14 2012 22:34:52
Hardware: V8.00
S/N : 58001139 
Feature(s) : RDI,FlashDL,FlashBP,JFlash 
 
* JLink Info: Found SWD-DP with ID 0x1BA01477
* JLink Info: Found SWD-DP with ID 0x1BA01477
* JLink Info: TPIU fitted.
* JLink Info: ETM fitted.
* JLink Info: FPUnit: 6 code (BP) slots and 2 literal slots
* JLink Info: Found Cortex-M3 r1p1, Little endian.
ROMTableAddr = 0xE00FF003
 
Target info:
------------
Device: STM32F103VE
VTarget = 3.319V
State of Pins: 
TCK: 0, TDI: 1, TDO: 0, TMS: 1, TRES: 1, TRST: 1
Hardware-Breakpoints: 6
Software-Breakpoints: 8192
Watchpoints:          4
JTAG speed: 2000 kHz
 
Erase Done.
Programming Done.
Verify OK.
Build target 'uCOS_Car'
compiling App.c...
..\Source\APP\App.c(105): warning:  #177-D: variable "err" was declared but never referenced
..\Source\APP\App.c(176): warning:  #177-D: variable "err" was declared but never referenced
..\Source\APP\App.c(215): warning:  #177-D: variable "err" was declared but never referenced
..\Source\APP\App.c(228): warning:  #177-D: variable "err" was declared but never referenced
..\Source\APP\App.c(253): warning:  #177-D: variable "err" was declared but never referenced
..\Source\APP\App.c(278): warning:  #177-D: variable "err" was declared but never referenced
linking...
Program Size: Code=10642 RO-data=594 RW-data=132 ZI-data=8636  
FromELF: creating hex file...
"..\Obj\Phone.axf" - 0 Error(s), 6 Warning(s).
Load "..\\Obj\\Phone.AXF" 
* JLink Info: Device "STM32F103VE" selected (512 KB flash, 64 KB RAM).
Set JLink Project File to "F:\(9)程序备份\2014.5省机器人\uCOS_Car.5.16.23.06\uCOS_Car\Project\JLinkSettings.ini"
 
JLink info:
------------
DLL: V4.50j, compiled Jun 26 2012 09:19:07
Firmware: J-Link ARM V8 compiled Nov 14 2012 22:34:52
Hardware: V8.00
S/N : 58001139 
Feature(s) : RDI,FlashDL,FlashBP,JFlash 
 
* JLink Info: Found SWD-DP with ID 0x1BA01477
* JLink Info: Found SWD-DP with ID 0x1BA01477
* JLink Info: TPIU fitted.
* JLink Info: ETM fitted.
* JLink Info: FPUnit: 6 code (BP) slots and 2 literal slots
* JLink Info: Found Cortex-M3 r1p1, Little endian.
ROMTableAddr = 0xE00FF003
 
Target info:
------------
Device: STM32F103VE
VTarget = 3.319V
State of Pins: 
TCK: 0, TDI: 1, TDO: 0, TMS: 1, TRES: 1, TRST: 1
Hardware-Breakpoints: 6
Software-Breakpoints: 8192
Watchpoints:          4
JTAG speed: 2000 kHz
 
Erase Done.
***JLink Error: Can not read register 15 (R15) while CPU is running
**JLink Warning: CPU could not be halted
***JLink Error: Could not read memory location 0x20000000 when trying to clear soft RAM BP
Could not start CPU core. (ErrorCode: -1)
***JLink Error: Can not read register 20 (CFBP) while CPU is running
**JLink Warning: CPU could not be halted
***JLink Error: Could not start CPU core. (ErrorCode: -1)
***JLink Error: Target system has no power.
* JLink Info: STM32F1xxx: Can not attach to CPU. Trying connect under reset.
**JLink Warning: RESET (pin 15) high, but should be low. Please check target hardware.
***JLink Error: Supply voltage too low (1 Volt is required, Measured: 0.0 Volt).
Please check target power.
Programming Failed!
Build target 'uCOS_Car'
linking...
Program Size: Code=10642 RO-data=594 RW-data=132 ZI-data=8636  
FromELF: creating hex file...
"..\Obj\Phone.axf" - 0 Error(s), 0 Warning(s).
Load "..\\Obj\\Phone.AXF" 
* JLink Info: Device "STM32F103VE" selected (512 KB flash, 64 KB RAM).
Set JLink Project File to "F:\(9)程序备份\2014.5省机器人\uCOS_Car.5.16.23.06\uCOS_Car\Project\JLinkSettings.ini"
 
JLink info:
------------
DLL: V4.50j, compiled Jun 26 2012 09:19:07
Firmware: J-Link ARM V8 compiled Nov 14 2012 22:34:52
Hardware: V8.00
S/N : 58001139 
Feature(s) : RDI,FlashDL,FlashBP,JFlash 
 
* JLink Info: Found SWD-DP with ID 0x1BA01477
* JLink Info: Found SWD-DP with ID 0x1BA01477
* JLink Info: TPIU fitted.
* JLink Info: ETM fitted.
* JLink Info: FPUnit: 6 code (BP) slots and 2 literal slots
* JLink Info: Found Cortex-M3 r1p1, Little endian.
ROMTableAddr = 0xE00FF003
 
Target info:
------------
Device: STM32F103VE
VTarget = 3.319V
State of Pins: 
TCK: 0, TDI: 1, TDO: 0, TMS: 1, TRES: 1, TRST: 1
Hardware-Breakpoints: 6
Software-Breakpoints: 8192
Watchpoints:          4
JTAG speed: 2000 kHz
 
Erase Done.
Programming Done.
Verify OK.
Build target 'uCOS_Car'
compiling condition.c...
linking...
Program Size: Code=10642 RO-data=594 RW-data=132 ZI-data=8636  
FromELF: creating hex file...
"..\Obj\Phone.axf" - 0 Error(s), 0 Warning(s).
Build target 'uCOS_Car'
linking...
Program Size: Code=10642 RO-data=594 RW-data=132 ZI-data=8636  
FromELF: creating hex file...
"..\Obj\Phone.axf" - 0 Error(s), 0 Warning(s).
