<html>
<body>
<pre>
<h1>礦ision Build Log</h1>
<h2>Project:</h2>
C:\Users\Phone\Desktop\1科技文化节\(7)uCOS_GUI_twoCHild\uCOS_GUI\Project\Phone.uvproj
Project File Date:  04/10/2014

<h2>Output:</h2>
Build target 'uCOS_GUI'
compiling App.c...
..\Source\APP\App.c(80): warning:  #177-D: variable "err" was declared but never referenced
..\Source\APP\App.c(140): warning:  #177-D: variable "err" was declared but never referenced
..\Source\APP\App.c(230): warning:  #177-D: variable "err" was declared but never referenced
..\Source\APP\App.c(263): warning:  #177-D: variable "err" was declared but never referenced
..\Source\APP\App.c(300): warning:  #223-D: function "NRF24L01_Init" declared implicitly
..\Source\APP\App.c(305): warning:  #223-D: function "NRF24L01_Check" declared implicitly
..\Source\APP\App.c(311): warning:  #223-D: function "RX_Mode" declared implicitly
..\Source\APP\App.c(314): warning:  #223-D: function "NRF24L01_RxPacket" declared implicitly
..\Source\APP\App.c(345): warning:  #223-D: function "TX_Mode" declared implicitly
..\Source\APP\App.c(356): warning:  #223-D: function "NRF24L01_TxPacket" declared implicitly
..\Source\APP\App.c(286): warning:  #177-D: variable "err" was declared but never referenced
..\Source\APP\App.c(290): warning:  #177-D: variable "temp3" was declared but never referenced
..\Source\APP\App.c(290): warning:  #177-D: variable "temp4" was declared but never referenced
linking...
Program Size: Code=37174 RO-data=97162 RW-data=392 ZI-data=17728  
FromELF: creating hex file...
"..\Obj\Phone.axf" - 0 Error(s), 13 Warning(s).
Load "..\\Obj\\Phone.AXF" 
* JLink Info: Device "STM32F103VE" selected (512 KB flash, 64 KB RAM).
Set JLink Project File to "C:\Users\Phone\Desktop\1科技文化节\(7)uCOS_GUI_twoCHild\uCOS_GUI\Project\JLinkSettings.ini"
 
JLink info:
------------
DLL: V4.50j, compiled Jun 26 2012 09:19:07
Firmware: J-Link ARM V8 compiled Nov 14 2012 22:34:52
Hardware: V8.00
S/N : 799713843 
Feature(s) : RDI,FlashDL,FlashBP,JFlash,GDBFULL 
 
* JLink Info: Found SWD-DP with ID 0x1BA01477
* JLink Info: Found SWD-DP with ID 0x1BA01477
* JLink Info: TPIU fitted.
* JLink Info: ETM fitted.
* JLink Info: FPUnit: 6 code (BP) slots and 2 literal slots
* JLink Info: Found Cortex-M3 r1p1, Little endian.
ROMTableAddr = 0xE00FF003
 
Target info:
------------
Device: STM32F103VE
VTarget = 3.222V
State of Pins: 
TCK: 0, TDI: 0, TDO: 0, TMS: 1, TRES: 1, TRST: 1
Hardware-Breakpoints: 6
Software-Breakpoints: 8192
Watchpoints:          4
JTAG speed: 2000 kHz
 
Erase Done.
Programming Done.
Verify OK.
Build target 'uCOS_GUI'
compiling App.c...
..\Source\APP\App.c(80): warning:  #177-D: variable "err" was declared but never referenced
..\Source\APP\App.c(140): warning:  #177-D: variable "err" was declared but never referenced
..\Source\APP\App.c(230): warning:  #177-D: variable "err" was declared but never referenced
..\Source\APP\App.c(263): warning:  #177-D: variable "err" was declared but never referenced
..\Source\APP\App.c(300): warning:  #223-D: function "NRF24L01_Init" declared implicitly
..\Source\APP\App.c(305): warning:  #223-D: function "NRF24L01_Check" declared implicitly
..\Source\APP\App.c(311): warning:  #223-D: function "RX_Mode" declared implicitly
..\Source\APP\App.c(314): warning:  #223-D: function "NRF24L01_RxPacket" declared implicitly
..\Source\APP\App.c(345): warning:  #223-D: function "TX_Mode" declared implicitly
..\Source\APP\App.c(356): warning:  #223-D: function "NRF24L01_TxPacket" declared implicitly
..\Source\APP\App.c(286): warning:  #177-D: variable "err" was declared but never referenced
..\Source\APP\App.c(290): warning:  #177-D: variable "temp3" was declared but never referenced
..\Source\APP\App.c(290): warning:  #177-D: variable "temp4" was declared but never referenced
compiling news.c...
..\Source\ITFace\news.c(106): warning:  #111-D: statement is unreachable
linking...
Program Size: Code=37194 RO-data=97162 RW-data=392 ZI-data=17728  
FromELF: creating hex file...
"..\Obj\Phone.axf" - 0 Error(s), 14 Warning(s).
Load "..\\Obj\\Phone.AXF" 
* JLink Info: Device "STM32F103VE" selected (512 KB flash, 64 KB RAM).
Set JLink Project File to "C:\Users\Phone\Desktop\1科技文化节\(7)uCOS_GUI_twoCHild\uCOS_GUI\Project\JLinkSettings.ini"
 
JLink info:
------------
DLL: V4.50j, compiled Jun 26 2012 09:19:07
Firmware: J-Link ARM V8 compiled Nov 14 2012 22:34:52
Hardware: V8.00
S/N : 799713843 
Feature(s) : RDI,FlashDL,FlashBP,JFlash,GDBFULL 
 
* JLink Info: Found SWD-DP with ID 0x1BA01477
* JLink Info: Found SWD-DP with ID 0x1BA01477
* JLink Info: TPIU fitted.
* JLink Info: ETM fitted.
* JLink Info: FPUnit: 6 code (BP) slots and 2 literal slots
* JLink Info: Found Cortex-M3 r1p1, Little endian.
ROMTableAddr = 0xE00FF003
 
Target info:
------------
Device: STM32F103VE
VTarget = 3.222V
State of Pins: 
TCK: 0, TDI: 0, TDO: 0, TMS: 1, TRES: 1, TRST: 1
Hardware-Breakpoints: 6
Software-Breakpoints: 8192
Watchpoints:          4
JTAG speed: 2000 kHz
 
Erase Done.
Programming Done.
Verify OK.
Load "..\\Obj\\Phone.AXF" 
* JLink Info: Device "STM32F103VE" selected (512 KB flash, 64 KB RAM).
Set JLink Project File to "C:\Users\Phone\Desktop\1科技文化节\(7)uCOS_GUI_twoCHild\uCOS_GUI\Project\JLinkSettings.ini"
 
JLink info:
------------
DLL: V4.50j, compiled Jun 26 2012 09:19:07
Firmware: J-Link ARM V8 compiled Nov 14 2012 22:34:52
Hardware: V8.00
S/N : 799713843 
Feature(s) : RDI,FlashDL,FlashBP,JFlash,GDBFULL 
 
* JLink Info: Found SWD-DP with ID 0x1BA01477
* JLink Info: Found SWD-DP with ID 0x1BA01477
* JLink Info: TPIU fitted.
* JLink Info: ETM fitted.
* JLink Info: FPUnit: 6 code (BP) slots and 2 literal slots
* JLink Info: Found Cortex-M3 r1p1, Little endian.
ROMTableAddr = 0xE00FF003
 
Target info:
------------
Device: STM32F103VE
VTarget = 3.222V
State of Pins: 
TCK: 0, TDI: 0, TDO: 0, TMS: 1, TRES: 1, TRST: 1
Hardware-Breakpoints: 6
Software-Breakpoints: 8192
Watchpoints:          4
JTAG speed: 2000 kHz
 
Erase Done.
Programming Done.
Verify OK.
Build target 'uCOS_GUI'
compiling App.c...
..\Source\APP\App.c(80): warning:  #177-D: variable "err" was declared but never referenced
..\Source\APP\App.c(140): warning:  #177-D: variable "err" was declared but never referenced
..\Source\APP\App.c(230): warning:  #177-D: variable "err" was declared but never referenced
..\Source\APP\App.c(263): warning:  #177-D: variable "err" was declared but never referenced
..\Source\APP\App.c(300): warning:  #223-D: function "NRF24L01_Init" declared implicitly
..\Source\APP\App.c(305): warning:  #223-D: function "NRF24L01_Check" declared implicitly
..\Source\APP\App.c(311): warning:  #223-D: function "RX_Mode" declared implicitly
..\Source\APP\App.c(314): warning:  #223-D: function "NRF24L01_RxPacket" declared implicitly
..\Source\APP\App.c(345): warning:  #223-D: function "TX_Mode" declared implicitly
..\Source\APP\App.c(356): warning:  #223-D: function "NRF24L01_TxPacket" declared implicitly
..\Source\APP\App.c(286): warning:  #177-D: variable "err" was declared but never referenced
..\Source\APP\App.c(290): warning:  #177-D: variable "temp3" was declared but never referenced
..\Source\APP\App.c(290): warning:  #177-D: variable "temp4" was declared but never referenced
linking...
Program Size: Code=37198 RO-data=97162 RW-data=392 ZI-data=17728  
FromELF: creating hex file...
"..\Obj\Phone.axf" - 0 Error(s), 13 Warning(s).
Build target 'uCOS_GUI'
linking...
Program Size: Code=37198 RO-data=97162 RW-data=392 ZI-data=17728  
FromELF: creating hex file...
"..\Obj\Phone.axf" - 0 Error(s), 0 Warning(s).
Build target 'uCOS_GUI'
compiling App.c...
..\Source\APP\App.c(80): warning:  #177-D: variable "err" was declared but never referenced
..\Source\APP\App.c(140): warning:  #177-D: variable "err" was declared but never referenced
..\Source\APP\App.c(230): warning:  #177-D: variable "err" was declared but never referenced
..\Source\APP\App.c(263): warning:  #177-D: variable "err" was declared but never referenced
..\Source\APP\App.c(300): warning:  #223-D: function "NRF24L01_Init" declared implicitly
..\Source\APP\App.c(305): warning:  #223-D: function "NRF24L01_Check" declared implicitly
..\Source\APP\App.c(311): warning:  #223-D: function "RX_Mode" declared implicitly
..\Source\APP\App.c(314): warning:  #223-D: function "NRF24L01_RxPacket" declared implicitly
..\Source\APP\App.c(345): warning:  #223-D: function "TX_Mode" declared implicitly
..\Source\APP\App.c(356): warning:  #223-D: function "NRF24L01_TxPacket" declared implicitly
..\Source\APP\App.c(286): warning:  #177-D: variable "err" was declared but never referenced
..\Source\APP\App.c(290): warning:  #177-D: variable "temp3" was declared but never referenced
..\Source\APP\App.c(290): warning:  #177-D: variable "temp4" was declared but never referenced
linking...
Program Size: Code=37194 RO-data=97162 RW-data=392 ZI-data=17728  
FromELF: creating hex file...
"..\Obj\Phone.axf" - 0 Error(s), 13 Warning(s).
Load "..\\Obj\\Phone.AXF" 
* JLink Info: Device "STM32F103VE" selected (512 KB flash, 64 KB RAM).
Set JLink Project File to "C:\Users\Phone\Desktop\1科技文化节\(7)uCOS_GUI_twoCHild\uCOS_GUI\Project\JLinkSettings.ini"
 
JLink info:
------------
DLL: V4.50j, compiled Jun 26 2012 09:19:07
Firmware: J-Link ARM V8 compiled Nov 14 2012 22:34:52
Hardware: V8.00
S/N : 799713843 
Feature(s) : RDI,FlashDL,FlashBP,JFlash,GDBFULL 
 
* JLink Info: Found SWD-DP with ID 0x1BA01477
* JLink Info: Found SWD-DP with ID 0x1BA01477
* JLink Info: TPIU fitted.
* JLink Info: ETM fitted.
* JLink Info: FPUnit: 6 code (BP) slots and 2 literal slots
* JLink Info: Found Cortex-M3 r1p1, Little endian.
ROMTableAddr = 0xE00FF003
 
Target info:
------------
Device: STM32F103VE
VTarget = 3.222V
State of Pins: 
TCK: 0, TDI: 1, TDO: 0, TMS: 1, TRES: 1, TRST: 1
Hardware-Breakpoints: 6
Software-Breakpoints: 8192
Watchpoints:          4
JTAG speed: 2000 kHz
 
Erase Done.
Programming Done.
Verify OK.
compiling App.c...
..\Source\APP\App.c(80): warning:  #177-D: variable "err" was declared but never referenced
..\Source\APP\App.c(140): warning:  #177-D: variable "err" was declared but never referenced
..\Source\APP\App.c(230): warning:  #177-D: variable "err" was declared but never referenced
..\Source\APP\App.c(263): warning:  #177-D: variable "err" was declared but never referenced
..\Source\APP\App.c(300): warning:  #223-D: function "NRF24L01_Init" declared implicitly
..\Source\APP\App.c(305): warning:  #223-D: function "NRF24L01_Check" declared implicitly
..\Source\APP\App.c(311): warning:  #223-D: function "RX_Mode" declared implicitly
..\Source\APP\App.c(314): warning:  #223-D: function "NRF24L01_RxPacket" declared implicitly
..\Source\APP\App.c(340): warning:  #223-D: function "TX_Mode" declared implicitly
..\Source\APP\App.c(351): warning:  #223-D: function "NRF24L01_TxPacket" declared implicitly
..\Source\APP\App.c(286): warning:  #177-D: variable "err" was declared but never referenced
..\Source\APP\App.c(290): warning:  #550-D: variable "temp1" was set but never used
..\Source\APP\App.c(290): warning:  #177-D: variable "temp3" was declared but never referenced
..\Source\APP\App.c(290): warning:  #177-D: variable "temp4" was declared but never referenced
Build target 'uCOS_GUI'
linking...
Program Size: Code=37166 RO-data=97162 RW-data=392 ZI-data=17728  
FromELF: creating hex file...
"..\Obj\Phone.axf" - 0 Error(s), 0 Warning(s).
