<!doctype html public "-//w3c//dtd html 4.0 transitional//en">
<html><head>
<title>Static Call Graph - [..\Obj\Phone.axf]</title></head>
<body><HR>
<H1>Static Call Graph for image ..\Obj\Phone.axf</H1><HR>
<BR><P>#&#060CALLGRAPH&#062# ARM Linker, 5.03 [Build 76]: Last Updated: Thu Dec 04 14:52:26 2014
<BR><P>
<H3>Maximum Stack Usage =        700 bytes + Unknown(Functions without stacksize, Cycles, Untraceable Function Pointers)</H3><H3>
Call chain for Maximum Stack Depth:</H3>
AppTaskUserIF &rArr; MainTask &rArr; change &rArr; GUIDEMO_ShowIntro &rArr; GUIDEMO_Delay &rArr; GUIDEMO_CheckCancel &rArr; GUI_Delay &rArr; GUI_Exec &rArr; GUI_Exec1 &rArr; WM_Exec &rArr; WM_Exec1 &rArr; _Paint &rArr; GUI_MEMDEV_Draw &rArr; GUI_MEMDEV_CreateEx &rArr; GUI_MEMDEV__CreateFixed &rArr; GUI_USAGE_BM_Create &rArr; GUI_ALLOC_AllocZero &rArr; GUI_ALLOC_AllocNoInit &rArr; GUI_Unlock &rArr; GUI_X_Unlock &rArr; OSSemPost &rArr; OS_EventTaskRdy &rArr; OS_EventTaskRemove
<P>
<H3>
Functions with no stack information
</H3><UL>
 <LI><a href="#[222]">__user_initial_stackheap</a>
 <LI><a href="#[27e]">OS_CPU_SR_Save</a>
 <LI><a href="#[281]">OS_CPU_SR_Restore</a>
 <LI><a href="#[28a]">OSStartHighRdy</a>
 <LI><a href="#[29a]">OSCtxSw</a>
 <LI><a href="#[280]">OSIntCtxSw</a>
 <LI><a href="#[b]">PendSV_Handler</a>
</UL>
</UL>
<P>
<H3>
Mutually Recursive functions
</H3> <LI><a href="#[1f]">ADC1_2_IRQHandler</a>&nbsp;&nbsp;&nbsp;&rArr;&nbsp;&nbsp;&nbsp;<a href="#[1f]">ADC1_2_IRQHandler</a><BR>
 <LI><a href="#[1ae]">WM__ForEachDesc</a>&nbsp;&nbsp;&nbsp;&rArr;&nbsp;&nbsp;&nbsp;<a href="#[138]">WM_ForEachDesc</a><BR>
 <LI><a href="#[1fc]">WM_ResizeWindow</a>&nbsp;&nbsp;&nbsp;&rArr;&nbsp;&nbsp;&nbsp;<a href="#[19e]">WM__UpdateChildPositions</a><BR>
 <LI><a href="#[20c]">_MoveDescendents</a>&nbsp;&nbsp;&nbsp;&rArr;&nbsp;&nbsp;&nbsp;<a href="#[20c]">_MoveDescendents</a><BR>
 <LI><a href="#[124]">_Findx1</a>&nbsp;&nbsp;&nbsp;&rArr;&nbsp;&nbsp;&nbsp;<a href="#[124]">_Findx1</a><BR>
 <LI><a href="#[123]">_Findx0</a>&nbsp;&nbsp;&nbsp;&rArr;&nbsp;&nbsp;&nbsp;<a href="#[123]">_Findx0</a><BR>
 <LI><a href="#[121]">_Findy1</a>&nbsp;&nbsp;&nbsp;&rArr;&nbsp;&nbsp;&nbsp;<a href="#[121]">_Findy1</a><BR>
 <LI><a href="#[202]">_Screen2hWin</a>&nbsp;&nbsp;&nbsp;&rArr;&nbsp;&nbsp;&nbsp;<a href="#[202]">_Screen2hWin</a><BR>
 <LI><a href="#[11e]">_DeleteAllChildren</a>&nbsp;&nbsp;&nbsp;&rArr;&nbsp;&nbsp;&nbsp;<a href="#[11d]">WM_DeleteWindow</a><BR>
 <LI><a href="#[12d]">_PaintTransChildren</a>&nbsp;&nbsp;&nbsp;&rArr;&nbsp;&nbsp;&nbsp;<a href="#[12d]">_PaintTransChildren</a><BR>
</UL>
<P>
<H3>
Function Pointers
</H3><UL>
 <LI><a href="#[1f]">ADC1_2_IRQHandler</a> from startup_stm32f10x_hd.o(.text) referenced from startup_stm32f10x_hd.o(RESET)
 <LI><a href="#[3c]">ADC3_IRQHandler</a> from startup_stm32f10x_hd.o(.text) referenced from startup_stm32f10x_hd.o(RESET)
 <LI><a href="#[52]">AppTaskKbd</a> from app.o(i.AppTaskKbd) referenced from app.o(i.AppTaskCreate)
 <LI><a href="#[59]">AppTaskStart</a> from app.o(i.AppTaskStart) referenced from app.o(i.main)
 <LI><a href="#[51]">AppTaskUserIF</a> from app.o(i.AppTaskUserIF) referenced from app.o(i.AppTaskCreate)
 <LI><a href="#[f1]">BUTTON_Callback</a> from button.o(.text) referenced from button.o(.text)
 <LI><a href="#[7]">BusFault_Handler</a> from stm32f10x_it.o(i.BusFault_Handler) referenced from startup_stm32f10x_hd.o(RESET)
 <LI><a href="#[22]">CAN1_RX1_IRQHandler</a> from startup_stm32f10x_hd.o(.text) referenced from startup_stm32f10x_hd.o(RESET)
 <LI><a href="#[23]">CAN1_SCE_IRQHandler</a> from startup_stm32f10x_hd.o(.text) referenced from startup_stm32f10x_hd.o(RESET)
 <LI><a href="#[18]">DMA1_Channel1_IRQHandler</a> from startup_stm32f10x_hd.o(.text) referenced from startup_stm32f10x_hd.o(RESET)
 <LI><a href="#[19]">DMA1_Channel2_IRQHandler</a> from startup_stm32f10x_hd.o(.text) referenced from startup_stm32f10x_hd.o(RESET)
 <LI><a href="#[1a]">DMA1_Channel3_IRQHandler</a> from startup_stm32f10x_hd.o(.text) referenced from startup_stm32f10x_hd.o(RESET)
 <LI><a href="#[1b]">DMA1_Channel4_IRQHandler</a> from startup_stm32f10x_hd.o(.text) referenced from startup_stm32f10x_hd.o(RESET)
 <LI><a href="#[1c]">DMA1_Channel5_IRQHandler</a> from startup_stm32f10x_hd.o(.text) referenced from startup_stm32f10x_hd.o(RESET)
 <LI><a href="#[1d]">DMA1_Channel6_IRQHandler</a> from startup_stm32f10x_hd.o(.text) referenced from startup_stm32f10x_hd.o(RESET)
 <LI><a href="#[1e]">DMA1_Channel7_IRQHandler</a> from startup_stm32f10x_hd.o(.text) referenced from startup_stm32f10x_hd.o(RESET)
 <LI><a href="#[45]">DMA2_Channel1_IRQHandler</a> from startup_stm32f10x_hd.o(.text) referenced from startup_stm32f10x_hd.o(RESET)
 <LI><a href="#[46]">DMA2_Channel2_IRQHandler</a> from startup_stm32f10x_hd.o(.text) referenced from startup_stm32f10x_hd.o(RESET)
 <LI><a href="#[47]">DMA2_Channel3_IRQHandler</a> from startup_stm32f10x_hd.o(.text) referenced from startup_stm32f10x_hd.o(RESET)
 <LI><a href="#[48]">DMA2_Channel4_5_IRQHandler</a> from startup_stm32f10x_hd.o(.text) referenced from startup_stm32f10x_hd.o(RESET)
 <LI><a href="#[a]">DebugMon_Handler</a> from stm32f10x_it.o(i.DebugMon_Handler) referenced from startup_stm32f10x_hd.o(RESET)
 <LI><a href="#[13]">EXTI0_IRQHandler</a> from startup_stm32f10x_hd.o(.text) referenced from startup_stm32f10x_hd.o(RESET)
 <LI><a href="#[35]">EXTI15_10_IRQHandler</a> from startup_stm32f10x_hd.o(.text) referenced from startup_stm32f10x_hd.o(RESET)
 <LI><a href="#[14]">EXTI1_IRQHandler</a> from startup_stm32f10x_hd.o(.text) referenced from startup_stm32f10x_hd.o(RESET)
 <LI><a href="#[15]">EXTI2_IRQHandler</a> from startup_stm32f10x_hd.o(.text) referenced from startup_stm32f10x_hd.o(RESET)
 <LI><a href="#[16]">EXTI3_IRQHandler</a> from startup_stm32f10x_hd.o(.text) referenced from startup_stm32f10x_hd.o(RESET)
 <LI><a href="#[17]">EXTI4_IRQHandler</a> from startup_stm32f10x_hd.o(.text) referenced from startup_stm32f10x_hd.o(RESET)
 <LI><a href="#[24]">EXTI9_5_IRQHandler</a> from startup_stm32f10x_hd.o(.text) referenced from startup_stm32f10x_hd.o(RESET)
 <LI><a href="#[11]">FLASH_IRQHandler</a> from startup_stm32f10x_hd.o(.text) referenced from startup_stm32f10x_hd.o(RESET)
 <LI><a href="#[3d]">FSMC_IRQHandler</a> from startup_stm32f10x_hd.o(.text) referenced from startup_stm32f10x_hd.o(RESET)
 <LI><a href="#[60]">GUIMONO_DispChar</a> from guicharm.o(.text) referenced 2 times from f8x16.o(.constdata)
 <LI><a href="#[61]">GUIMONO_GetCharDistX</a> from guicharm.o(.text) referenced 2 times from f8x16.o(.constdata)
 <LI><a href="#[62]">GUIMONO_GetFontInfo</a> from guicharm.o(.text) referenced 2 times from f8x16.o(.constdata)
 <LI><a href="#[63]">GUIMONO_IsInFont</a> from guicharm.o(.text) referenced 2 times from f8x16.o(.constdata)
 <LI><a href="#[5c]">GUIPROP_DispChar</a> from guicharp.o(.text) referenced 6 times from f08_ascii.o(.constdata)
 <LI><a href="#[5d]">GUIPROP_GetCharDistX</a> from guicharp.o(.text) referenced 6 times from f08_ascii.o(.constdata)
 <LI><a href="#[5e]">GUIPROP_GetFontInfo</a> from guicharp.o(.text) referenced 6 times from f08_ascii.o(.constdata)
 <LI><a href="#[5f]">GUIPROP_IsInFont</a> from guicharp.o(.text) referenced 6 times from f08_ascii.o(.constdata)
 <LI><a href="#[74]">GUI_MEMDEV__Color2Index</a> from guidev.o(.text) referenced from guidev_16.o(.constdata)
 <LI><a href="#[76]">GUI_MEMDEV__GetIndexMask</a> from guidev.o(.text) referenced from guidev_16.o(.constdata)
 <LI><a href="#[7c]">GUI_MEMDEV__GetRect</a> from guidev.o(.text) referenced from guidev_16.o(.constdata)
 <LI><a href="#[75]">GUI_MEMDEV__Index2Color</a> from guidev.o(.text) referenced from guidev_16.o(.constdata)
 <LI><a href="#[85]">GUI_USAGE_BM_AddHLine</a> from guidev_usagebm.o(.text) referenced from guidev_usagebm.o(.constdata)
 <LI><a href="#[84]">GUI_USAGE_BM_AddPixel</a> from guidev_usagebm.o(.text) referenced from guidev_usagebm.o(.constdata)
 <LI><a href="#[86]">GUI_USAGE_BM_Clear</a> from guidev_usagebm.o(.text) referenced from guidev_usagebm.o(.constdata)
 <LI><a href="#[88]">GUI_USAGE_BM_GetNextDirty</a> from guidev_usagebm.o(.text) referenced from guidev_usagebm.o(.constdata)
 <LI><a href="#[5]">HardFault_Handler</a> from stm32f10x_it.o(i.HardFault_Handler) referenced from startup_stm32f10x_hd.o(RESET)
 <LI><a href="#[2d]">I2C1_ER_IRQHandler</a> from startup_stm32f10x_hd.o(.text) referenced from startup_stm32f10x_hd.o(RESET)
 <LI><a href="#[2c]">I2C1_EV_IRQHandler</a> from startup_stm32f10x_hd.o(.text) referenced from startup_stm32f10x_hd.o(RESET)
 <LI><a href="#[2f]">I2C2_ER_IRQHandler</a> from startup_stm32f10x_hd.o(.text) referenced from startup_stm32f10x_hd.o(RESET)
 <LI><a href="#[2e]">I2C2_EV_IRQHandler</a> from startup_stm32f10x_hd.o(.text) referenced from startup_stm32f10x_hd.o(RESET)
 <LI><a href="#[5a]">LCD_DrawHLine</a> from lcd.o(.text) referenced from guicore.o(.constdata)
 <LI><a href="#[5b]">LCD_DrawPixel</a> from lcd.o(.text) referenced from guicore.o(.constdata)
 <LI><a href="#[68]">LCD_L0_Color2Index</a> from lcd_l0_generic.o(.text) referenced from lcd_api.o(.constdata)
 <LI><a href="#[6b]">LCD_L0_DrawBitmap</a> from ili9320_ucgui.o(i.LCD_L0_DrawBitmap) referenced from lcd_api.o(.constdata)
 <LI><a href="#[6c]">LCD_L0_DrawHLine</a> from ili9320_ucgui.o(i.LCD_L0_DrawHLine) referenced from lcd_api.o(.constdata)
 <LI><a href="#[6d]">LCD_L0_DrawVLine</a> from ili9320_ucgui.o(i.LCD_L0_DrawVLine) referenced from lcd_api.o(.constdata)
 <LI><a href="#[6e]">LCD_L0_FillRect</a> from ili9320_ucgui.o(i.LCD_L0_FillRect) referenced from lcd_api.o(.constdata)
 <LI><a href="#[6a]">LCD_L0_GetIndexMask</a> from lcd_l0_generic.o(.text) referenced from lcd_api.o(.constdata)
 <LI><a href="#[6f]">LCD_L0_GetPixelIndex</a> from ili9320_ucgui.o(i.LCD_L0_GetPixelIndex) referenced from lcd_api.o(.constdata)
 <LI><a href="#[70]">LCD_L0_GetRect</a> from lcd_l0_generic.o(.text) referenced from lcd_api.o(.constdata)
 <LI><a href="#[69]">LCD_L0_Index2Color</a> from lcd_l0_generic.o(.text) referenced from lcd_api.o(.constdata)
 <LI><a href="#[73]">LCD_L0_SetLUTEntry</a> from ili9320_ucgui.o(i.LCD_L0_SetLUTEntry) referenced from lcd_api.o(.constdata)
 <LI><a href="#[71]">LCD_L0_SetPixelIndex</a> from ili9320_ucgui.o(i.LCD_L0_SetPixelIndex) referenced from lcd_api.o(.constdata)
 <LI><a href="#[72]">LCD_L0_XorPixel</a> from ili9320_ucgui.o(i.LCD_L0_XorPixel) referenced from lcd_api.o(.constdata)
 <LI><a href="#[6]">MemManage_Handler</a> from stm32f10x_it.o(i.MemManage_Handler) referenced from startup_stm32f10x_hd.o(RESET)
 <LI><a href="#[4]">NMI_Handler</a> from stm32f10x_it.o(i.NMI_Handler) referenced from startup_stm32f10x_hd.o(RESET)
 <LI><a href="#[4b]">OSTaskSwHook</a> from os_cpu_c.o(i.OSTaskSwHook) referenced from os_cpu_a.o(.text)
 <LI><a href="#[56]">OSTmr_Task</a> from os_tmr.o(i.OSTmr_Task) referenced from os_tmr.o(i.OSTmr_InitTask)
 <LI><a href="#[57]">OS_TaskIdle</a> from os_core.o(i.OS_TaskIdle) referenced from os_core.o(i.OS_InitTaskIdle)
 <LI><a href="#[58]">OS_TaskStat</a> from os_core.o(i.OS_TaskStat) referenced from os_core.o(i.OS_InitTaskStat)
 <LI><a href="#[e]">PVD_IRQHandler</a> from startup_stm32f10x_hd.o(.text) referenced from startup_stm32f10x_hd.o(RESET)
 <LI><a href="#[b]">PendSV_Handler</a> from os_cpu_a.o(.text) referenced from startup_stm32f10x_hd.o(RESET)
 <LI><a href="#[12]">RCC_IRQHandler</a> from startup_stm32f10x_hd.o(.text) referenced from startup_stm32f10x_hd.o(RESET)
 <LI><a href="#[36]">RTCAlarm_IRQHandler</a> from startup_stm32f10x_hd.o(.text) referenced from startup_stm32f10x_hd.o(RESET)
 <LI><a href="#[10]">RTC_IRQHandler</a> from startup_stm32f10x_hd.o(.text) referenced from startup_stm32f10x_hd.o(RESET)
 <LI><a href="#[3]">Reset_Handler</a> from startup_stm32f10x_hd.o(.text) referenced from startup_stm32f10x_hd.o(RESET)
 <LI><a href="#[3e]">SDIO_IRQHandler</a> from startup_stm32f10x_hd.o(.text) referenced from startup_stm32f10x_hd.o(RESET)
 <LI><a href="#[30]">SPI1_IRQHandler</a> from startup_stm32f10x_hd.o(.text) referenced from startup_stm32f10x_hd.o(RESET)
 <LI><a href="#[31]">SPI2_IRQHandler</a> from startup_stm32f10x_hd.o(.text) referenced from startup_stm32f10x_hd.o(RESET)
 <LI><a href="#[40]">SPI3_IRQHandler</a> from startup_stm32f10x_hd.o(.text) referenced from startup_stm32f10x_hd.o(RESET)
 <LI><a href="#[9]">SVC_Handler</a> from stm32f10x_it.o(i.SVC_Handler) referenced from startup_stm32f10x_hd.o(RESET)
 <LI><a href="#[55]">Signal</a> from app.o(i.Signal) referenced from app.o(i.AppTaskCreate)
 <LI><a href="#[c]">SysTick_Handler</a> from stm32f10x_it.o(i.SysTick_Handler) referenced from startup_stm32f10x_hd.o(RESET)
 <LI><a href="#[49]">SystemInit</a> from system_stm32f10x.o(i.SystemInit) referenced from startup_stm32f10x_hd.o(.text)
 <LI><a href="#[f]">TAMPER_IRQHandler</a> from startup_stm32f10x_hd.o(.text) referenced from startup_stm32f10x_hd.o(RESET)
 <LI><a href="#[25]">TIM1_BRK_IRQHandler</a> from startup_stm32f10x_hd.o(.text) referenced from startup_stm32f10x_hd.o(RESET)
 <LI><a href="#[28]">TIM1_CC_IRQHandler</a> from startup_stm32f10x_hd.o(.text) referenced from startup_stm32f10x_hd.o(RESET)
 <LI><a href="#[27]">TIM1_TRG_COM_IRQHandler</a> from startup_stm32f10x_hd.o(.text) referenced from startup_stm32f10x_hd.o(RESET)
 <LI><a href="#[26]">TIM1_UP_IRQHandler</a> from startup_stm32f10x_hd.o(.text) referenced from startup_stm32f10x_hd.o(RESET)
 <LI><a href="#[29]">TIM2_IRQHandler</a> from startup_stm32f10x_hd.o(.text) referenced from startup_stm32f10x_hd.o(RESET)
 <LI><a href="#[2a]">TIM3_IRQHandler</a> from startup_stm32f10x_hd.o(.text) referenced from startup_stm32f10x_hd.o(RESET)
 <LI><a href="#[2b]">TIM4_IRQHandler</a> from startup_stm32f10x_hd.o(.text) referenced from startup_stm32f10x_hd.o(RESET)
 <LI><a href="#[3f]">TIM5_IRQHandler</a> from startup_stm32f10x_hd.o(.text) referenced from startup_stm32f10x_hd.o(RESET)
 <LI><a href="#[43]">TIM6_IRQHandler</a> from startup_stm32f10x_hd.o(.text) referenced from startup_stm32f10x_hd.o(RESET)
 <LI><a href="#[44]">TIM7_IRQHandler</a> from startup_stm32f10x_hd.o(.text) referenced from startup_stm32f10x_hd.o(RESET)
 <LI><a href="#[38]">TIM8_BRK_IRQHandler</a> from startup_stm32f10x_hd.o(.text) referenced from startup_stm32f10x_hd.o(RESET)
 <LI><a href="#[3b]">TIM8_CC_IRQHandler</a> from startup_stm32f10x_hd.o(.text) referenced from startup_stm32f10x_hd.o(RESET)
 <LI><a href="#[3a]">TIM8_TRG_COM_IRQHandler</a> from startup_stm32f10x_hd.o(.text) referenced from startup_stm32f10x_hd.o(RESET)
 <LI><a href="#[39]">TIM8_UP_IRQHandler</a> from startup_stm32f10x_hd.o(.text) referenced from startup_stm32f10x_hd.o(RESET)
 <LI><a href="#[54]">Task_Com1</a> from app.o(i.Task_Com1) referenced from app.o(i.AppTaskCreate)
 <LI><a href="#[53]">Task_Led1</a> from app.o(i.Task_Led1) referenced from app.o(i.AppTaskCreate)
 <LI><a href="#[41]">UART4_IRQHandler</a> from startup_stm32f10x_hd.o(.text) referenced from startup_stm32f10x_hd.o(RESET)
 <LI><a href="#[42]">UART5_IRQHandler</a> from startup_stm32f10x_hd.o(.text) referenced from startup_stm32f10x_hd.o(RESET)
 <LI><a href="#[32]">USART1_IRQHandler</a> from wifi.o(i.USART1_IRQHandler) referenced from startup_stm32f10x_hd.o(RESET)
 <LI><a href="#[33]">USART2_IRQHandler</a> from gsm.o(i.USART2_IRQHandler) referenced from startup_stm32f10x_hd.o(RESET)
 <LI><a href="#[34]">USART3_IRQHandler</a> from startup_stm32f10x_hd.o(.text) referenced from startup_stm32f10x_hd.o(RESET)
 <LI><a href="#[37]">USBWakeUp_IRQHandler</a> from startup_stm32f10x_hd.o(.text) referenced from startup_stm32f10x_hd.o(RESET)
 <LI><a href="#[20]">USB_HP_CAN1_TX_IRQHandler</a> from startup_stm32f10x_hd.o(.text) referenced from startup_stm32f10x_hd.o(RESET)
 <LI><a href="#[21]">USB_LP_CAN1_RX0_IRQHandler</a> from startup_stm32f10x_hd.o(.text) referenced from startup_stm32f10x_hd.o(RESET)
 <LI><a href="#[8]">UsageFault_Handler</a> from stm32f10x_it.o(i.UsageFault_Handler) referenced from startup_stm32f10x_hd.o(RESET)
 <LI><a href="#[7f]">WIDGET_EFFECT_3D_DrawUp</a> from widget_effect_3d.o(.text) referenced from widget_effect_3d.o(.constdata)
 <LI><a href="#[4e]">WM_HandlePID</a> from wmtouch.o(.text) referenced from gui_pid.o(.text)
 <LI><a href="#[d]">WWDG_IRQHandler</a> from startup_stm32f10x_hd.o(.text) referenced from startup_stm32f10x_hd.o(RESET)
 <LI><a href="#[66]">_CalcSizeOfChar</a> from gui_uc_encodenone.o(.text) referenced from gui_uc_encodenone.o(.constdata)
 <LI><a href="#[77]">_DrawBitmap</a> from guidev_16.o(.text) referenced from guidev_16.o(.constdata)
 <LI><a href="#[78]">_DrawHLine</a> from guidev_16.o(.text) referenced from guidev_16.o(.constdata)
 <LI><a href="#[79]">_DrawVLine</a> from guidev_16.o(.text) referenced from guidev_16.o(.constdata)
 <LI><a href="#[67]">_Encode</a> from gui_uc_encodenone.o(.text) referenced from gui_uc_encodenone.o(.constdata)
 <LI><a href="#[7a]">_FillRect</a> from guidev_16.o(.text) referenced from guidev_16.o(.constdata)
 <LI><a href="#[87]">_GUI_USAGE_BM_Delete</a> from guidev_usagebm.o(.text) referenced from guidev_usagebm.o(.constdata)
 <LI><a href="#[64]">_GetCharCode</a> from gui_uc_encodenone.o(.text) referenced from gui_uc_encodenone.o(.constdata)
 <LI><a href="#[65]">_GetCharSize</a> from gui_uc_encodenone.o(.text) referenced from gui_uc_encodenone.o(.constdata)
 <LI><a href="#[7b]">_GetPixelIndex</a> from guidev_16.o(.text) referenced from guidev_16.o(.constdata)
 <LI><a href="#[7d]">_SetPixelIndex</a> from guidev_16.o(.text) referenced from guidev_16.o(.constdata)
 <LI><a href="#[4f]">_TempHide</a> from guicurs.o(.text) referenced from guicurs.o(.text)
 <LI><a href="#[50]">_TempUnhide</a> from guicurs.o(.text) referenced from guicurs.o(.text)
 <LI><a href="#[80]">_WIDGET_EFFECT_3D_DrawDown</a> from widget_effect_3d.o(.text) referenced from widget_effect_3d.o(.constdata)
 <LI><a href="#[82]">_WIDGET_EFFECT_3D_DrawDownRect</a> from widget_effect_3d.o(.text) referenced from widget_effect_3d.o(.constdata)
 <LI><a href="#[81]">_WIDGET_EFFECT_3D_DrawUpRect</a> from widget_effect_3d.o(.text) referenced from widget_effect_3d.o(.constdata)
 <LI><a href="#[83]">_WIDGET_EFFECT_3D_GetRect</a> from widget_effect_3d.o(.text) referenced from widget_effect_3d.o(.constdata)
 <LI><a href="#[7e]">_XorPixel</a> from guidev_16.o(.text) referenced from guidev_16.o(.constdata)
 <LI><a href="#[89]">__main</a> from __main.o(!!!main) referenced from startup_stm32f10x_hd.o(.text)
 <LI><a href="#[136]">_cbInvalidateOne</a> from wm_bringtotop.o(.text) referenced from wm_bringtotop.o(.text)
 <LI><a href="#[4d]">_cbPaintMemDev</a> from wm.o(.text) referenced from wm.o(.text)
 <LI><a href="#[4c]">cbBackWin</a> from wm.o(.text) referenced from wm.o(.text)
</UL>
<P>
<H3>
Global Symbols
</H3>
<P><STRONG><a name="[89]"></a>__main</STRONG> (Thumb, 8 bytes, Stack size 0 bytes, __main.o(!!!main))
<BR><BR>[Calls]<UL><LI><a href="#[8b]">&gt;&gt;</a>&nbsp;&nbsp;&nbsp;__rt_entry
<LI><a href="#[8a]">&gt;&gt;</a>&nbsp;&nbsp;&nbsp;__scatterload
</UL>

<P><STRONG><a name="[8a]"></a>__scatterload</STRONG> (Thumb, 0 bytes, Stack size unknown bytes, __scatter.o(!!!scatter))
<BR><BR>[Called By]<UL><LI><a href="#[89]">&gt;&gt;</a>&nbsp;&nbsp;&nbsp;__main
</UL>

<P><STRONG><a name="[8c]"></a>__scatterload_rt2</STRONG> (Thumb, 44 bytes, Stack size unknown bytes, __scatter.o(!!!scatter), UNUSED)
<BR><BR>[Calls]<UL><LI><a href="#[8b]">&gt;&gt;</a>&nbsp;&nbsp;&nbsp;__rt_entry
</UL>

<P><STRONG><a name="[2f3]"></a>__scatterload_rt2_thumb_only</STRONG> (Thumb, 0 bytes, Stack size unknown bytes, __scatter.o(!!!scatter), UNUSED)

<P><STRONG><a name="[2f4]"></a>__scatterload_null</STRONG> (Thumb, 0 bytes, Stack size unknown bytes, __scatter.o(!!!scatter), UNUSED)

<P><STRONG><a name="[2f5]"></a>__decompress</STRONG> (Thumb, 90 bytes, Stack size unknown bytes, __dczerorl2.o(!!dczerorl2), UNUSED)

<P><STRONG><a name="[2f6]"></a>__decompress1</STRONG> (Thumb, 0 bytes, Stack size unknown bytes, __dczerorl2.o(!!dczerorl2), UNUSED)

<P><STRONG><a name="[2f7]"></a>__scatterload_zeroinit</STRONG> (Thumb, 28 bytes, Stack size unknown bytes, __scatter_zi.o(!!handler_zi), UNUSED)

<P><STRONG><a name="[90]"></a>__rt_lib_init</STRONG> (Thumb, 0 bytes, Stack size unknown bytes, libinit.o(.ARM.Collect$$libinit$$00000000))
<BR><BR>[Called By]<UL><LI><a href="#[8f]">&gt;&gt;</a>&nbsp;&nbsp;&nbsp;__rt_entry_li
</UL>

<P><STRONG><a name="[2f8]"></a>__rt_lib_init_alloca_1</STRONG> (Thumb, 0 bytes, Stack size unknown bytes, libinit2.o(.ARM.Collect$$libinit$$0000002C))

<P><STRONG><a name="[2f9]"></a>__rt_lib_init_argv_1</STRONG> (Thumb, 0 bytes, Stack size unknown bytes, libinit2.o(.ARM.Collect$$libinit$$0000002A))

<P><STRONG><a name="[2fa]"></a>__rt_lib_init_atexit_1</STRONG> (Thumb, 0 bytes, Stack size unknown bytes, libinit2.o(.ARM.Collect$$libinit$$00000019))

<P><STRONG><a name="[2fb]"></a>__rt_lib_init_clock_1</STRONG> (Thumb, 0 bytes, Stack size unknown bytes, libinit2.o(.ARM.Collect$$libinit$$0000001F))

<P><STRONG><a name="[2fc]"></a>__rt_lib_init_cpp_1</STRONG> (Thumb, 0 bytes, Stack size unknown bytes, libinit2.o(.ARM.Collect$$libinit$$00000030))

<P><STRONG><a name="[2fd]"></a>__rt_lib_init_exceptions_1</STRONG> (Thumb, 0 bytes, Stack size unknown bytes, libinit2.o(.ARM.Collect$$libinit$$0000002E))

<P><STRONG><a name="[2fe]"></a>__rt_lib_init_fp_1</STRONG> (Thumb, 0 bytes, Stack size unknown bytes, libinit2.o(.ARM.Collect$$libinit$$00000002))

<P><STRONG><a name="[2ff]"></a>__rt_lib_init_fp_trap_1</STRONG> (Thumb, 0 bytes, Stack size unknown bytes, libinit2.o(.ARM.Collect$$libinit$$0000001D))

<P><STRONG><a name="[300]"></a>__rt_lib_init_getenv_1</STRONG> (Thumb, 0 bytes, Stack size unknown bytes, libinit2.o(.ARM.Collect$$libinit$$00000021))

<P><STRONG><a name="[301]"></a>__rt_lib_init_heap_1</STRONG> (Thumb, 0 bytes, Stack size unknown bytes, libinit2.o(.ARM.Collect$$libinit$$00000008))

<P><STRONG><a name="[302]"></a>__rt_lib_init_lc_collate_1</STRONG> (Thumb, 0 bytes, Stack size unknown bytes, libinit2.o(.ARM.Collect$$libinit$$0000000F))

<P><STRONG><a name="[303]"></a>__rt_lib_init_lc_ctype_1</STRONG> (Thumb, 0 bytes, Stack size unknown bytes, libinit2.o(.ARM.Collect$$libinit$$00000011))

<P><STRONG><a name="[304]"></a>__rt_lib_init_lc_monetary_1</STRONG> (Thumb, 0 bytes, Stack size unknown bytes, libinit2.o(.ARM.Collect$$libinit$$00000013))

<P><STRONG><a name="[305]"></a>__rt_lib_init_lc_numeric_1</STRONG> (Thumb, 0 bytes, Stack size unknown bytes, libinit2.o(.ARM.Collect$$libinit$$00000015))

<P><STRONG><a name="[306]"></a>__rt_lib_init_lc_time_1</STRONG> (Thumb, 0 bytes, Stack size unknown bytes, libinit2.o(.ARM.Collect$$libinit$$00000017))

<P><STRONG><a name="[307]"></a>__rt_lib_init_rand_1</STRONG> (Thumb, 0 bytes, Stack size unknown bytes, libinit2.o(.ARM.Collect$$libinit$$0000000C))

<P><STRONG><a name="[308]"></a>__rt_lib_init_return</STRONG> (Thumb, 0 bytes, Stack size unknown bytes, libinit2.o(.ARM.Collect$$libinit$$00000031))

<P><STRONG><a name="[309]"></a>__rt_lib_init_signal_1</STRONG> (Thumb, 0 bytes, Stack size unknown bytes, libinit2.o(.ARM.Collect$$libinit$$0000001B))

<P><STRONG><a name="[30a]"></a>__rt_lib_init_stdio_1</STRONG> (Thumb, 0 bytes, Stack size unknown bytes, libinit2.o(.ARM.Collect$$libinit$$00000023))

<P><STRONG><a name="[30b]"></a>__rt_lib_init_user_alloc_1</STRONG> (Thumb, 0 bytes, Stack size unknown bytes, libinit2.o(.ARM.Collect$$libinit$$0000000A))

<P><STRONG><a name="[95]"></a>__rt_lib_shutdown</STRONG> (Thumb, 0 bytes, Stack size unknown bytes, libshutdown.o(.ARM.Collect$$libshutdown$$00000000))
<BR><BR>[Called By]<UL><LI><a href="#[94]">&gt;&gt;</a>&nbsp;&nbsp;&nbsp;__rt_exit_ls
</UL>

<P><STRONG><a name="[30c]"></a>__rt_lib_shutdown_fp_trap_1</STRONG> (Thumb, 0 bytes, Stack size unknown bytes, libshutdown2.o(.ARM.Collect$$libshutdown$$00000006))

<P><STRONG><a name="[30d]"></a>__rt_lib_shutdown_heap_1</STRONG> (Thumb, 0 bytes, Stack size unknown bytes, libshutdown2.o(.ARM.Collect$$libshutdown$$0000000E))

<P><STRONG><a name="[30e]"></a>__rt_lib_shutdown_return</STRONG> (Thumb, 0 bytes, Stack size unknown bytes, libshutdown2.o(.ARM.Collect$$libshutdown$$0000000F))

<P><STRONG><a name="[30f]"></a>__rt_lib_shutdown_signal_1</STRONG> (Thumb, 0 bytes, Stack size unknown bytes, libshutdown2.o(.ARM.Collect$$libshutdown$$00000009))

<P><STRONG><a name="[310]"></a>__rt_lib_shutdown_stdio_1</STRONG> (Thumb, 0 bytes, Stack size unknown bytes, libshutdown2.o(.ARM.Collect$$libshutdown$$00000003))

<P><STRONG><a name="[311]"></a>__rt_lib_shutdown_user_alloc_1</STRONG> (Thumb, 0 bytes, Stack size unknown bytes, libshutdown2.o(.ARM.Collect$$libshutdown$$0000000B))

<P><STRONG><a name="[8b]"></a>__rt_entry</STRONG> (Thumb, 0 bytes, Stack size unknown bytes, rtentry.o(.ARM.Collect$$rtentry$$00000000))
<BR><BR>[Called By]<UL><LI><a href="#[89]">&gt;&gt;</a>&nbsp;&nbsp;&nbsp;__main
<LI><a href="#[8c]">&gt;&gt;</a>&nbsp;&nbsp;&nbsp;__scatterload_rt2
</UL>

<P><STRONG><a name="[312]"></a>__rt_entry_presh_1</STRONG> (Thumb, 0 bytes, Stack size unknown bytes, rtentry2.o(.ARM.Collect$$rtentry$$00000002))

<P><STRONG><a name="[8d]"></a>__rt_entry_sh</STRONG> (Thumb, 0 bytes, Stack size unknown bytes, rtentry4.o(.ARM.Collect$$rtentry$$00000004))
<BR><BR>[Stack]<UL><LI>Max Depth = 8 + Unknown Stack Size
<LI>Call Chain = __rt_entry_sh &rArr; __user_setup_stackheap
</UL>
<BR>[Calls]<UL><LI><a href="#[8e]">&gt;&gt;</a>&nbsp;&nbsp;&nbsp;__user_setup_stackheap
</UL>

<P><STRONG><a name="[8f]"></a>__rt_entry_li</STRONG> (Thumb, 0 bytes, Stack size unknown bytes, rtentry2.o(.ARM.Collect$$rtentry$$0000000A))
<BR><BR>[Calls]<UL><LI><a href="#[90]">&gt;&gt;</a>&nbsp;&nbsp;&nbsp;__rt_lib_init
</UL>

<P><STRONG><a name="[313]"></a>__rt_entry_postsh_1</STRONG> (Thumb, 0 bytes, Stack size unknown bytes, rtentry2.o(.ARM.Collect$$rtentry$$00000009))

<P><STRONG><a name="[91]"></a>__rt_entry_main</STRONG> (Thumb, 0 bytes, Stack size unknown bytes, rtentry2.o(.ARM.Collect$$rtentry$$0000000D))
<BR><BR>[Stack]<UL><LI>Max Depth = 184 + Unknown Stack Size
<LI>Call Chain = __rt_entry_main &rArr; main &rArr; OSInit &rArr; OSTmr_Init &rArr; OSTmr_InitTask &rArr; OSTaskCreateExt &rArr; OS_TCBInit
</UL>
<BR>[Calls]<UL><LI><a href="#[92]">&gt;&gt;</a>&nbsp;&nbsp;&nbsp;main
<LI><a href="#[93]">&gt;&gt;</a>&nbsp;&nbsp;&nbsp;exit
</UL>

<P><STRONG><a name="[314]"></a>__rt_entry_postli_1</STRONG> (Thumb, 0 bytes, Stack size unknown bytes, rtentry2.o(.ARM.Collect$$rtentry$$0000000C))

<P><STRONG><a name="[223]"></a>__rt_exit</STRONG> (Thumb, 0 bytes, Stack size unknown bytes, rtexit.o(.ARM.Collect$$rtexit$$00000000))
<BR><BR>[Called By]<UL><LI><a href="#[93]">&gt;&gt;</a>&nbsp;&nbsp;&nbsp;exit
</UL>

<P><STRONG><a name="[94]"></a>__rt_exit_ls</STRONG> (Thumb, 0 bytes, Stack size unknown bytes, rtexit2.o(.ARM.Collect$$rtexit$$00000003))
<BR><BR>[Calls]<UL><LI><a href="#[95]">&gt;&gt;</a>&nbsp;&nbsp;&nbsp;__rt_lib_shutdown
</UL>

<P><STRONG><a name="[315]"></a>__rt_exit_prels_1</STRONG> (Thumb, 0 bytes, Stack size unknown bytes, rtexit2.o(.ARM.Collect$$rtexit$$00000002))

<P><STRONG><a name="[96]"></a>__rt_exit_exit</STRONG> (Thumb, 0 bytes, Stack size unknown bytes, rtexit2.o(.ARM.Collect$$rtexit$$00000004))
<BR><BR>[Calls]<UL><LI><a href="#[97]">&gt;&gt;</a>&nbsp;&nbsp;&nbsp;_sys_exit
</UL>

<P><STRONG><a name="[3]"></a>Reset_Handler</STRONG> (Thumb, 8 bytes, Stack size 0 bytes, startup_stm32f10x_hd.o(.text))
<BR>[Address Reference Count : 1]<UL><LI> startup_stm32f10x_hd.o(RESET)
</UL>
<P><STRONG><a name="[1f]"></a>ADC1_2_IRQHandler</STRONG> (Thumb, 0 bytes, Stack size 0 bytes, startup_stm32f10x_hd.o(.text))
<BR><BR>[Calls]<UL><LI><a href="#[1f]">&gt;&gt;</a>&nbsp;&nbsp;&nbsp;ADC1_2_IRQHandler
</UL>
<BR>[Called By]<UL><LI><a href="#[1f]">&gt;&gt;</a>&nbsp;&nbsp;&nbsp;ADC1_2_IRQHandler
</UL>
<BR>[Address Reference Count : 1]<UL><LI> startup_stm32f10x_hd.o(RESET)
</UL>
<P><STRONG><a name="[3c]"></a>ADC3_IRQHandler</STRONG> (Thumb, 0 bytes, Stack size 0 bytes, startup_stm32f10x_hd.o(.text))
<BR>[Address Reference Count : 1]<UL><LI> startup_stm32f10x_hd.o(RESET)
</UL>
<P><STRONG><a name="[22]"></a>CAN1_RX1_IRQHandler</STRONG> (Thumb, 0 bytes, Stack size 0 bytes, startup_stm32f10x_hd.o(.text))
<BR>[Address Reference Count : 1]<UL><LI> startup_stm32f10x_hd.o(RESET)
</UL>
<P><STRONG><a name="[23]"></a>CAN1_SCE_IRQHandler</STRONG> (Thumb, 0 bytes, Stack size 0 bytes, startup_stm32f10x_hd.o(.text))
<BR>[Address Reference Count : 1]<UL><LI> startup_stm32f10x_hd.o(RESET)
</UL>
<P><STRONG><a name="[18]"></a>DMA1_Channel1_IRQHandler</STRONG> (Thumb, 0 bytes, Stack size 0 bytes, startup_stm32f10x_hd.o(.text))
<BR>[Address Reference Count : 1]<UL><LI> startup_stm32f10x_hd.o(RESET)
</UL>
<P><STRONG><a name="[19]"></a>DMA1_Channel2_IRQHandler</STRONG> (Thumb, 0 bytes, Stack size 0 bytes, startup_stm32f10x_hd.o(.text))
<BR>[Address Reference Count : 1]<UL><LI> startup_stm32f10x_hd.o(RESET)
</UL>
<P><STRONG><a name="[1a]"></a>DMA1_Channel3_IRQHandler</STRONG> (Thumb, 0 bytes, Stack size 0 bytes, startup_stm32f10x_hd.o(.text))
<BR>[Address Reference Count : 1]<UL><LI> startup_stm32f10x_hd.o(RESET)
</UL>
<P><STRONG><a name="[1b]"></a>DMA1_Channel4_IRQHandler</STRONG> (Thumb, 0 bytes, Stack size 0 bytes, startup_stm32f10x_hd.o(.text))
<BR>[Address Reference Count : 1]<UL><LI> startup_stm32f10x_hd.o(RESET)
</UL>
<P><STRONG><a name="[1c]"></a>DMA1_Channel5_IRQHandler</STRONG> (Thumb, 0 bytes, Stack size 0 bytes, startup_stm32f10x_hd.o(.text))
<BR>[Address Reference Count : 1]<UL><LI> startup_stm32f10x_hd.o(RESET)
</UL>
<P><STRONG><a name="[1d]"></a>DMA1_Channel6_IRQHandler</STRONG> (Thumb, 0 bytes, Stack size 0 bytes, startup_stm32f10x_hd.o(.text))
<BR>[Address Reference Count : 1]<UL><LI> startup_stm32f10x_hd.o(RESET)
</UL>
<P><STRONG><a name="[1e]"></a>DMA1_Channel7_IRQHandler</STRONG> (Thumb, 0 bytes, Stack size 0 bytes, startup_stm32f10x_hd.o(.text))
<BR>[Address Reference Count : 1]<UL><LI> startup_stm32f10x_hd.o(RESET)
</UL>
<P><STRONG><a name="[45]"></a>DMA2_Channel1_IRQHandler</STRONG> (Thumb, 0 bytes, Stack size 0 bytes, startup_stm32f10x_hd.o(.text))
<BR>[Address Reference Count : 1]<UL><LI> startup_stm32f10x_hd.o(RESET)
</UL>
<P><STRONG><a name="[46]"></a>DMA2_Channel2_IRQHandler</STRONG> (Thumb, 0 bytes, Stack size 0 bytes, startup_stm32f10x_hd.o(.text))
<BR>[Address Reference Count : 1]<UL><LI> startup_stm32f10x_hd.o(RESET)
</UL>
<P><STRONG><a name="[47]"></a>DMA2_Channel3_IRQHandler</STRONG> (Thumb, 0 bytes, Stack size 0 bytes, startup_stm32f10x_hd.o(.text))
<BR>[Address Reference Count : 1]<UL><LI> startup_stm32f10x_hd.o(RESET)
</UL>
<P><STRONG><a name="[48]"></a>DMA2_Channel4_5_IRQHandler</STRONG> (Thumb, 0 bytes, Stack size 0 bytes, startup_stm32f10x_hd.o(.text))
<BR>[Address Reference Count : 1]<UL><LI> startup_stm32f10x_hd.o(RESET)
</UL>
<P><STRONG><a name="[13]"></a>EXTI0_IRQHandler</STRONG> (Thumb, 0 bytes, Stack size 0 bytes, startup_stm32f10x_hd.o(.text))
<BR>[Address Reference Count : 1]<UL><LI> startup_stm32f10x_hd.o(RESET)
</UL>
<P><STRONG><a name="[35]"></a>EXTI15_10_IRQHandler</STRONG> (Thumb, 0 bytes, Stack size 0 bytes, startup_stm32f10x_hd.o(.text))
<BR>[Address Reference Count : 1]<UL><LI> startup_stm32f10x_hd.o(RESET)
</UL>
<P><STRONG><a name="[14]"></a>EXTI1_IRQHandler</STRONG> (Thumb, 0 bytes, Stack size 0 bytes, startup_stm32f10x_hd.o(.text))
<BR>[Address Reference Count : 1]<UL><LI> startup_stm32f10x_hd.o(RESET)
</UL>
<P><STRONG><a name="[15]"></a>EXTI2_IRQHandler</STRONG> (Thumb, 0 bytes, Stack size 0 bytes, startup_stm32f10x_hd.o(.text))
<BR>[Address Reference Count : 1]<UL><LI> startup_stm32f10x_hd.o(RESET)
</UL>
<P><STRONG><a name="[16]"></a>EXTI3_IRQHandler</STRONG> (Thumb, 0 bytes, Stack size 0 bytes, startup_stm32f10x_hd.o(.text))
<BR>[Address Reference Count : 1]<UL><LI> startup_stm32f10x_hd.o(RESET)
</UL>
<P><STRONG><a name="[17]"></a>EXTI4_IRQHandler</STRONG> (Thumb, 0 bytes, Stack size 0 bytes, startup_stm32f10x_hd.o(.text))
<BR>[Address Reference Count : 1]<UL><LI> startup_stm32f10x_hd.o(RESET)
</UL>
<P><STRONG><a name="[24]"></a>EXTI9_5_IRQHandler</STRONG> (Thumb, 0 bytes, Stack size 0 bytes, startup_stm32f10x_hd.o(.text))
<BR>[Address Reference Count : 1]<UL><LI> startup_stm32f10x_hd.o(RESET)
</UL>
<P><STRONG><a name="[11]"></a>FLASH_IRQHandler</STRONG> (Thumb, 0 bytes, Stack size 0 bytes, startup_stm32f10x_hd.o(.text))
<BR>[Address Reference Count : 1]<UL><LI> startup_stm32f10x_hd.o(RESET)
</UL>
<P><STRONG><a name="[3d]"></a>FSMC_IRQHandler</STRONG> (Thumb, 0 bytes, Stack size 0 bytes, startup_stm32f10x_hd.o(.text))
<BR>[Address Reference Count : 1]<UL><LI> startup_stm32f10x_hd.o(RESET)
</UL>
<P><STRONG><a name="[2d]"></a>I2C1_ER_IRQHandler</STRONG> (Thumb, 0 bytes, Stack size 0 bytes, startup_stm32f10x_hd.o(.text))
<BR>[Address Reference Count : 1]<UL><LI> startup_stm32f10x_hd.o(RESET)
</UL>
<P><STRONG><a name="[2c]"></a>I2C1_EV_IRQHandler</STRONG> (Thumb, 0 bytes, Stack size 0 bytes, startup_stm32f10x_hd.o(.text))
<BR>[Address Reference Count : 1]<UL><LI> startup_stm32f10x_hd.o(RESET)
</UL>
<P><STRONG><a name="[2f]"></a>I2C2_ER_IRQHandler</STRONG> (Thumb, 0 bytes, Stack size 0 bytes, startup_stm32f10x_hd.o(.text))
<BR>[Address Reference Count : 1]<UL><LI> startup_stm32f10x_hd.o(RESET)
</UL>
<P><STRONG><a name="[2e]"></a>I2C2_EV_IRQHandler</STRONG> (Thumb, 0 bytes, Stack size 0 bytes, startup_stm32f10x_hd.o(.text))
<BR>[Address Reference Count : 1]<UL><LI> startup_stm32f10x_hd.o(RESET)
</UL>
<P><STRONG><a name="[e]"></a>PVD_IRQHandler</STRONG> (Thumb, 0 bytes, Stack size 0 bytes, startup_stm32f10x_hd.o(.text))
<BR>[Address Reference Count : 1]<UL><LI> startup_stm32f10x_hd.o(RESET)
</UL>
<P><STRONG><a name="[12]"></a>RCC_IRQHandler</STRONG> (Thumb, 0 bytes, Stack size 0 bytes, startup_stm32f10x_hd.o(.text))
<BR>[Address Reference Count : 1]<UL><LI> startup_stm32f10x_hd.o(RESET)
</UL>
<P><STRONG><a name="[36]"></a>RTCAlarm_IRQHandler</STRONG> (Thumb, 0 bytes, Stack size 0 bytes, startup_stm32f10x_hd.o(.text))
<BR>[Address Reference Count : 1]<UL><LI> startup_stm32f10x_hd.o(RESET)
</UL>
<P><STRONG><a name="[10]"></a>RTC_IRQHandler</STRONG> (Thumb, 0 bytes, Stack size 0 bytes, startup_stm32f10x_hd.o(.text))
<BR>[Address Reference Count : 1]<UL><LI> startup_stm32f10x_hd.o(RESET)
</UL>
<P><STRONG><a name="[3e]"></a>SDIO_IRQHandler</STRONG> (Thumb, 0 bytes, Stack size 0 bytes, startup_stm32f10x_hd.o(.text))
<BR>[Address Reference Count : 1]<UL><LI> startup_stm32f10x_hd.o(RESET)
</UL>
<P><STRONG><a name="[30]"></a>SPI1_IRQHandler</STRONG> (Thumb, 0 bytes, Stack size 0 bytes, startup_stm32f10x_hd.o(.text))
<BR>[Address Reference Count : 1]<UL><LI> startup_stm32f10x_hd.o(RESET)
</UL>
<P><STRONG><a name="[31]"></a>SPI2_IRQHandler</STRONG> (Thumb, 0 bytes, Stack size 0 bytes, startup_stm32f10x_hd.o(.text))
<BR>[Address Reference Count : 1]<UL><LI> startup_stm32f10x_hd.o(RESET)
</UL>
<P><STRONG><a name="[40]"></a>SPI3_IRQHandler</STRONG> (Thumb, 0 bytes, Stack size 0 bytes, startup_stm32f10x_hd.o(.text))
<BR>[Address Reference Count : 1]<UL><LI> startup_stm32f10x_hd.o(RESET)
</UL>
<P><STRONG><a name="[f]"></a>TAMPER_IRQHandler</STRONG> (Thumb, 0 bytes, Stack size 0 bytes, startup_stm32f10x_hd.o(.text))
<BR>[Address Reference Count : 1]<UL><LI> startup_stm32f10x_hd.o(RESET)
</UL>
<P><STRONG><a name="[25]"></a>TIM1_BRK_IRQHandler</STRONG> (Thumb, 0 bytes, Stack size 0 bytes, startup_stm32f10x_hd.o(.text))
<BR>[Address Reference Count : 1]<UL><LI> startup_stm32f10x_hd.o(RESET)
</UL>
<P><STRONG><a name="[28]"></a>TIM1_CC_IRQHandler</STRONG> (Thumb, 0 bytes, Stack size 0 bytes, startup_stm32f10x_hd.o(.text))
<BR>[Address Reference Count : 1]<UL><LI> startup_stm32f10x_hd.o(RESET)
</UL>
<P><STRONG><a name="[27]"></a>TIM1_TRG_COM_IRQHandler</STRONG> (Thumb, 0 bytes, Stack size 0 bytes, startup_stm32f10x_hd.o(.text))
<BR>[Address Reference Count : 1]<UL><LI> startup_stm32f10x_hd.o(RESET)
</UL>
<P><STRONG><a name="[26]"></a>TIM1_UP_IRQHandler</STRONG> (Thumb, 0 bytes, Stack size 0 bytes, startup_stm32f10x_hd.o(.text))
<BR>[Address Reference Count : 1]<UL><LI> startup_stm32f10x_hd.o(RESET)
</UL>
<P><STRONG><a name="[29]"></a>TIM2_IRQHandler</STRONG> (Thumb, 0 bytes, Stack size 0 bytes, startup_stm32f10x_hd.o(.text))
<BR>[Address Reference Count : 1]<UL><LI> startup_stm32f10x_hd.o(RESET)
</UL>
<P><STRONG><a name="[2a]"></a>TIM3_IRQHandler</STRONG> (Thumb, 0 bytes, Stack size 0 bytes, startup_stm32f10x_hd.o(.text))
<BR>[Address Reference Count : 1]<UL><LI> startup_stm32f10x_hd.o(RESET)
</UL>
<P><STRONG><a name="[2b]"></a>TIM4_IRQHandler</STRONG> (Thumb, 0 bytes, Stack size 0 bytes, startup_stm32f10x_hd.o(.text))
<BR>[Address Reference Count : 1]<UL><LI> startup_stm32f10x_hd.o(RESET)
</UL>
<P><STRONG><a name="[3f]"></a>TIM5_IRQHandler</STRONG> (Thumb, 0 bytes, Stack size 0 bytes, startup_stm32f10x_hd.o(.text))
<BR>[Address Reference Count : 1]<UL><LI> startup_stm32f10x_hd.o(RESET)
</UL>
<P><STRONG><a name="[43]"></a>TIM6_IRQHandler</STRONG> (Thumb, 0 bytes, Stack size 0 bytes, startup_stm32f10x_hd.o(.text))
<BR>[Address Reference Count : 1]<UL><LI> startup_stm32f10x_hd.o(RESET)
</UL>
<P><STRONG><a name="[44]"></a>TIM7_IRQHandler</STRONG> (Thumb, 0 bytes, Stack size 0 bytes, startup_stm32f10x_hd.o(.text))
<BR>[Address Reference Count : 1]<UL><LI> startup_stm32f10x_hd.o(RESET)
</UL>
<P><STRONG><a name="[38]"></a>TIM8_BRK_IRQHandler</STRONG> (Thumb, 0 bytes, Stack size 0 bytes, startup_stm32f10x_hd.o(.text))
<BR>[Address Reference Count : 1]<UL><LI> startup_stm32f10x_hd.o(RESET)
</UL>
<P><STRONG><a name="[3b]"></a>TIM8_CC_IRQHandler</STRONG> (Thumb, 0 bytes, Stack size 0 bytes, startup_stm32f10x_hd.o(.text))
<BR>[Address Reference Count : 1]<UL><LI> startup_stm32f10x_hd.o(RESET)
</UL>
<P><STRONG><a name="[3a]"></a>TIM8_TRG_COM_IRQHandler</STRONG> (Thumb, 0 bytes, Stack size 0 bytes, startup_stm32f10x_hd.o(.text))
<BR>[Address Reference Count : 1]<UL><LI> startup_stm32f10x_hd.o(RESET)
</UL>
<P><STRONG><a name="[39]"></a>TIM8_UP_IRQHandler</STRONG> (Thumb, 0 bytes, Stack size 0 bytes, startup_stm32f10x_hd.o(.text))
<BR>[Address Reference Count : 1]<UL><LI> startup_stm32f10x_hd.o(RESET)
</UL>
<P><STRONG><a name="[41]"></a>UART4_IRQHandler</STRONG> (Thumb, 0 bytes, Stack size 0 bytes, startup_stm32f10x_hd.o(.text))
<BR>[Address Reference Count : 1]<UL><LI> startup_stm32f10x_hd.o(RESET)
</UL>
<P><STRONG><a name="[42]"></a>UART5_IRQHandler</STRONG> (Thumb, 0 bytes, Stack size 0 bytes, startup_stm32f10x_hd.o(.text))
<BR>[Address Reference Count : 1]<UL><LI> startup_stm32f10x_hd.o(RESET)
</UL>
<P><STRONG><a name="[34]"></a>USART3_IRQHandler</STRONG> (Thumb, 0 bytes, Stack size 0 bytes, startup_stm32f10x_hd.o(.text))
<BR>[Address Reference Count : 1]<UL><LI> startup_stm32f10x_hd.o(RESET)
</UL>
<P><STRONG><a name="[37]"></a>USBWakeUp_IRQHandler</STRONG> (Thumb, 0 bytes, Stack size 0 bytes, startup_stm32f10x_hd.o(.text))
<BR>[Address Reference Count : 1]<UL><LI> startup_stm32f10x_hd.o(RESET)
</UL>
<P><STRONG><a name="[20]"></a>USB_HP_CAN1_TX_IRQHandler</STRONG> (Thumb, 0 bytes, Stack size 0 bytes, startup_stm32f10x_hd.o(.text))
<BR>[Address Reference Count : 1]<UL><LI> startup_stm32f10x_hd.o(RESET)
</UL>
<P><STRONG><a name="[21]"></a>USB_LP_CAN1_RX0_IRQHandler</STRONG> (Thumb, 0 bytes, Stack size 0 bytes, startup_stm32f10x_hd.o(.text))
<BR>[Address Reference Count : 1]<UL><LI> startup_stm32f10x_hd.o(RESET)
</UL>
<P><STRONG><a name="[d]"></a>WWDG_IRQHandler</STRONG> (Thumb, 0 bytes, Stack size 0 bytes, startup_stm32f10x_hd.o(.text))
<BR>[Address Reference Count : 1]<UL><LI> startup_stm32f10x_hd.o(RESET)
</UL>
<P><STRONG><a name="[222]"></a>__user_initial_stackheap</STRONG> (Thumb, 0 bytes, Stack size unknown bytes, startup_stm32f10x_hd.o(.text))
<BR><BR>[Called By]<UL><LI><a href="#[8e]">&gt;&gt;</a>&nbsp;&nbsp;&nbsp;__user_setup_stackheap
</UL>

<P><STRONG><a name="[27e]"></a>OS_CPU_SR_Save</STRONG> (Thumb, 0 bytes, Stack size unknown bytes, os_cpu_a.o(.text))
<BR><BR>[Called By]<UL><LI><a href="#[291]">&gt;&gt;</a>&nbsp;&nbsp;&nbsp;OSTimeSet
<LI><a href="#[256]">&gt;&gt;</a>&nbsp;&nbsp;&nbsp;OSTimeGet
<LI><a href="#[25a]">&gt;&gt;</a>&nbsp;&nbsp;&nbsp;OSSemPost
<LI><a href="#[259]">&gt;&gt;</a>&nbsp;&nbsp;&nbsp;OSSemPend
<LI><a href="#[257]">&gt;&gt;</a>&nbsp;&nbsp;&nbsp;OSSemCreate
<LI><a href="#[258]">&gt;&gt;</a>&nbsp;&nbsp;&nbsp;OSMboxCreate
<LI><a href="#[255]">&gt;&gt;</a>&nbsp;&nbsp;&nbsp;OSTimeDly
<LI><a href="#[290]">&gt;&gt;</a>&nbsp;&nbsp;&nbsp;OSTaskSuspend
<LI><a href="#[28f]">&gt;&gt;</a>&nbsp;&nbsp;&nbsp;OSTaskStkChk
<LI><a href="#[28e]">&gt;&gt;</a>&nbsp;&nbsp;&nbsp;OSTaskNameSet
<LI><a href="#[22a]">&gt;&gt;</a>&nbsp;&nbsp;&nbsp;OSTaskCreateExt
<LI><a href="#[58]">&gt;&gt;</a>&nbsp;&nbsp;&nbsp;OS_TaskStat
<LI><a href="#[57]">&gt;&gt;</a>&nbsp;&nbsp;&nbsp;OS_TaskIdle
<LI><a href="#[28d]">&gt;&gt;</a>&nbsp;&nbsp;&nbsp;OS_TCBInit
<LI><a href="#[285]">&gt;&gt;</a>&nbsp;&nbsp;&nbsp;OS_Sched
<LI><a href="#[292]">&gt;&gt;</a>&nbsp;&nbsp;&nbsp;OSTimeTick
<LI><a href="#[22c]">&gt;&gt;</a>&nbsp;&nbsp;&nbsp;OSStatInit
<LI><a href="#[284]">&gt;&gt;</a>&nbsp;&nbsp;&nbsp;OSSchedUnlock
<LI><a href="#[283]">&gt;&gt;</a>&nbsp;&nbsp;&nbsp;OSSchedLock
<LI><a href="#[27d]">&gt;&gt;</a>&nbsp;&nbsp;&nbsp;OSIntExit
<LI><a href="#[c]">&gt;&gt;</a>&nbsp;&nbsp;&nbsp;SysTick_Handler
</UL>

<P><STRONG><a name="[281]"></a>OS_CPU_SR_Restore</STRONG> (Thumb, 0 bytes, Stack size unknown bytes, os_cpu_a.o(.text))
<BR><BR>[Called By]<UL><LI><a href="#[291]">&gt;&gt;</a>&nbsp;&nbsp;&nbsp;OSTimeSet
<LI><a href="#[256]">&gt;&gt;</a>&nbsp;&nbsp;&nbsp;OSTimeGet
<LI><a href="#[25a]">&gt;&gt;</a>&nbsp;&nbsp;&nbsp;OSSemPost
<LI><a href="#[259]">&gt;&gt;</a>&nbsp;&nbsp;&nbsp;OSSemPend
<LI><a href="#[257]">&gt;&gt;</a>&nbsp;&nbsp;&nbsp;OSSemCreate
<LI><a href="#[258]">&gt;&gt;</a>&nbsp;&nbsp;&nbsp;OSMboxCreate
<LI><a href="#[255]">&gt;&gt;</a>&nbsp;&nbsp;&nbsp;OSTimeDly
<LI><a href="#[290]">&gt;&gt;</a>&nbsp;&nbsp;&nbsp;OSTaskSuspend
<LI><a href="#[28f]">&gt;&gt;</a>&nbsp;&nbsp;&nbsp;OSTaskStkChk
<LI><a href="#[28e]">&gt;&gt;</a>&nbsp;&nbsp;&nbsp;OSTaskNameSet
<LI><a href="#[22a]">&gt;&gt;</a>&nbsp;&nbsp;&nbsp;OSTaskCreateExt
<LI><a href="#[58]">&gt;&gt;</a>&nbsp;&nbsp;&nbsp;OS_TaskStat
<LI><a href="#[57]">&gt;&gt;</a>&nbsp;&nbsp;&nbsp;OS_TaskIdle
<LI><a href="#[28d]">&gt;&gt;</a>&nbsp;&nbsp;&nbsp;OS_TCBInit
<LI><a href="#[285]">&gt;&gt;</a>&nbsp;&nbsp;&nbsp;OS_Sched
<LI><a href="#[292]">&gt;&gt;</a>&nbsp;&nbsp;&nbsp;OSTimeTick
<LI><a href="#[22c]">&gt;&gt;</a>&nbsp;&nbsp;&nbsp;OSStatInit
<LI><a href="#[284]">&gt;&gt;</a>&nbsp;&nbsp;&nbsp;OSSchedUnlock
<LI><a href="#[283]">&gt;&gt;</a>&nbsp;&nbsp;&nbsp;OSSchedLock
<LI><a href="#[27d]">&gt;&gt;</a>&nbsp;&nbsp;&nbsp;OSIntExit
<LI><a href="#[c]">&gt;&gt;</a>&nbsp;&nbsp;&nbsp;SysTick_Handler
</UL>

<P><STRONG><a name="[28a]"></a>OSStartHighRdy</STRONG> (Thumb, 0 bytes, Stack size unknown bytes, os_cpu_a.o(.text))
<BR><BR>[Called By]<UL><LI><a href="#[289]">&gt;&gt;</a>&nbsp;&nbsp;&nbsp;OSStart
</UL>

<P><STRONG><a name="[29a]"></a>OSCtxSw</STRONG> (Thumb, 0 bytes, Stack size unknown bytes, os_cpu_a.o(.text))
<BR><BR>[Called By]<UL><LI><a href="#[285]">&gt;&gt;</a>&nbsp;&nbsp;&nbsp;OS_Sched
</UL>

<P><STRONG><a name="[280]"></a>OSIntCtxSw</STRONG> (Thumb, 0 bytes, Stack size unknown bytes, os_cpu_a.o(.text))
<BR><BR>[Called By]<UL><LI><a href="#[27d]">&gt;&gt;</a>&nbsp;&nbsp;&nbsp;OSIntExit
</UL>

<P><STRONG><a name="[b]"></a>PendSV_Handler</STRONG> (Thumb, 0 bytes, Stack size unknown bytes, os_cpu_a.o(.text))
<BR>[Address Reference Count : 1]<UL><LI> startup_stm32f10x_hd.o(RESET)
</UL>
<P><STRONG><a name="[98]"></a>GUI_DispStringAt</STRONG> (Thumb, 32 bytes, Stack size 16 bytes, gui_dispstringat.o(.text))
<BR><BR>[Stack]<UL><LI>Max Depth = 224 + Unknown Stack Size
<LI>Call Chain = GUI_DispStringAt &rArr; GUI_DispString &rArr; GUI__DispLine &rArr; WM__InitIVRSearch &rArr; WM__GetNextIVR &rArr; _FindNext_IVR &rArr; _Findx0 &rArr;  _Findx0 (Cycle)
</UL>
<BR>[Calls]<UL><LI><a href="#[9b]">&gt;&gt;</a>&nbsp;&nbsp;&nbsp;GUI_Unlock
<LI><a href="#[99]">&gt;&gt;</a>&nbsp;&nbsp;&nbsp;GUI_Lock
<LI><a href="#[9a]">&gt;&gt;</a>&nbsp;&nbsp;&nbsp;GUI_DispString
</UL>
<BR>[Called By]<UL><LI><a href="#[e5]">&gt;&gt;</a>&nbsp;&nbsp;&nbsp;GUI_DispDecAt
<LI><a href="#[9c]">&gt;&gt;</a>&nbsp;&nbsp;&nbsp;GUI_DispStringHCenterAt
<LI><a href="#[260]">&gt;&gt;</a>&nbsp;&nbsp;&nbsp;news2
<LI><a href="#[25f]">&gt;&gt;</a>&nbsp;&nbsp;&nbsp;news
<LI><a href="#[25d]">&gt;&gt;</a>&nbsp;&nbsp;&nbsp;change
<LI><a href="#[24a]">&gt;&gt;</a>&nbsp;&nbsp;&nbsp;GSMface
</UL>

<P><STRONG><a name="[9c]"></a>GUI_DispStringHCenterAt</STRONG> (Thumb, 46 bytes, Stack size 24 bytes, gui_dispstringhcenter.o(.text))
<BR><BR>[Stack]<UL><LI>Max Depth = 248 + Unknown Stack Size
<LI>Call Chain = GUI_DispStringHCenterAt &rArr; GUI_DispStringAt &rArr; GUI_DispString &rArr; GUI__DispLine &rArr; WM__InitIVRSearch &rArr; WM__GetNextIVR &rArr; _FindNext_IVR &rArr; _Findx0 &rArr;  _Findx0 (Cycle)
</UL>
<BR>[Calls]<UL><LI><a href="#[9d]">&gt;&gt;</a>&nbsp;&nbsp;&nbsp;GUI_SetTextAlign
<LI><a href="#[98]">&gt;&gt;</a>&nbsp;&nbsp;&nbsp;GUI_DispStringAt
</UL>
<BR>[Called By]<UL><LI><a href="#[250]">&gt;&gt;</a>&nbsp;&nbsp;&nbsp;GUIDEMO_ShowIntro
<LI><a href="#[25d]">&gt;&gt;</a>&nbsp;&nbsp;&nbsp;change
</UL>

<P><STRONG><a name="[9e]"></a>GL_DrawBitmap</STRONG> (Thumb, 130 bytes, Stack size 48 bytes, gui_drawbitmap.o(.text))
<BR><BR>[Stack]<UL><LI>Max Depth = 136 + Unknown Stack Size
<LI>Call Chain = GL_DrawBitmap &rArr; LCD_DrawBitmap &rArr; LCD_FillRect
</UL>
<BR>[Calls]<UL><LI><a href="#[a0]">&gt;&gt;</a>&nbsp;&nbsp;&nbsp;LCD_GetpPalConvTable
<LI><a href="#[a1]">&gt;&gt;</a>&nbsp;&nbsp;&nbsp;LCD_DrawBitmap
<LI><a href="#[9f]">&gt;&gt;</a>&nbsp;&nbsp;&nbsp;GUI_SetDrawMode
</UL>
<BR>[Called By]<UL><LI><a href="#[a2]">&gt;&gt;</a>&nbsp;&nbsp;&nbsp;GUI_DrawBitmap
</UL>

<P><STRONG><a name="[a2]"></a>GUI_DrawBitmap</STRONG> (Thumb, 82 bytes, Stack size 24 bytes, gui_drawbitmap.o(.text))
<BR><BR>[Stack]<UL><LI>Max Depth = 168 + Unknown Stack Size
<LI>Call Chain = GUI_DrawBitmap &rArr; WM__InitIVRSearch &rArr; WM__GetNextIVR &rArr; _FindNext_IVR &rArr; _Findx0 &rArr;  _Findx0 (Cycle)
</UL>
<BR>[Calls]<UL><LI><a href="#[a3]">&gt;&gt;</a>&nbsp;&nbsp;&nbsp;WM__InitIVRSearch
<LI><a href="#[a4]">&gt;&gt;</a>&nbsp;&nbsp;&nbsp;WM__GetNextIVR
<LI><a href="#[9e]">&gt;&gt;</a>&nbsp;&nbsp;&nbsp;GL_DrawBitmap
<LI><a href="#[9b]">&gt;&gt;</a>&nbsp;&nbsp;&nbsp;GUI_Unlock
<LI><a href="#[99]">&gt;&gt;</a>&nbsp;&nbsp;&nbsp;GUI_Lock
</UL>
<BR>[Called By]<UL><LI><a href="#[260]">&gt;&gt;</a>&nbsp;&nbsp;&nbsp;news2
<LI><a href="#[25f]">&gt;&gt;</a>&nbsp;&nbsp;&nbsp;news
<LI><a href="#[25e]">&gt;&gt;</a>&nbsp;&nbsp;&nbsp;master
<LI><a href="#[25d]">&gt;&gt;</a>&nbsp;&nbsp;&nbsp;change
<LI><a href="#[24a]">&gt;&gt;</a>&nbsp;&nbsp;&nbsp;GSMface
</UL>

<P><STRONG><a name="[a9]"></a>GUI_DrawBitmapEx</STRONG> (Thumb, 260 bytes, Stack size 64 bytes, gui_drawbitmapex.o(.text))
<BR><BR>[Stack]<UL><LI>Max Depth = 208 + Unknown Stack Size
<LI>Call Chain = GUI_DrawBitmapEx &rArr; WM__InitIVRSearch &rArr; WM__GetNextIVR &rArr; _FindNext_IVR &rArr; _Findx0 &rArr;  _Findx0 (Cycle)
</UL>
<BR>[Calls]<UL><LI><a href="#[a6]">&gt;&gt;</a>&nbsp;&nbsp;&nbsp;GUI__DivideRound32
<LI><a href="#[aa]">&gt;&gt;</a>&nbsp;&nbsp;&nbsp;GUI_GetColor
<LI><a href="#[a5]">&gt;&gt;</a>&nbsp;&nbsp;&nbsp;GL_DrawBitmapEx
<LI><a href="#[a3]">&gt;&gt;</a>&nbsp;&nbsp;&nbsp;WM__InitIVRSearch
<LI><a href="#[a4]">&gt;&gt;</a>&nbsp;&nbsp;&nbsp;WM__GetNextIVR
<LI><a href="#[9b]">&gt;&gt;</a>&nbsp;&nbsp;&nbsp;GUI_Unlock
<LI><a href="#[99]">&gt;&gt;</a>&nbsp;&nbsp;&nbsp;GUI_Lock
<LI><a href="#[ab]">&gt;&gt;</a>&nbsp;&nbsp;&nbsp;GUI_SetColor
</UL>
<BR>[Called By]<UL><LI><a href="#[25d]">&gt;&gt;</a>&nbsp;&nbsp;&nbsp;change
</UL>

<P><STRONG><a name="[ac]"></a>GUI_Exec1</STRONG> (Thumb, 28 bytes, Stack size 8 bytes, gui_exec.o(.text))
<BR><BR>[Stack]<UL><LI>Max Depth = 444 + Unknown Stack Size
<LI>Call Chain = GUI_Exec1 &rArr; WM_Exec &rArr; WM_Exec1 &rArr; _Paint &rArr; GUI_MEMDEV_Draw &rArr; GUI_MEMDEV_CreateEx &rArr; GUI_MEMDEV__CreateFixed &rArr; GUI_USAGE_BM_Create &rArr; GUI_ALLOC_AllocZero &rArr; GUI_ALLOC_AllocNoInit &rArr; GUI_Unlock &rArr; GUI_X_Unlock &rArr; OSSemPost &rArr; OS_EventTaskRdy &rArr; OS_EventTaskRemove
</UL>
<BR>[Calls]<UL><LI><a href="#[ad]">&gt;&gt;</a>&nbsp;&nbsp;&nbsp;WM_Exec
</UL>
<BR>[Called By]<UL><LI><a href="#[ae]">&gt;&gt;</a>&nbsp;&nbsp;&nbsp;GUI_Exec
</UL>

<P><STRONG><a name="[ae]"></a>GUI_Exec</STRONG> (Thumb, 20 bytes, Stack size 8 bytes, gui_exec.o(.text))
<BR><BR>[Stack]<UL><LI>Max Depth = 452 + Unknown Stack Size
<LI>Call Chain = GUI_Exec &rArr; GUI_Exec1 &rArr; WM_Exec &rArr; WM_Exec1 &rArr; _Paint &rArr; GUI_MEMDEV_Draw &rArr; GUI_MEMDEV_CreateEx &rArr; GUI_MEMDEV__CreateFixed &rArr; GUI_USAGE_BM_Create &rArr; GUI_ALLOC_AllocZero &rArr; GUI_ALLOC_AllocNoInit &rArr; GUI_Unlock &rArr; GUI_X_Unlock &rArr; OSSemPost &rArr; OS_EventTaskRdy &rArr; OS_EventTaskRemove
</UL>
<BR>[Calls]<UL><LI><a href="#[ac]">&gt;&gt;</a>&nbsp;&nbsp;&nbsp;GUI_Exec1
</UL>
<BR>[Called By]<UL><LI><a href="#[d9]">&gt;&gt;</a>&nbsp;&nbsp;&nbsp;GUI_Delay
<LI><a href="#[25d]">&gt;&gt;</a>&nbsp;&nbsp;&nbsp;change
<LI><a href="#[1f4]">&gt;&gt;</a>&nbsp;&nbsp;&nbsp;GUI_ExecCreatedDialog
</UL>

<P><STRONG><a name="[b0]"></a>GUI_GetKey</STRONG> (Thumb, 10 bytes, Stack size 0 bytes, gui_onkey.o(.text))
<BR><BR>[Called By]<UL><LI><a href="#[af]">&gt;&gt;</a>&nbsp;&nbsp;&nbsp;GUI_ClearKeyBuffer
<LI><a href="#[24b]">&gt;&gt;</a>&nbsp;&nbsp;&nbsp;GUIDEMO_CheckCancel
<LI><a href="#[260]">&gt;&gt;</a>&nbsp;&nbsp;&nbsp;news2
<LI><a href="#[25f]">&gt;&gt;</a>&nbsp;&nbsp;&nbsp;news
<LI><a href="#[25e]">&gt;&gt;</a>&nbsp;&nbsp;&nbsp;master
<LI><a href="#[24a]">&gt;&gt;</a>&nbsp;&nbsp;&nbsp;GSMface
</UL>

<P><STRONG><a name="[b3]"></a>GUI_StoreKey</STRONG> (Thumb, 12 bytes, Stack size 0 bytes, gui_onkey.o(.text))
<BR><BR>[Called By]<UL><LI><a href="#[b1]">&gt;&gt;</a>&nbsp;&nbsp;&nbsp;GUI_PollKeyMsg
<LI><a href="#[4c]">&gt;&gt;</a>&nbsp;&nbsp;&nbsp;cbBackWin
<LI><a href="#[f5]">&gt;&gt;</a>&nbsp;&nbsp;&nbsp;_ButtonReleased
</UL>

<P><STRONG><a name="[af]"></a>GUI_ClearKeyBuffer</STRONG> (Thumb, 12 bytes, Stack size 4 bytes, gui_onkey.o(.text))
<BR><BR>[Stack]<UL><LI>Max Depth = 4<LI>Call Chain = GUI_ClearKeyBuffer
</UL>
<BR>[Calls]<UL><LI><a href="#[b0]">&gt;&gt;</a>&nbsp;&nbsp;&nbsp;GUI_GetKey
</UL>
<BR>[Called By]<UL><LI><a href="#[260]">&gt;&gt;</a>&nbsp;&nbsp;&nbsp;news2
<LI><a href="#[25f]">&gt;&gt;</a>&nbsp;&nbsp;&nbsp;news
<LI><a href="#[25e]">&gt;&gt;</a>&nbsp;&nbsp;&nbsp;master
<LI><a href="#[24a]">&gt;&gt;</a>&nbsp;&nbsp;&nbsp;GSMface
</UL>

<P><STRONG><a name="[b5]"></a>GUI_StoreKeyMsg</STRONG> (Thumb, 14 bytes, Stack size 0 bytes, gui_onkey.o(.text), UNUSED)
<BR><BR>[Called By]<UL><LI><a href="#[b4]">&gt;&gt;</a>&nbsp;&nbsp;&nbsp;GUI_SendKeyMsg
</UL>

<P><STRONG><a name="[b1]"></a>GUI_PollKeyMsg</STRONG> (Thumb, 54 bytes, Stack size 16 bytes, gui_onkey.o(.text))
<BR><BR>[Stack]<UL><LI>Max Depth = 212 + Unknown Stack Size
<LI>Call Chain = GUI_PollKeyMsg &rArr; WM_OnKey &rArr; WM__SendMessage &rArr; WM_DefaultProc &rArr; WM_InvalidateRect &rArr; WM_InvalidateArea &rArr; GUI_Unlock &rArr; GUI_X_Unlock &rArr; OSSemPost &rArr; OS_EventTaskRdy &rArr; OS_EventTaskRemove
</UL>
<BR>[Calls]<UL><LI><a href="#[b2]">&gt;&gt;</a>&nbsp;&nbsp;&nbsp;WM_OnKey
<LI><a href="#[b3]">&gt;&gt;</a>&nbsp;&nbsp;&nbsp;GUI_StoreKey
<LI><a href="#[9b]">&gt;&gt;</a>&nbsp;&nbsp;&nbsp;GUI_Unlock
<LI><a href="#[99]">&gt;&gt;</a>&nbsp;&nbsp;&nbsp;GUI_Lock
</UL>
<BR>[Called By]<UL><LI><a href="#[12f]">&gt;&gt;</a>&nbsp;&nbsp;&nbsp;WM_Exec1
</UL>

<P><STRONG><a name="[b4]"></a>GUI_SendKeyMsg</STRONG> (Thumb, 26 bytes, Stack size 16 bytes, gui_onkey.o(.text), UNUSED)
<BR><BR>[Calls]<UL><LI><a href="#[b2]">&gt;&gt;</a>&nbsp;&nbsp;&nbsp;WM_OnKey
<LI><a href="#[b5]">&gt;&gt;</a>&nbsp;&nbsp;&nbsp;GUI_StoreKeyMsg
</UL>

<P><STRONG><a name="[b6]"></a>GUI_SaveContext_W_M</STRONG> (Thumb, 8 bytes, Stack size 0 bytes, gui_savecontext.o(.text))
<BR><BR>[Stack]<UL><LI>Max Depth = 8<LI>Call Chain = GUI_SaveContext_W_M &rArr; __aeabi_memcpy4
</UL>
<BR>[Calls]<UL><LI><a href="#[b7]">&gt;&gt;</a>&nbsp;&nbsp;&nbsp;__aeabi_memcpy4
</UL>
<BR>[Called By]<UL><LI><a href="#[250]">&gt;&gt;</a>&nbsp;&nbsp;&nbsp;GUIDEMO_ShowIntro
<LI><a href="#[12f]">&gt;&gt;</a>&nbsp;&nbsp;&nbsp;WM_Exec1
</UL>

<P><STRONG><a name="[b8]"></a>GUI_RestoreContext</STRONG> (Thumb, 10 bytes, Stack size 0 bytes, gui_savecontext.o(.text))
<BR><BR>[Stack]<UL><LI>Max Depth = 8<LI>Call Chain = GUI_RestoreContext &rArr; __aeabi_memcpy4
</UL>
<BR>[Calls]<UL><LI><a href="#[b7]">&gt;&gt;</a>&nbsp;&nbsp;&nbsp;__aeabi_memcpy4
</UL>
<BR>[Called By]<UL><LI><a href="#[250]">&gt;&gt;</a>&nbsp;&nbsp;&nbsp;GUIDEMO_ShowIntro
<LI><a href="#[12f]">&gt;&gt;</a>&nbsp;&nbsp;&nbsp;WM_Exec1
</UL>

<P><STRONG><a name="[b9]"></a>GUI_SetBkColor</STRONG> (Thumb, 22 bytes, Stack size 8 bytes, gui_setcolor.o(.text))
<BR><BR>[Stack]<UL><LI>Max Depth = 76 + Unknown Stack Size
<LI>Call Chain = GUI_SetBkColor &rArr; GUI_Unlock &rArr; GUI_X_Unlock &rArr; OSSemPost &rArr; OS_EventTaskRdy &rArr; OS_EventTaskRemove
</UL>
<BR>[Calls]<UL><LI><a href="#[ba]">&gt;&gt;</a>&nbsp;&nbsp;&nbsp;LCD_SetBkColor
<LI><a href="#[9b]">&gt;&gt;</a>&nbsp;&nbsp;&nbsp;GUI_Unlock
<LI><a href="#[99]">&gt;&gt;</a>&nbsp;&nbsp;&nbsp;GUI_Lock
</UL>
<BR>[Called By]<UL><LI><a href="#[bc]">&gt;&gt;</a>&nbsp;&nbsp;&nbsp;GL_SetDefault
<LI><a href="#[250]">&gt;&gt;</a>&nbsp;&nbsp;&nbsp;GUIDEMO_ShowIntro
<LI><a href="#[260]">&gt;&gt;</a>&nbsp;&nbsp;&nbsp;news2
<LI><a href="#[25f]">&gt;&gt;</a>&nbsp;&nbsp;&nbsp;news
<LI><a href="#[25e]">&gt;&gt;</a>&nbsp;&nbsp;&nbsp;master
<LI><a href="#[25d]">&gt;&gt;</a>&nbsp;&nbsp;&nbsp;change
<LI><a href="#[24a]">&gt;&gt;</a>&nbsp;&nbsp;&nbsp;GSMface
<LI><a href="#[4c]">&gt;&gt;</a>&nbsp;&nbsp;&nbsp;cbBackWin
</UL>

<P><STRONG><a name="[ab]"></a>GUI_SetColor</STRONG> (Thumb, 22 bytes, Stack size 8 bytes, gui_setcolor.o(.text))
<BR><BR>[Stack]<UL><LI>Max Depth = 76 + Unknown Stack Size
<LI>Call Chain = GUI_SetColor &rArr; GUI_Unlock &rArr; GUI_X_Unlock &rArr; OSSemPost &rArr; OS_EventTaskRdy &rArr; OS_EventTaskRemove
</UL>
<BR>[Calls]<UL><LI><a href="#[bb]">&gt;&gt;</a>&nbsp;&nbsp;&nbsp;LCD_SetColor
<LI><a href="#[9b]">&gt;&gt;</a>&nbsp;&nbsp;&nbsp;GUI_Unlock
<LI><a href="#[99]">&gt;&gt;</a>&nbsp;&nbsp;&nbsp;GUI_Lock
</UL>
<BR>[Called By]<UL><LI><a href="#[bc]">&gt;&gt;</a>&nbsp;&nbsp;&nbsp;GL_SetDefault
<LI><a href="#[a9]">&gt;&gt;</a>&nbsp;&nbsp;&nbsp;GUI_DrawBitmapEx
<LI><a href="#[250]">&gt;&gt;</a>&nbsp;&nbsp;&nbsp;GUIDEMO_ShowIntro
<LI><a href="#[260]">&gt;&gt;</a>&nbsp;&nbsp;&nbsp;news2
<LI><a href="#[25f]">&gt;&gt;</a>&nbsp;&nbsp;&nbsp;news
<LI><a href="#[24a]">&gt;&gt;</a>&nbsp;&nbsp;&nbsp;GSMface
<LI><a href="#[5c]">&gt;&gt;</a>&nbsp;&nbsp;&nbsp;GUIPROP_DispChar
</UL>

<P><STRONG><a name="[bc]"></a>GL_SetDefault</STRONG> (Thumb, 56 bytes, Stack size 8 bytes, gui_setdefault.o(.text))
<BR><BR>[Stack]<UL><LI>Max Depth = 92 + Unknown Stack Size
<LI>Call Chain = GL_SetDefault &rArr; GUI_SetPenSize &rArr; GUI_Unlock &rArr; GUI_X_Unlock &rArr; OSSemPost &rArr; OS_EventTaskRdy &rArr; OS_EventTaskRemove
</UL>
<BR>[Calls]<UL><LI><a href="#[bd]">&gt;&gt;</a>&nbsp;&nbsp;&nbsp;GUI_SetPenSize
<LI><a href="#[c0]">&gt;&gt;</a>&nbsp;&nbsp;&nbsp;GUI_SetLineStyle
<LI><a href="#[9f]">&gt;&gt;</a>&nbsp;&nbsp;&nbsp;GUI_SetDrawMode
<LI><a href="#[9d]">&gt;&gt;</a>&nbsp;&nbsp;&nbsp;GUI_SetTextAlign
<LI><a href="#[ab]">&gt;&gt;</a>&nbsp;&nbsp;&nbsp;GUI_SetColor
<LI><a href="#[be]">&gt;&gt;</a>&nbsp;&nbsp;&nbsp;GUI_SetTextMode
<LI><a href="#[bf]">&gt;&gt;</a>&nbsp;&nbsp;&nbsp;GUI_SetFont
<LI><a href="#[b9]">&gt;&gt;</a>&nbsp;&nbsp;&nbsp;GUI_SetBkColor
</UL>
<BR>[Called By]<UL><LI><a href="#[c1]">&gt;&gt;</a>&nbsp;&nbsp;&nbsp;GUI_SetDefault
<LI><a href="#[12a]">&gt;&gt;</a>&nbsp;&nbsp;&nbsp;WM_SetDefault
</UL>

<P><STRONG><a name="[c1]"></a>GUI_SetDefault</STRONG> (Thumb, 18 bytes, Stack size 8 bytes, gui_setdefault.o(.text))
<BR><BR>[Stack]<UL><LI>Max Depth = 100 + Unknown Stack Size
<LI>Call Chain = GUI_SetDefault &rArr; GL_SetDefault &rArr; GUI_SetPenSize &rArr; GUI_Unlock &rArr; GUI_X_Unlock &rArr; OSSemPost &rArr; OS_EventTaskRdy &rArr; OS_EventTaskRemove
</UL>
<BR>[Calls]<UL><LI><a href="#[bc]">&gt;&gt;</a>&nbsp;&nbsp;&nbsp;GL_SetDefault
<LI><a href="#[9b]">&gt;&gt;</a>&nbsp;&nbsp;&nbsp;GUI_Unlock
<LI><a href="#[99]">&gt;&gt;</a>&nbsp;&nbsp;&nbsp;GUI_Lock
</UL>
<BR>[Called By]<UL><LI><a href="#[250]">&gt;&gt;</a>&nbsp;&nbsp;&nbsp;GUIDEMO_ShowIntro
</UL>

<P><STRONG><a name="[bf]"></a>GUI_SetFont</STRONG> (Thumb, 24 bytes, Stack size 16 bytes, gui_setfont.o(.text))
<BR><BR>[Stack]<UL><LI>Max Depth = 84 + Unknown Stack Size
<LI>Call Chain = GUI_SetFont &rArr; GUI_Unlock &rArr; GUI_X_Unlock &rArr; OSSemPost &rArr; OS_EventTaskRdy &rArr; OS_EventTaskRemove
</UL>
<BR>[Calls]<UL><LI><a href="#[9b]">&gt;&gt;</a>&nbsp;&nbsp;&nbsp;GUI_Unlock
<LI><a href="#[99]">&gt;&gt;</a>&nbsp;&nbsp;&nbsp;GUI_Lock
</UL>
<BR>[Called By]<UL><LI><a href="#[bc]">&gt;&gt;</a>&nbsp;&nbsp;&nbsp;GL_SetDefault
<LI><a href="#[250]">&gt;&gt;</a>&nbsp;&nbsp;&nbsp;GUIDEMO_ShowIntro
<LI><a href="#[260]">&gt;&gt;</a>&nbsp;&nbsp;&nbsp;news2
<LI><a href="#[25f]">&gt;&gt;</a>&nbsp;&nbsp;&nbsp;news
<LI><a href="#[25e]">&gt;&gt;</a>&nbsp;&nbsp;&nbsp;master
<LI><a href="#[25d]">&gt;&gt;</a>&nbsp;&nbsp;&nbsp;change
<LI><a href="#[24a]">&gt;&gt;</a>&nbsp;&nbsp;&nbsp;GSMface
<LI><a href="#[e6]">&gt;&gt;</a>&nbsp;&nbsp;&nbsp;_Paint
</UL>

<P><STRONG><a name="[be]"></a>GUI_SetTextMode</STRONG> (Thumb, 24 bytes, Stack size 16 bytes, gui_settextmode.o(.text))
<BR><BR>[Stack]<UL><LI>Max Depth = 84 + Unknown Stack Size
<LI>Call Chain = GUI_SetTextMode &rArr; GUI_Unlock &rArr; GUI_X_Unlock &rArr; OSSemPost &rArr; OS_EventTaskRdy &rArr; OS_EventTaskRemove
</UL>
<BR>[Calls]<UL><LI><a href="#[9b]">&gt;&gt;</a>&nbsp;&nbsp;&nbsp;GUI_Unlock
<LI><a href="#[99]">&gt;&gt;</a>&nbsp;&nbsp;&nbsp;GUI_Lock
</UL>
<BR>[Called By]<UL><LI><a href="#[bc]">&gt;&gt;</a>&nbsp;&nbsp;&nbsp;GL_SetDefault
<LI><a href="#[25d]">&gt;&gt;</a>&nbsp;&nbsp;&nbsp;change
<LI><a href="#[e6]">&gt;&gt;</a>&nbsp;&nbsp;&nbsp;_Paint
</UL>

<P><STRONG><a name="[316]"></a>GUI_TOUCH_GetxPhys</STRONG> (Thumb, 6 bytes, Stack size 0 bytes, gui_touch_driveranalog.o(.text), UNUSED)

<P><STRONG><a name="[317]"></a>GUI_TOUCH_GetyPhys</STRONG> (Thumb, 6 bytes, Stack size 0 bytes, gui_touch_driveranalog.o(.text), UNUSED)

<P><STRONG><a name="[318]"></a>GUI_TOUCH_SetDefaultCalibration</STRONG> (Thumb, 30 bytes, Stack size 0 bytes, gui_touch_driveranalog.o(.text), UNUSED)

<P><STRONG><a name="[319]"></a>GUI_TOUCH_Calibrate</STRONG> (Thumb, 78 bytes, Stack size 20 bytes, gui_touch_driveranalog.o(.text), UNUSED)

<P><STRONG><a name="[31a]"></a>GUI_TOUCH_GetCalData</STRONG> (Thumb, 22 bytes, Stack size 8 bytes, gui_touch_driveranalog.o(.text), UNUSED)

<P><STRONG><a name="[c4]"></a>GUI_TOUCH_Exec</STRONG> (Thumb, 162 bytes, Stack size 16 bytes, gui_touch_driveranalog.o(.text))
<BR><BR>[Stack]<UL><LI>Max Depth = 88<LI>Call Chain = GUI_TOUCH_Exec &rArr; GUI_TOUCH_X_MeasureY &rArr; TPReadY &rArr; SPI_WriteByte
</UL>
<BR>[Calls]<UL><LI><a href="#[c5]">&gt;&gt;</a>&nbsp;&nbsp;&nbsp;GUI_TOUCH_X_MeasureY
<LI><a href="#[c7]">&gt;&gt;</a>&nbsp;&nbsp;&nbsp;GUI_TOUCH_X_MeasureX
<LI><a href="#[c6]">&gt;&gt;</a>&nbsp;&nbsp;&nbsp;GUI_TOUCH_X_ActivateY
<LI><a href="#[c8]">&gt;&gt;</a>&nbsp;&nbsp;&nbsp;GUI_TOUCH_X_ActivateX
<LI><a href="#[c2]">&gt;&gt;</a>&nbsp;&nbsp;&nbsp;_StoreUnstable
</UL>
<BR>[Called By]<UL><LI><a href="#[52]">&gt;&gt;</a>&nbsp;&nbsp;&nbsp;AppTaskKbd
</UL>

<P><STRONG><a name="[5c]"></a>GUIPROP_DispChar</STRONG> (Thumb, 178 bytes, Stack size 56 bytes, guicharp.o(.text))
<BR><BR>[Stack]<UL><LI>Max Depth = 144 + Unknown Stack Size
<LI>Call Chain = GUIPROP_DispChar &rArr; LCD_DrawBitmap &rArr; LCD_FillRect
</UL>
<BR>[Calls]<UL><LI><a href="#[ca]">&gt;&gt;</a>&nbsp;&nbsp;&nbsp;LCD_SetDrawMode
<LI><a href="#[cc]">&gt;&gt;</a>&nbsp;&nbsp;&nbsp;LCD_FillRect
<LI><a href="#[cb]">&gt;&gt;</a>&nbsp;&nbsp;&nbsp;GUI_GetBkColor
<LI><a href="#[c9]">&gt;&gt;</a>&nbsp;&nbsp;&nbsp;GUIPROP_FindChar
<LI><a href="#[aa]">&gt;&gt;</a>&nbsp;&nbsp;&nbsp;GUI_GetColor
<LI><a href="#[a1]">&gt;&gt;</a>&nbsp;&nbsp;&nbsp;LCD_DrawBitmap
<LI><a href="#[ab]">&gt;&gt;</a>&nbsp;&nbsp;&nbsp;GUI_SetColor
</UL>
<BR>[Address Reference Count : 6]<UL><LI> f13_1.o(.constdata)
<LI> f16_1.o(.constdata)
<LI> f08_ascii.o(.constdata)
<LI> fcomic24b_ascii.o(.constdata)
<LI> f24b_1.o(.constdata)
<LI> f32_1.o(.constdata)
</UL>
<P><STRONG><a name="[5d]"></a>GUIPROP_GetCharDistX</STRONG> (Thumb, 38 bytes, Stack size 16 bytes, guicharp.o(.text))
<BR><BR>[Stack]<UL><LI>Max Depth = 16<LI>Call Chain = GUIPROP_GetCharDistX
</UL>
<BR>[Calls]<UL><LI><a href="#[c9]">&gt;&gt;</a>&nbsp;&nbsp;&nbsp;GUIPROP_FindChar
</UL>
<BR>[Address Reference Count : 6]<UL><LI> f13_1.o(.constdata)
<LI> f16_1.o(.constdata)
<LI> f08_ascii.o(.constdata)
<LI> fcomic24b_ascii.o(.constdata)
<LI> f24b_1.o(.constdata)
<LI> f32_1.o(.constdata)
</UL>
<P><STRONG><a name="[5e]"></a>GUIPROP_GetFontInfo</STRONG> (Thumb, 6 bytes, Stack size 0 bytes, guicharp.o(.text))
<BR>[Address Reference Count : 6]<UL><LI> f13_1.o(.constdata)
<LI> f16_1.o(.constdata)
<LI> f08_ascii.o(.constdata)
<LI> fcomic24b_ascii.o(.constdata)
<LI> f24b_1.o(.constdata)
<LI> f32_1.o(.constdata)
</UL>
<P><STRONG><a name="[5f]"></a>GUIPROP_IsInFont</STRONG> (Thumb, 16 bytes, Stack size 8 bytes, guicharp.o(.text))
<BR><BR>[Stack]<UL><LI>Max Depth = 8<LI>Call Chain = GUIPROP_IsInFont
</UL>
<BR>[Calls]<UL><LI><a href="#[c9]">&gt;&gt;</a>&nbsp;&nbsp;&nbsp;GUIPROP_FindChar
</UL>
<BR>[Address Reference Count : 6]<UL><LI> f13_1.o(.constdata)
<LI> f16_1.o(.constdata)
<LI> f08_ascii.o(.constdata)
<LI> fcomic24b_ascii.o(.constdata)
<LI> f24b_1.o(.constdata)
<LI> f32_1.o(.constdata)
</UL>
<P><STRONG><a name="[cd]"></a>GUI_ClearRect</STRONG> (Thumb, 96 bytes, Stack size 32 bytes, guicore.o(.text))
<BR><BR>[Stack]<UL><LI>Max Depth = 176 + Unknown Stack Size
<LI>Call Chain = GUI_ClearRect &rArr; WM__InitIVRSearch &rArr; WM__GetNextIVR &rArr; _FindNext_IVR &rArr; _Findx0 &rArr;  _Findx0 (Cycle)
</UL>
<BR>[Calls]<UL><LI><a href="#[ca]">&gt;&gt;</a>&nbsp;&nbsp;&nbsp;LCD_SetDrawMode
<LI><a href="#[cc]">&gt;&gt;</a>&nbsp;&nbsp;&nbsp;LCD_FillRect
<LI><a href="#[a3]">&gt;&gt;</a>&nbsp;&nbsp;&nbsp;WM__InitIVRSearch
<LI><a href="#[a4]">&gt;&gt;</a>&nbsp;&nbsp;&nbsp;WM__GetNextIVR
<LI><a href="#[9b]">&gt;&gt;</a>&nbsp;&nbsp;&nbsp;GUI_Unlock
<LI><a href="#[99]">&gt;&gt;</a>&nbsp;&nbsp;&nbsp;GUI_Lock
</UL>
<BR>[Called By]<UL><LI><a href="#[25d]">&gt;&gt;</a>&nbsp;&nbsp;&nbsp;change
<LI><a href="#[ce]">&gt;&gt;</a>&nbsp;&nbsp;&nbsp;GUI_Clear
</UL>

<P><STRONG><a name="[ce]"></a>GUI_Clear</STRONG> (Thumb, 26 bytes, Stack size 8 bytes, guicore.o(.text))
<BR><BR>[Stack]<UL><LI>Max Depth = 184 + Unknown Stack Size
<LI>Call Chain = GUI_Clear &rArr; GUI_ClearRect &rArr; WM__InitIVRSearch &rArr; WM__GetNextIVR &rArr; _FindNext_IVR &rArr; _Findx0 &rArr;  _Findx0 (Cycle)
</UL>
<BR>[Calls]<UL><LI><a href="#[cf]">&gt;&gt;</a>&nbsp;&nbsp;&nbsp;GUI_GotoXY
<LI><a href="#[cd]">&gt;&gt;</a>&nbsp;&nbsp;&nbsp;GUI_ClearRect
</UL>
<BR>[Called By]<UL><LI><a href="#[250]">&gt;&gt;</a>&nbsp;&nbsp;&nbsp;GUIDEMO_ShowIntro
<LI><a href="#[260]">&gt;&gt;</a>&nbsp;&nbsp;&nbsp;news2
<LI><a href="#[25f]">&gt;&gt;</a>&nbsp;&nbsp;&nbsp;news
<LI><a href="#[25e]">&gt;&gt;</a>&nbsp;&nbsp;&nbsp;master
<LI><a href="#[25d]">&gt;&gt;</a>&nbsp;&nbsp;&nbsp;change
<LI><a href="#[22d]">&gt;&gt;</a>&nbsp;&nbsp;&nbsp;MainTask
<LI><a href="#[4c]">&gt;&gt;</a>&nbsp;&nbsp;&nbsp;cbBackWin
<LI><a href="#[e6]">&gt;&gt;</a>&nbsp;&nbsp;&nbsp;_Paint
</UL>

<P><STRONG><a name="[d0]"></a>GUI_Init</STRONG> (Thumb, 104 bytes, Stack size 16 bytes, guicore.o(.text))
<BR><BR>[Stack]<UL><LI>Max Depth = 244 + Unknown Stack Size
<LI>Call Chain = GUI_Init &rArr; WM_Init &rArr; WM_CreateWindow &rArr; WM_CreateWindowAsChild &rArr; WM_BringToBottom &rArr; WM__GetPrevSibling &rArr; WM__GetFirstSibling &rArr; WM_GetParent &rArr; GUI_Unlock &rArr; GUI_X_Unlock &rArr; OSSemPost &rArr; OS_EventTaskRdy &rArr; OS_EventTaskRemove
</UL>
<BR>[Calls]<UL><LI><a href="#[d1]">&gt;&gt;</a>&nbsp;&nbsp;&nbsp;GUI_X_Init
<LI><a href="#[d5]">&gt;&gt;</a>&nbsp;&nbsp;&nbsp;WM_Init
<LI><a href="#[d2]">&gt;&gt;</a>&nbsp;&nbsp;&nbsp;WM_GetDesktopWindow
<LI><a href="#[70]">&gt;&gt;</a>&nbsp;&nbsp;&nbsp;LCD_L0_GetRect
<LI><a href="#[d4]">&gt;&gt;</a>&nbsp;&nbsp;&nbsp;LCD_Init
<LI><a href="#[d3]">&gt;&gt;</a>&nbsp;&nbsp;&nbsp;GUITASK_Init
<LI><a href="#[d6]">&gt;&gt;</a>&nbsp;&nbsp;&nbsp;GUITASK_CopyContext
<LI><a href="#[bb]">&gt;&gt;</a>&nbsp;&nbsp;&nbsp;LCD_SetColor
<LI><a href="#[ba]">&gt;&gt;</a>&nbsp;&nbsp;&nbsp;LCD_SetBkColor
</UL>
<BR>[Called By]<UL><LI><a href="#[22b]">&gt;&gt;</a>&nbsp;&nbsp;&nbsp;BSP_Init
</UL>

<P><STRONG><a name="[d7]"></a>GUI_GetTime</STRONG> (Thumb, 4 bytes, Stack size 0 bytes, guitime.o(.text))
<BR><BR>[Stack]<UL><LI>Max Depth = 24 + Unknown Stack Size
<LI>Call Chain = GUI_GetTime &rArr; GUI_X_GetTime &rArr; OSTimeGet
</UL>
<BR>[Calls]<UL><LI><a href="#[d8]">&gt;&gt;</a>&nbsp;&nbsp;&nbsp;GUI_X_GetTime
</UL>
<BR>[Called By]<UL><LI><a href="#[24c]">&gt;&gt;</a>&nbsp;&nbsp;&nbsp;GUIDEMO_Delay
<LI><a href="#[25d]">&gt;&gt;</a>&nbsp;&nbsp;&nbsp;change
</UL>

<P><STRONG><a name="[d9]"></a>GUI_Delay</STRONG> (Thumb, 42 bytes, Stack size 16 bytes, guitime.o(.text))
<BR><BR>[Stack]<UL><LI>Max Depth = 468 + Unknown Stack Size
<LI>Call Chain = GUI_Delay &rArr; GUI_Exec &rArr; GUI_Exec1 &rArr; WM_Exec &rArr; WM_Exec1 &rArr; _Paint &rArr; GUI_MEMDEV_Draw &rArr; GUI_MEMDEV_CreateEx &rArr; GUI_MEMDEV__CreateFixed &rArr; GUI_USAGE_BM_Create &rArr; GUI_ALLOC_AllocZero &rArr; GUI_ALLOC_AllocNoInit &rArr; GUI_Unlock &rArr; GUI_X_Unlock &rArr; OSSemPost &rArr; OS_EventTaskRdy &rArr; OS_EventTaskRemove
</UL>
<BR>[Calls]<UL><LI><a href="#[d8]">&gt;&gt;</a>&nbsp;&nbsp;&nbsp;GUI_X_GetTime
<LI><a href="#[da]">&gt;&gt;</a>&nbsp;&nbsp;&nbsp;GUI_X_Delay
<LI><a href="#[ae]">&gt;&gt;</a>&nbsp;&nbsp;&nbsp;GUI_Exec
</UL>
<BR>[Called By]<UL><LI><a href="#[24c]">&gt;&gt;</a>&nbsp;&nbsp;&nbsp;GUIDEMO_Delay
<LI><a href="#[24b]">&gt;&gt;</a>&nbsp;&nbsp;&nbsp;GUIDEMO_CheckCancel
<LI><a href="#[260]">&gt;&gt;</a>&nbsp;&nbsp;&nbsp;news2
<LI><a href="#[25f]">&gt;&gt;</a>&nbsp;&nbsp;&nbsp;news
<LI><a href="#[25e]">&gt;&gt;</a>&nbsp;&nbsp;&nbsp;master
<LI><a href="#[24a]">&gt;&gt;</a>&nbsp;&nbsp;&nbsp;GSMface
</UL>

<P><STRONG><a name="[db]"></a>GUI_DispDecShift</STRONG> (Thumb, 20 bytes, Stack size 24 bytes, guival.o(.text), UNUSED)
<BR><BR>[Calls]<UL><LI><a href="#[9a]">&gt;&gt;</a>&nbsp;&nbsp;&nbsp;GUI_DispString
<LI><a href="#[dc]">&gt;&gt;</a>&nbsp;&nbsp;&nbsp;GUI_AddDecShift
</UL>
<BR>[Called By]<UL><LI><a href="#[e4]">&gt;&gt;</a>&nbsp;&nbsp;&nbsp;GUI_DispDec
</UL>

<P><STRONG><a name="[dd]"></a>GUI_DispSDecShift</STRONG> (Thumb, 36 bytes, Stack size 32 bytes, guival.o(.text), UNUSED)
<BR><BR>[Calls]<UL><LI><a href="#[9a]">&gt;&gt;</a>&nbsp;&nbsp;&nbsp;GUI_DispString
<LI><a href="#[de]">&gt;&gt;</a>&nbsp;&nbsp;&nbsp;GUI_AddSign
<LI><a href="#[dc]">&gt;&gt;</a>&nbsp;&nbsp;&nbsp;GUI_AddDecShift
</UL>
<BR>[Called By]<UL><LI><a href="#[e3]">&gt;&gt;</a>&nbsp;&nbsp;&nbsp;GUI_DispSDec
</UL>

<P><STRONG><a name="[df]"></a>GUI_DispDecMin</STRONG> (Thumb, 20 bytes, Stack size 24 bytes, guival.o(.text), UNUSED)
<BR><BR>[Calls]<UL><LI><a href="#[9a]">&gt;&gt;</a>&nbsp;&nbsp;&nbsp;GUI_DispString
<LI><a href="#[e0]">&gt;&gt;</a>&nbsp;&nbsp;&nbsp;GUI_AddDecMin
</UL>

<P><STRONG><a name="[e1]"></a>GUI_DispDecSpace</STRONG> (Thumb, 72 bytes, Stack size 32 bytes, guival.o(.text), UNUSED)
<BR><BR>[Calls]<UL><LI><a href="#[9a]">&gt;&gt;</a>&nbsp;&nbsp;&nbsp;GUI_DispString
<LI><a href="#[e2]">&gt;&gt;</a>&nbsp;&nbsp;&nbsp;GUI_Long2Len
<LI><a href="#[de]">&gt;&gt;</a>&nbsp;&nbsp;&nbsp;GUI_AddSign
<LI><a href="#[e0]">&gt;&gt;</a>&nbsp;&nbsp;&nbsp;GUI_AddDecMin
</UL>

<P><STRONG><a name="[e3]"></a>GUI_DispSDec</STRONG> (Thumb, 4 bytes, Stack size 0 bytes, guival.o(.text), UNUSED)
<BR><BR>[Calls]<UL><LI><a href="#[dd]">&gt;&gt;</a>&nbsp;&nbsp;&nbsp;GUI_DispSDecShift
</UL>

<P><STRONG><a name="[e4]"></a>GUI_DispDec</STRONG> (Thumb, 4 bytes, Stack size 0 bytes, guival.o(.text), UNUSED)
<BR><BR>[Calls]<UL><LI><a href="#[db]">&gt;&gt;</a>&nbsp;&nbsp;&nbsp;GUI_DispDecShift
</UL>

<P><STRONG><a name="[e5]"></a>GUI_DispDecAt</STRONG> (Thumb, 32 bytes, Stack size 32 bytes, guival.o(.text))
<BR><BR>[Stack]<UL><LI>Max Depth = 256 + Unknown Stack Size
<LI>Call Chain = GUI_DispDecAt &rArr; GUI_DispStringAt &rArr; GUI_DispString &rArr; GUI__DispLine &rArr; WM__InitIVRSearch &rArr; WM__GetNextIVR &rArr; _FindNext_IVR &rArr; _Findx0 &rArr;  _Findx0 (Cycle)
</UL>
<BR>[Calls]<UL><LI><a href="#[98]">&gt;&gt;</a>&nbsp;&nbsp;&nbsp;GUI_DispStringAt
<LI><a href="#[dc]">&gt;&gt;</a>&nbsp;&nbsp;&nbsp;GUI_AddDecShift
</UL>
<BR>[Called By]<UL><LI><a href="#[260]">&gt;&gt;</a>&nbsp;&nbsp;&nbsp;news2
<LI><a href="#[25f]">&gt;&gt;</a>&nbsp;&nbsp;&nbsp;news
</UL>

<P><STRONG><a name="[186]"></a>LCD_GetXSize</STRONG> (Thumb, 6 bytes, Stack size 0 bytes, lcdinfo0.o(.text))
<BR><BR>[Called By]<UL><LI><a href="#[250]">&gt;&gt;</a>&nbsp;&nbsp;&nbsp;GUIDEMO_ShowIntro
<LI><a href="#[25d]">&gt;&gt;</a>&nbsp;&nbsp;&nbsp;change
<LI><a href="#[135]">&gt;&gt;</a>&nbsp;&nbsp;&nbsp;GUI_MEMDEV_Draw
</UL>

<P><STRONG><a name="[188]"></a>LCD_GetYSize</STRONG> (Thumb, 4 bytes, Stack size 0 bytes, lcdinfo0.o(.text))
<BR><BR>[Called By]<UL><LI><a href="#[250]">&gt;&gt;</a>&nbsp;&nbsp;&nbsp;GUIDEMO_ShowIntro
<LI><a href="#[25d]">&gt;&gt;</a>&nbsp;&nbsp;&nbsp;change
<LI><a href="#[135]">&gt;&gt;</a>&nbsp;&nbsp;&nbsp;GUI_MEMDEV_Draw
</UL>

<P><STRONG><a name="[31b]"></a>LCD_GetVXSize</STRONG> (Thumb, 6 bytes, Stack size 0 bytes, lcdinfo0.o(.text), UNUSED)

<P><STRONG><a name="[31c]"></a>LCD_GetVYSize</STRONG> (Thumb, 4 bytes, Stack size 0 bytes, lcdinfo0.o(.text), UNUSED)

<P><STRONG><a name="[31d]"></a>LCD_GetBitsPerPixel</STRONG> (Thumb, 4 bytes, Stack size 0 bytes, lcdinfo0.o(.text), UNUSED)

<P><STRONG><a name="[1e1]"></a>LCD_GetNumColors</STRONG> (Thumb, 6 bytes, Stack size 0 bytes, lcdinfo0.o(.text))
<BR><BR>[Called By]<UL><LI><a href="#[1df]">&gt;&gt;</a>&nbsp;&nbsp;&nbsp;GUI_MEMDEV__CreateFixed
</UL>

<P><STRONG><a name="[31e]"></a>LCD_GetYMag</STRONG> (Thumb, 4 bytes, Stack size 0 bytes, lcdinfo0.o(.text), UNUSED)

<P><STRONG><a name="[31f]"></a>LCD_GetXMag</STRONG> (Thumb, 4 bytes, Stack size 0 bytes, lcdinfo0.o(.text), UNUSED)

<P><STRONG><a name="[320]"></a>LCD_GetFixedPalette</STRONG> (Thumb, 6 bytes, Stack size 0 bytes, lcdinfo0.o(.text), UNUSED)

<P><STRONG><a name="[f1]"></a>BUTTON_Callback</STRONG> (Thumb, 158 bytes, Stack size 16 bytes, button.o(.text))
<BR><BR>[Stack]<UL><LI>Max Depth = 344 + Unknown Stack Size
<LI>Call Chain = BUTTON_Callback &rArr; _Paint &rArr; GUI_DispStringInRect &rArr; GUI_DispStringInRectMax &rArr; GUI__DispStringInRect &rArr; GUI__DispLine &rArr; WM__InitIVRSearch &rArr; WM__GetNextIVR &rArr; _FindNext_IVR &rArr; _Findx0 &rArr;  _Findx0 (Cycle)
</UL>
<BR>[Calls]<UL><LI><a href="#[f4]">&gt;&gt;</a>&nbsp;&nbsp;&nbsp;WM_NotifyParent
<LI><a href="#[f7]">&gt;&gt;</a>&nbsp;&nbsp;&nbsp;WM_DefaultProc
<LI><a href="#[f3]">&gt;&gt;</a>&nbsp;&nbsp;&nbsp;WIDGET_OrState
<LI><a href="#[f2]">&gt;&gt;</a>&nbsp;&nbsp;&nbsp;WIDGET_HandleActive
<LI><a href="#[e8]">&gt;&gt;</a>&nbsp;&nbsp;&nbsp;GUI_ALLOC_h2p
<LI><a href="#[f6]">&gt;&gt;</a>&nbsp;&nbsp;&nbsp;GUI_ALLOC_FreePtr
<LI><a href="#[f5]">&gt;&gt;</a>&nbsp;&nbsp;&nbsp;_ButtonReleased
<LI><a href="#[e6]">&gt;&gt;</a>&nbsp;&nbsp;&nbsp;_Paint
</UL>
<BR>[Address Reference Count : 1]<UL><LI> button.o(.text)
</UL>
<P><STRONG><a name="[f8]"></a>BUTTON_CreateEx</STRONG> (Thumb, 98 bytes, Stack size 48 bytes, button.o(.text))
<BR><BR>[Stack]<UL><LI>Max Depth = 212 + Unknown Stack Size
<LI>Call Chain = BUTTON_CreateEx &rArr; WM_CreateWindowAsChild &rArr; WM_BringToBottom &rArr; WM__GetPrevSibling &rArr; WM__GetFirstSibling &rArr; WM_GetParent &rArr; GUI_Unlock &rArr; GUI_X_Unlock &rArr; OSSemPost &rArr; OS_EventTaskRdy &rArr; OS_EventTaskRemove
</UL>
<BR>[Calls]<UL><LI><a href="#[9b]">&gt;&gt;</a>&nbsp;&nbsp;&nbsp;GUI_Unlock
<LI><a href="#[99]">&gt;&gt;</a>&nbsp;&nbsp;&nbsp;GUI_Lock
<LI><a href="#[f9]">&gt;&gt;</a>&nbsp;&nbsp;&nbsp;WM_CreateWindowAsChild
<LI><a href="#[fa]">&gt;&gt;</a>&nbsp;&nbsp;&nbsp;WIDGET__Init
<LI><a href="#[e8]">&gt;&gt;</a>&nbsp;&nbsp;&nbsp;GUI_ALLOC_h2p
<LI><a href="#[b7]">&gt;&gt;</a>&nbsp;&nbsp;&nbsp;__aeabi_memcpy4
</UL>
<BR>[Called By]<UL><LI><a href="#[106]">&gt;&gt;</a>&nbsp;&nbsp;&nbsp;BUTTON_Create
<LI><a href="#[107]">&gt;&gt;</a>&nbsp;&nbsp;&nbsp;BUTTON_CreateAsChild
</UL>

<P><STRONG><a name="[fb]"></a>BUTTON_SetText</STRONG> (Thumb, 44 bytes, Stack size 16 bytes, button.o(.text))
<BR><BR>[Stack]<UL><LI>Max Depth = 140 + Unknown Stack Size
<LI>Call Chain = BUTTON_SetText &rArr; WM_InvalidateWindow &rArr; WM_InvalidateRect &rArr; WM_InvalidateArea &rArr; GUI_Unlock &rArr; GUI_X_Unlock &rArr; OSSemPost &rArr; OS_EventTaskRdy &rArr; OS_EventTaskRemove
</UL>
<BR>[Calls]<UL><LI><a href="#[9b]">&gt;&gt;</a>&nbsp;&nbsp;&nbsp;GUI_Unlock
<LI><a href="#[99]">&gt;&gt;</a>&nbsp;&nbsp;&nbsp;GUI_Lock
<LI><a href="#[fd]">&gt;&gt;</a>&nbsp;&nbsp;&nbsp;WM_InvalidateWindow
<LI><a href="#[fc]">&gt;&gt;</a>&nbsp;&nbsp;&nbsp;GUI__SetText
<LI><a href="#[e8]">&gt;&gt;</a>&nbsp;&nbsp;&nbsp;GUI_ALLOC_h2p
</UL>
<BR>[Called By]<UL><LI><a href="#[260]">&gt;&gt;</a>&nbsp;&nbsp;&nbsp;news2
<LI><a href="#[25f]">&gt;&gt;</a>&nbsp;&nbsp;&nbsp;news
<LI><a href="#[25e]">&gt;&gt;</a>&nbsp;&nbsp;&nbsp;master
<LI><a href="#[24a]">&gt;&gt;</a>&nbsp;&nbsp;&nbsp;GSMface
</UL>

<P><STRONG><a name="[fe]"></a>BUTTON_SetFont</STRONG> (Thumb, 36 bytes, Stack size 16 bytes, button.o(.text), UNUSED)
<BR><BR>[Calls]<UL><LI><a href="#[9b]">&gt;&gt;</a>&nbsp;&nbsp;&nbsp;GUI_Unlock
<LI><a href="#[99]">&gt;&gt;</a>&nbsp;&nbsp;&nbsp;GUI_Lock
<LI><a href="#[fd]">&gt;&gt;</a>&nbsp;&nbsp;&nbsp;WM_InvalidateWindow
<LI><a href="#[e8]">&gt;&gt;</a>&nbsp;&nbsp;&nbsp;GUI_ALLOC_h2p
</UL>

<P><STRONG><a name="[ff]"></a>BUTTON_SetBkColor</STRONG> (Thumb, 46 bytes, Stack size 16 bytes, button.o(.text))
<BR><BR>[Stack]<UL><LI>Max Depth = 140 + Unknown Stack Size
<LI>Call Chain = BUTTON_SetBkColor &rArr; WM_InvalidateWindow &rArr; WM_InvalidateRect &rArr; WM_InvalidateArea &rArr; GUI_Unlock &rArr; GUI_X_Unlock &rArr; OSSemPost &rArr; OS_EventTaskRdy &rArr; OS_EventTaskRemove
</UL>
<BR>[Calls]<UL><LI><a href="#[9b]">&gt;&gt;</a>&nbsp;&nbsp;&nbsp;GUI_Unlock
<LI><a href="#[99]">&gt;&gt;</a>&nbsp;&nbsp;&nbsp;GUI_Lock
<LI><a href="#[fd]">&gt;&gt;</a>&nbsp;&nbsp;&nbsp;WM_InvalidateWindow
<LI><a href="#[e8]">&gt;&gt;</a>&nbsp;&nbsp;&nbsp;GUI_ALLOC_h2p
</UL>
<BR>[Called By]<UL><LI><a href="#[260]">&gt;&gt;</a>&nbsp;&nbsp;&nbsp;news2
<LI><a href="#[25f]">&gt;&gt;</a>&nbsp;&nbsp;&nbsp;news
<LI><a href="#[25e]">&gt;&gt;</a>&nbsp;&nbsp;&nbsp;master
<LI><a href="#[24a]">&gt;&gt;</a>&nbsp;&nbsp;&nbsp;GSMface
</UL>

<P><STRONG><a name="[100]"></a>BUTTON_SetTextColor</STRONG> (Thumb, 46 bytes, Stack size 16 bytes, button.o(.text), UNUSED)
<BR><BR>[Calls]<UL><LI><a href="#[9b]">&gt;&gt;</a>&nbsp;&nbsp;&nbsp;GUI_Unlock
<LI><a href="#[99]">&gt;&gt;</a>&nbsp;&nbsp;&nbsp;GUI_Lock
<LI><a href="#[fd]">&gt;&gt;</a>&nbsp;&nbsp;&nbsp;WM_InvalidateWindow
<LI><a href="#[e8]">&gt;&gt;</a>&nbsp;&nbsp;&nbsp;GUI_ALLOC_h2p
</UL>

<P><STRONG><a name="[101]"></a>BUTTON_SetState</STRONG> (Thumb, 4 bytes, Stack size 0 bytes, button.o(.text), UNUSED)
<BR><BR>[Calls]<UL><LI><a href="#[102]">&gt;&gt;</a>&nbsp;&nbsp;&nbsp;WIDGET_SetState
</UL>

<P><STRONG><a name="[103]"></a>BUTTON_SetPressed</STRONG> (Thumb, 18 bytes, Stack size 0 bytes, button.o(.text), UNUSED)
<BR><BR>[Calls]<UL><LI><a href="#[f3]">&gt;&gt;</a>&nbsp;&nbsp;&nbsp;WIDGET_OrState
<LI><a href="#[104]">&gt;&gt;</a>&nbsp;&nbsp;&nbsp;WIDGET_AndState
</UL>

<P><STRONG><a name="[105]"></a>BUTTON_SetFocussable</STRONG> (Thumb, 16 bytes, Stack size 0 bytes, button.o(.text), UNUSED)
<BR><BR>[Calls]<UL><LI><a href="#[f3]">&gt;&gt;</a>&nbsp;&nbsp;&nbsp;WIDGET_OrState
<LI><a href="#[104]">&gt;&gt;</a>&nbsp;&nbsp;&nbsp;WIDGET_AndState
</UL>

<P><STRONG><a name="[106]"></a>BUTTON_Create</STRONG> (Thumb, 40 bytes, Stack size 40 bytes, button_create.o(.text))
<BR><BR>[Stack]<UL><LI>Max Depth = 252 + Unknown Stack Size
<LI>Call Chain = BUTTON_Create &rArr; BUTTON_CreateEx &rArr; WM_CreateWindowAsChild &rArr; WM_BringToBottom &rArr; WM__GetPrevSibling &rArr; WM__GetFirstSibling &rArr; WM_GetParent &rArr; GUI_Unlock &rArr; GUI_X_Unlock &rArr; OSSemPost &rArr; OS_EventTaskRdy &rArr; OS_EventTaskRemove
</UL>
<BR>[Calls]<UL><LI><a href="#[f8]">&gt;&gt;</a>&nbsp;&nbsp;&nbsp;BUTTON_CreateEx
</UL>
<BR>[Called By]<UL><LI><a href="#[260]">&gt;&gt;</a>&nbsp;&nbsp;&nbsp;news2
<LI><a href="#[25f]">&gt;&gt;</a>&nbsp;&nbsp;&nbsp;news
<LI><a href="#[25e]">&gt;&gt;</a>&nbsp;&nbsp;&nbsp;master
<LI><a href="#[24a]">&gt;&gt;</a>&nbsp;&nbsp;&nbsp;GSMface
</UL>

<P><STRONG><a name="[107]"></a>BUTTON_CreateAsChild</STRONG> (Thumb, 38 bytes, Stack size 40 bytes, button_create.o(.text), UNUSED)
<BR><BR>[Calls]<UL><LI><a href="#[f8]">&gt;&gt;</a>&nbsp;&nbsp;&nbsp;BUTTON_CreateEx
</UL>

<P><STRONG><a name="[109]"></a>WM__RectIsNZ</STRONG> (Thumb, 32 bytes, Stack size 0 bytes, wm.o(.text))
<BR><BR>[Called By]<UL><LI><a href="#[108]">&gt;&gt;</a>&nbsp;&nbsp;&nbsp;_Invalidate1Abs
</UL>

<P><STRONG><a name="[10c]"></a>WM__Client2Screen</STRONG> (Thumb, 16 bytes, Stack size 0 bytes, wm.o(.text))
<BR><BR>[Calls]<UL><LI><a href="#[ee]">&gt;&gt;</a>&nbsp;&nbsp;&nbsp;GUI_MoveRect
</UL>
<BR>[Called By]<UL><LI><a href="#[a3]">&gt;&gt;</a>&nbsp;&nbsp;&nbsp;WM__InitIVRSearch
<LI><a href="#[125]">&gt;&gt;</a>&nbsp;&nbsp;&nbsp;WM_InvalidateRect
<LI><a href="#[10d]">&gt;&gt;</a>&nbsp;&nbsp;&nbsp;_SetClipRectUserIntersect
<LI><a href="#[193]">&gt;&gt;</a>&nbsp;&nbsp;&nbsp;_EffectRequiresRedraw
</UL>

<P><STRONG><a name="[111]"></a>WM__ClipAtParentBorders</STRONG> (Thumb, 62 bytes, Stack size 24 bytes, wm.o(.text))
<BR><BR>[Stack]<UL><LI>Max Depth = 24<LI>Call Chain = WM__ClipAtParentBorders
</UL>
<BR>[Calls]<UL><LI><a href="#[110]">&gt;&gt;</a>&nbsp;&nbsp;&nbsp;GUI__IntersectRect
<LI><a href="#[e8]">&gt;&gt;</a>&nbsp;&nbsp;&nbsp;GUI_ALLOC_h2p
</UL>
<BR>[Called By]<UL><LI><a href="#[a3]">&gt;&gt;</a>&nbsp;&nbsp;&nbsp;WM__InitIVRSearch
<LI><a href="#[125]">&gt;&gt;</a>&nbsp;&nbsp;&nbsp;WM_InvalidateRect
<LI><a href="#[112]">&gt;&gt;</a>&nbsp;&nbsp;&nbsp;WM__ActivateClipRect
<LI><a href="#[130]">&gt;&gt;</a>&nbsp;&nbsp;&nbsp;_Paint
</UL>

<P><STRONG><a name="[112]"></a>WM__ActivateClipRect</STRONG> (Thumb, 52 bytes, Stack size 16 bytes, wm.o(.text))
<BR><BR>[Stack]<UL><LI>Max Depth = 80<LI>Call Chain = WM__ActivateClipRect &rArr; _SetClipRectUserIntersect &rArr; LCD_SetClipRectEx &rArr; GUI__IntersectRects
</UL>
<BR>[Calls]<UL><LI><a href="#[111]">&gt;&gt;</a>&nbsp;&nbsp;&nbsp;WM__ClipAtParentBorders
<LI><a href="#[10d]">&gt;&gt;</a>&nbsp;&nbsp;&nbsp;_SetClipRectUserIntersect
[...]
</UL>
<BR>[Calls]<UL><LI><a href="#[122]">&gt;&gt;</a>&nbsp;&nbsp;&nbsp;GUI_RectsIntersect
<LI><a href="#[1c7]">&gt;&gt;</a>&nbsp;&nbsp;&nbsp;GUI_UC__GetCharCodeInc
</UL>
<BR>[Called By]<UL><LI><a href="#[159]">&gt;&gt;</a>&nbsp;&nbsp;&nbsp;GUI__DispLine
</UL>

<P><STRONG><a name="[1c9]"></a>Draw8Point</STRONG> (Thumb, 150 bytes, Stack size 48 bytes, guicirc.o(.text), UNUSED)
<BR><BR>[Called By]<UL><LI><a href="#[1c8]">&gt;&gt;</a>&nbsp;&nbsp;&nbsp;GL_DrawCircle
</UL>

<P><STRONG><a name="[1d9]"></a>_SetPixelIndex</STRONG> (Thumb, 50 bytes, Stack size 8 bytes, guicurs.o(.text))
<BR><BR>[Stack]<UL><LI>Max Depth = 8<LI>Call Chain = _SetPixelIndex
</UL>
<BR>[Called By]<UL><LI><a href="#[1dc]">&gt;&gt;</a>&nbsp;&nbsp;&nbsp;_Draw
<LI><a href="#[1db]">&gt;&gt;</a>&nbsp;&nbsp;&nbsp;_Undraw
<LI><a href="#[1b7]">&gt;&gt;</a>&nbsp;&nbsp;&nbsp;GUI_CURSOR_SetPosition
</UL>

<P><STRONG><a name="[1d0]"></a>_GetPixelIndex</STRONG> (Thumb, 42 bytes, Stack size 0 bytes, guicurs.o(.text))
<BR><BR>[Stack]<UL><LI>Max Depth = 64<LI>Call Chain = _GetPixelIndex &rArr; LCD_L0_GetPixelIndex &rArr; ili9320_GetPoint &rArr; ili9320_SetCursor &rArr; ili9320_WriteRegister
</UL>
<BR>[Calls]<UL><LI><a href="#[6f]">&gt;&gt;</a>&nbsp;&nbsp;&nbsp;LCD_L0_GetPixelIndex
</UL>
<BR>[Called By]<UL><LI><a href="#[1dc]">&gt;&gt;</a>&nbsp;&nbsp;&nbsp;_Draw
<LI><a href="#[1b7]">&gt;&gt;</a>&nbsp;&nbsp;&nbsp;GUI_CURSOR_SetPosition
</UL>

<P><STRONG><a name="[1d6]"></a>_CalcRect</STRONG> (Thumb, 54 bytes, Stack size 8 bytes, guicurs.o(.text))
<BR><BR>[Stack]<UL><LI>Max Depth = 8<LI>Call Chain = _CalcRect
</UL>
<BR>[Called By]<UL><LI><a href="#[1d5]">&gt;&gt;</a>&nbsp;&nbsp;&nbsp;GUI_CURSOR_Select
<LI><a href="#[1b7]">&gt;&gt;</a>&nbsp;&nbsp;&nbsp;GUI_CURSOR_SetPosition
</UL>

<P><STRONG><a name="[4f]"></a>_TempHide</STRONG> (Thumb, 34 bytes, Stack size 8 bytes, guicurs.o(.text))
<BR><BR>[Stack]<UL><LI>Max Depth = 116 + Unknown Stack Size
<LI>Call Chain = _TempHide &rArr; _Hide &rArr; _Undraw &rArr; GUI_Unlock &rArr; GUI_X_Unlock &rArr; OSSemPost &rArr; OS_EventTaskRdy &rArr; OS_EventTaskRemove
</UL>
<BR>[Calls]<UL><LI><a href="#[122]">&gt;&gt;</a>&nbsp;&nbsp;&nbsp;GUI_RectsIntersect
<LI><a href="#[1d1]">&gt;&gt;</a>&nbsp;&nbsp;&nbsp;_Hide
</UL>
<BR>[Address Reference Count : 1]<UL><LI> guicurs.o(.text)
</UL>
<P><STRONG><a name="[50]"></a>_TempUnhide</STRONG> (Thumb, 4 bytes, Stack size 0 bytes, guicurs.o(.text))
<BR><BR>[Stack]<UL><LI>Max Depth = 100 + Unknown Stack Size
<LI>Call Chain = _TempUnhide &rArr; _Show &rArr; _Draw &rArr; GUI_Unlock &rArr; GUI_X_Unlock &rArr; OSSemPost &rArr; OS_EventTaskRdy &rArr; OS_EventTaskRemove
</UL>
<BR>[Calls]<UL><LI><a href="#[1d2]">&gt;&gt;</a>&nbsp;&nbsp;&nbsp;_Show
</UL>
<BR>[Address Reference Count : 1]<UL><LI> guicurs.o(.text)
</UL>
<P><STRONG><a name="[1da]"></a>_Log2Phys</STRONG> (Thumb, 66 bytes, Stack size 0 bytes, guicurs.o(.text))
<BR><BR>[Calls]<UL><LI><a href="#[181]">&gt;&gt;</a>&nbsp;&nbsp;&nbsp;LCD_Color2Index
</UL>
<BR>[Called By]<UL><LI><a href="#[1dc]">&gt;&gt;</a>&nbsp;&nbsp;&nbsp;_Draw
<LI><a href="#[1b7]">&gt;&gt;</a>&nbsp;&nbsp;&nbsp;GUI_CURSOR_SetPosition
</UL>

<P><STRONG><a name="[1d1]"></a>_Hide</STRONG> (Thumb, 20 bytes, Stack size 8 bytes, guicurs.o(.text))
<BR><BR>[Stack]<UL><LI>Max Depth = 108 + Unknown Stack Size
<LI>Call Chain = _Hide &rArr; _Undraw &rArr; GUI_Unlock &rArr; GUI_X_Unlock &rArr; OSSemPost &rArr; OS_EventTaskRdy &rArr; OS_EventTaskRemove
</UL>
<BR>[Calls]<UL><LI><a href="#[1db]">&gt;&gt;</a>&nbsp;&nbsp;&nbsp;_Undraw
</UL>
<BR>[Called By]<UL><LI><a href="#[1d8]">&gt;&gt;</a>&nbsp;&nbsp;&nbsp;GUI_CURSOR_Show
<LI><a href="#[1d7]">&gt;&gt;</a>&nbsp;&nbsp;&nbsp;GUI_CURSOR_Hide
<LI><a href="#[1d5]">&gt;&gt;</a>&nbsp;&nbsp;&nbsp;GUI_CURSOR_Select
<LI><a href="#[1d4]">&gt;&gt;</a>&nbsp;&nbsp;&nbsp;GUI_CURSOR_Deactivate
<LI><a href="#[4f]">&gt;&gt;</a>&nbsp;&nbsp;&nbsp;_TempHide
</UL>

<P><STRONG><a name="[1d2]"></a>_Show</STRONG> (Thumb, 24 bytes, Stack size 0 bytes, guicurs.o(.text))
<BR><BR>[Stack]<UL><LI>Max Depth = 100 + Unknown Stack Size
<LI>Call Chain = _Show &rArr; _Draw &rArr; GUI_Unlock &rArr; GUI_X_Unlock &rArr; OSSemPost &rArr; OS_EventTaskRdy &rArr; OS_EventTaskRemove
</UL>
<BR>[Calls]<UL><LI><a href="#[1dc]">&gt;&gt;</a>&nbsp;&nbsp;&nbsp;_Draw
</UL>
<BR>[Called By]<UL><LI><a href="#[1d8]">&gt;&gt;</a>&nbsp;&nbsp;&nbsp;GUI_CURSOR_Show
<LI><a href="#[1d5]">&gt;&gt;</a>&nbsp;&nbsp;&nbsp;GUI_CURSOR_Select
<LI><a href="#[1d3]">&gt;&gt;</a>&nbsp;&nbsp;&nbsp;GUI_CURSOR_Activate
<LI><a href="#[50]">&gt;&gt;</a>&nbsp;&nbsp;&nbsp;_TempUnhide
</UL>

<P><STRONG><a name="[1db]"></a>_Undraw</STRONG> (Thumb, 116 bytes, Stack size 32 bytes, guicurs.o(.text))
<BR><BR>[Stack]<UL><LI>Max Depth = 100 + Unknown Stack Size
<LI>Call Chain = _Undraw &rArr; GUI_Unlock &rArr; GUI_X_Unlock &rArr; OSSemPost &rArr; OS_EventTaskRdy &rArr; OS_EventTaskRemove
</UL>
<BR>[Calls]<UL><LI><a href="#[9b]">&gt;&gt;</a>&nbsp;&nbsp;&nbsp;GUI_Unlock
<LI><a href="#[99]">&gt;&gt;</a>&nbsp;&nbsp;&nbsp;GUI_Lock
<LI><a href="#[e8]">&gt;&gt;</a>&nbsp;&nbsp;&nbsp;GUI_ALLOC_h2p
<LI><a href="#[1d9]">&gt;&gt;</a>&nbsp;&nbsp;&nbsp;_SetPixelIndex
</UL>
<BR>[Called By]<UL><LI><a href="#[1d1]">&gt;&gt;</a>&nbsp;&nbsp;&nbsp;_Hide
</UL>

<P><STRONG><a name="[1dc]"></a>_Draw</STRONG> (Thumb, 154 bytes, Stack size 32 bytes, guicurs.o(.text))
<BR><BR>[Stack]<UL><LI>Max Depth = 100 + Unknown Stack Size
<LI>Call Chain = _Draw &rArr; GUI_Unlock &rArr; GUI_X_Unlock &rArr; OSSemPost &rArr; OS_EventTaskRdy &rArr; OS_EventTaskRemove
</UL>
<BR>[Calls]<UL><LI><a href="#[a7]">&gt;&gt;</a>&nbsp;&nbsp;&nbsp;GUI_GetBitmapPixelIndex
<LI><a href="#[9b]">&gt;&gt;</a>&nbsp;&nbsp;&nbsp;GUI_Unlock
<LI><a href="#[99]">&gt;&gt;</a>&nbsp;&nbsp;&nbsp;GUI_Lock
<LI><a href="#[e8]">&gt;&gt;</a>&nbsp;&nbsp;&nbsp;GUI_ALLOC_h2p
<LI><a href="#[1da]">&gt;&gt;</a>&nbsp;&nbsp;&nbsp;_Log2Phys
<LI><a href="#[1d0]">&gt;&gt;</a>&nbsp;&nbsp;&nbsp;_GetPixelIndex
<LI><a href="#[1d9]">&gt;&gt;</a>&nbsp;&nbsp;&nbsp;_SetPixelIndex
</UL>
<BR>[Called By]<UL><LI><a href="#[1d2]">&gt;&gt;</a>&nbsp;&nbsp;&nbsp;_Show
</UL>

<P><STRONG><a name="[1e9]"></a>_DrawBitLine1BPP</STRONG> (Thumb, 262 bytes, Stack size 56 bytes, guidev_16.o(.text))
<BR><BR>[Stack]<UL><LI>Max Depth = 56<LI>Call Chain = _DrawBitLine1BPP
</UL>
<BR>[Called By]<UL><LI><a href="#[77]">&gt;&gt;</a>&nbsp;&nbsp;&nbsp;_DrawBitmap
</UL>

<P><STRONG><a name="[1e8]"></a>_DrawBitLine4BPP</STRONG> (Thumb, 338 bytes, Stack size 40 bytes, guidev_16.o(.text))
<BR><BR>[Stack]<UL><LI>Max Depth = 40<LI>Call Chain = _DrawBitLine4BPP
</UL>
<BR>[Called By]<UL><LI><a href="#[77]">&gt;&gt;</a>&nbsp;&nbsp;&nbsp;_DrawBitmap
</UL>

<P><STRONG><a name="[77]"></a>_DrawBitmap</STRONG> (Thumb, 550 bytes, Stack size 80 bytes, guidev_16.o(.text))
<BR><BR>[Stack]<UL><LI>Max Depth = 136<LI>Call Chain = _DrawBitmap &rArr; _DrawBitLine2BPP
</UL>
<BR>[Calls]<UL><LI><a href="#[e8]">&gt;&gt;</a>&nbsp;&nbsp;&nbsp;GUI_ALLOC_h2p
<LI><a href="#[1e6]">&gt;&gt;</a>&nbsp;&nbsp;&nbsp;GUI_USAGE_AddRect
<LI><a href="#[1ea]">&gt;&gt;</a>&nbsp;&nbsp;&nbsp;_DrawBitLine2BPP
<LI><a href="#[1e7]">&gt;&gt;</a>&nbsp;&nbsp;&nbsp;_XY2PTR
<LI><a href="#[1e8]">&gt;&gt;</a>&nbsp;&nbsp;&nbsp;_DrawBitLine4BPP
<LI><a href="#[1e9]">&gt;&gt;</a>&nbsp;&nbsp;&nbsp;_DrawBitLine1BPP
<LI><a href="#[10f]">&gt;&gt;</a>&nbsp;&nbsp;&nbsp;__aeabi_memcpy
</UL>
<BR>[Address Reference Count : 1]<UL><LI> guidev_16.o(.constdata)
</UL>
<P><STRONG><a name="[7a]"></a>_FillRect</STRONG> (Thumb, 130 bytes, Stack size 40 bytes, guidev_16.o(.text))
<BR><BR>[Stack]<UL><LI>Max Depth = 72<LI>Call Chain = _FillRect &rArr; GUI_USAGE_AddRect
</UL>
<BR>[Calls]<UL><LI><a href="#[e8]">&gt;&gt;</a>&nbsp;&nbsp;&nbsp;GUI_ALLOC_h2p
<LI><a href="#[1eb]">&gt;&gt;</a>&nbsp;&nbsp;&nbsp;GUI__memset16
<LI><a href="#[1e6]">&gt;&gt;</a>&nbsp;&nbsp;&nbsp;GUI_USAGE_AddRect
<LI><a href="#[1e7]">&gt;&gt;</a>&nbsp;&nbsp;&nbsp;_XY2PTR
</UL>
<BR>[Called By]<UL><LI><a href="#[78]">&gt;&gt;</a>&nbsp;&nbsp;&nbsp;_DrawHLine
</UL>
<BR>[Address Reference Count : 1]<UL><LI> guidev_16.o(.constdata)
</UL>
<P><STRONG><a name="[78]"></a>_DrawHLine</STRONG> (Thumb, 4 bytes, Stack size 0 bytes, guidev_16.o(.text))
<BR><BR>[Stack]<UL><LI>Max Depth = 72<LI>Call Chain = _DrawHLine &rArr; _FillRect &rArr; GUI_USAGE_AddRect
</UL>
<BR>[Calls]<UL><LI><a href="#[7a]">&gt;&gt;</a>&nbsp;&nbsp;&nbsp;_FillRect
</UL>
<BR>[Address Reference Count : 1]<UL><LI> guidev_16.o(.constdata)
</UL>
<P><STRONG><a name="[79]"></a>_DrawVLine</STRONG> (Thumb, 160 bytes, Stack size 48 bytes, guidev_16.o(.text))
<BR><BR>[Stack]<UL><LI>Max Depth = 64<LI>Call Chain = _DrawVLine &rArr; _XY2PTR
</UL>
<BR>[Calls]<UL><LI><a href="#[e8]">&gt;&gt;</a>&nbsp;&nbsp;&nbsp;GUI_ALLOC_h2p
<LI><a href="#[1e7]">&gt;&gt;</a>&nbsp;&nbsp;&nbsp;_XY2PTR
</UL>
<BR>[Address Reference Count : 1]<UL><LI> guidev_16.o(.constdata)
</UL>
<P><STRONG><a name="[7d]"></a>_SetPixelIndex</STRONG> (Thumb, 72 bytes, Stack size 24 bytes, guidev_16.o(.text))
<BR><BR>[Stack]<UL><LI>Max Depth = 40<LI>Call Chain = _SetPixelIndex &rArr; _XY2PTR
</UL>
<BR>[Calls]<UL><LI><a href="#[e8]">&gt;&gt;</a>&nbsp;&nbsp;&nbsp;GUI_ALLOC_h2p
<LI><a href="#[1e7]">&gt;&gt;</a>&nbsp;&nbsp;&nbsp;_XY2PTR
</UL>
<BR>[Address Reference Count : 1]<UL><LI> guidev_16.o(.constdata)
</UL>
<P><STRONG><a name="[7e]"></a>_XorPixel</STRONG> (Thumb, 80 bytes, Stack size 24 bytes, guidev_16.o(.text))
<BR><BR>[Stack]<UL><LI>Max Depth = 40<LI>Call Chain = _XorPixel &rArr; _XY2PTR
</UL>
<BR>[Calls]<UL><LI><a href="#[e8]">&gt;&gt;</a>&nbsp;&nbsp;&nbsp;GUI_ALLOC_h2p
<LI><a href="#[1e7]">&gt;&gt;</a>&nbsp;&nbsp;&nbsp;_XY2PTR
</UL>
<BR>[Address Reference Count : 1]<UL><LI> guidev_16.o(.constdata)
</UL>
<P><STRONG><a name="[7b]"></a>_GetPixelIndex</STRONG> (Thumb, 10 bytes, Stack size 8 bytes, guidev_16.o(.text))
<BR><BR>[Stack]<UL><LI>Max Depth = 24<LI>Call Chain = _GetPixelIndex &rArr; _XY2PTR
</UL>
<BR>[Calls]<UL><LI><a href="#[1e7]">&gt;&gt;</a>&nbsp;&nbsp;&nbsp;_XY2PTR
</UL>
<BR>[Address Reference Count : 1]<UL><LI> guidev_16.o(.constdata)
</UL>
<P><STRONG><a name="[1e7]"></a>_XY2PTR</STRONG> (Thumb, 48 bytes, Stack size 16 bytes, guidev_16.o(.text))
<BR><BR>[Stack]<UL><LI>Max Depth = 16<LI>Call Chain = _XY2PTR
</UL>
<BR>[Calls]<UL><LI><a href="#[e8]">&gt;&gt;</a>&nbsp;&nbsp;&nbsp;GUI_ALLOC_h2p
</UL>
<BR>[Called By]<UL><LI><a href="#[7b]">&gt;&gt;</a>&nbsp;&nbsp;&nbsp;_GetPixelIndex
<LI><a href="#[7e]">&gt;&gt;</a>&nbsp;&nbsp;&nbsp;_XorPixel
<LI><a href="#[7d]">&gt;&gt;</a>&nbsp;&nbsp;&nbsp;_SetPixelIndex
<LI><a href="#[79]">&gt;&gt;</a>&nbsp;&nbsp;&nbsp;_DrawVLine
<LI><a href="#[7a]">&gt;&gt;</a>&nbsp;&nbsp;&nbsp;_FillRect
<LI><a href="#[77]">&gt;&gt;</a>&nbsp;&nbsp;&nbsp;_DrawBitmap
</UL>

<P><STRONG><a name="[1ea]"></a>_DrawBitLine2BPP</STRONG> (Thumb, 224 bytes, Stack size 56 bytes, guidev_16.o(.text))
<BR><BR>[Stack]<UL><LI>Max Depth = 56<LI>Call Chain = _DrawBitLine2BPP
</UL>
<BR>[Called By]<UL><LI><a href="#[77]">&gt;&gt;</a>&nbsp;&nbsp;&nbsp;_DrawBitmap
</UL>

<P><STRONG><a name="[81]"></a>_WIDGET_EFFECT_3D_DrawUpRect</STRONG> (Thumb, 142 bytes, Stack size 16 bytes, widget_effect_3d.o(.text))
<BR><BR>[Stack]<UL><LI>Max Depth = 192 + Unknown Stack Size
<LI>Call Chain = _WIDGET_EFFECT_3D_DrawUpRect &rArr; GUI_DrawRect &rArr; WM__InitIVRSearch &rArr; WM__GetNextIVR &rArr; _FindNext_IVR &rArr; _Findx0 &rArr;  _Findx0 (Cycle)
</UL>
<BR>[Calls]<UL><LI><a href="#[bb]">&gt;&gt;</a>&nbsp;&nbsp;&nbsp;LCD_SetColor
<LI><a href="#[ea]">&gt;&gt;</a>&nbsp;&nbsp;&nbsp;GUI_DrawRect
<LI><a href="#[1a7]">&gt;&gt;</a>&nbsp;&nbsp;&nbsp;GUI_DrawVLine
<LI><a href="#[1a6]">&gt;&gt;</a>&nbsp;&nbsp;&nbsp;GUI_DrawHLine
<LI><a href="#[10f]">&gt;&gt;</a>&nbsp;&nbsp;&nbsp;__aeabi_memcpy
</UL>
<BR>[Called By]<UL><LI><a href="#[7f]">&gt;&gt;</a>&nbsp;&nbsp;&nbsp;WIDGET_EFFECT_3D_DrawUp
</UL>
<BR>[Address Reference Count : 1]<UL><LI> widget_effect_3d.o(.constdata)
</UL>
<P><STRONG><a name="[82]"></a>_WIDGET_EFFECT_3D_DrawDownRect</STRONG> (Thumb, 204 bytes, Stack size 16 bytes, widget_effect_3d.o(.text))
<BR><BR>[Stack]<UL><LI>Max Depth = 192 + Unknown Stack Size
<LI>Call Chain = _WIDGET_EFFECT_3D_DrawDownRect &rArr; GUI_DrawHLine &rArr; WM__InitIVRSearch &rArr; WM__GetNextIVR &rArr; _FindNext_IVR &rArr; _Findx0 &rArr;  _Findx0 (Cycle)
</UL>
<BR>[Calls]<UL><LI><a href="#[bb]">&gt;&gt;</a>&nbsp;&nbsp;&nbsp;LCD_SetColor
<LI><a href="#[1a7]">&gt;&gt;</a>&nbsp;&nbsp;&nbsp;GUI_DrawVLine
<LI><a href="#[1a6]">&gt;&gt;</a>&nbsp;&nbsp;&nbsp;GUI_DrawHLine
<LI><a href="#[10f]">&gt;&gt;</a>&nbsp;&nbsp;&nbsp;__aeabi_memcpy
</UL>
<BR>[Called By]<UL><LI><a href="#[80]">&gt;&gt;</a>&nbsp;&nbsp;&nbsp;_WIDGET_EFFECT_3D_DrawDown
</UL>
<BR>[Address Reference Count : 1]<UL><LI> widget_effect_3d.o(.constdata)
</UL>
<P><STRONG><a name="[80]"></a>_WIDGET_EFFECT_3D_DrawDown</STRONG> (Thumb, 16 bytes, Stack size 16 bytes, widget_effect_3d.o(.text))
<BR><BR>[Stack]<UL><LI>Max Depth = 208 + Unknown Stack Size
<LI>Call Chain = _WIDGET_EFFECT_3D_DrawDown &rArr; _WIDGET_EFFECT_3D_DrawDownRect &rArr; GUI_DrawHLine &rArr; WM__InitIVRSearch &rArr; WM__GetNextIVR &rArr; _FindNext_IVR &rArr; _Findx0 &rArr;  _Findx0 (Cycle)
</UL>
<BR>[Calls]<UL><LI><a href="#[15f]">&gt;&gt;</a>&nbsp;&nbsp;&nbsp;WM_GetClientRect
<LI><a href="#[82]">&gt;&gt;</a>&nbsp;&nbsp;&nbsp;_WIDGET_EFFECT_3D_DrawDownRect
</UL>
<BR>[Address Reference Count : 1]<UL><LI> widget_effect_3d.o(.constdata)
</UL>
<P><STRONG><a name="[83]"></a>_WIDGET_EFFECT_3D_GetRect</STRONG> (Thumb, 22 bytes, Stack size 8 bytes, widget_effect_3d.o(.text))
<BR><BR>[Stack]<UL><LI>Max Depth = 100 + Unknown Stack Size
<LI>Call Chain = _WIDGET_EFFECT_3D_GetRect &rArr; WM_GetClientRect &rArr; WM_GetClientRectEx &rArr; GUI_Unlock &rArr; GUI_X_Unlock &rArr; OSSemPost &rArr; OS_EventTaskRdy &rArr; OS_EventTaskRemove
</UL>
<BR>[Calls]<UL><LI><a href="#[15f]">&gt;&gt;</a>&nbsp;&nbsp;&nbsp;WM_GetClientRect
<LI><a href="#[eb]">&gt;&gt;</a>&nbsp;&nbsp;&nbsp;GUI__ReduceRect
</UL>
<BR>[Address Reference Count : 1]<UL><LI> widget_effect_3d.o(.constdata)
</UL>
<P><STRONG><a name="[1fe]"></a>_GetDialogItem</STRONG> (Thumb, 60 bytes, Stack size 16 bytes, wm_getdialogitem.o(.text), UNUSED)
<BR><BR>[Calls]<UL><LI><a href="#[e8]">&gt;&gt;</a>&nbsp;&nbsp;&nbsp;GUI_ALLOC_h2p
<LI><a href="#[1ff]">&gt;&gt;</a>&nbsp;&nbsp;&nbsp;WM_GetId
<LI><a href="#[1fe]">&gt;&gt;</a>&nbsp;&nbsp;&nbsp;_GetDialogItem
</UL>
<BR>[Called By]<UL><LI><a href="#[1a1]">&gt;&gt;</a>&nbsp;&nbsp;&nbsp;WM_GetDialogItem
<LI><a href="#[1fe]">&gt;&gt;</a>&nbsp;&nbsp;&nbsp;_GetDialogItem
</UL>

<P><STRONG><a name="[200]"></a>_GetDefaultWin</STRONG> (Thumb, 10 bytes, Stack size 0 bytes, wm_getwindowsize.o(.text), UNUSED)
<BR><BR>[Calls]<UL><LI><a href="#[201]">&gt;&gt;</a>&nbsp;&nbsp;&nbsp;WM_GetActiveWindow
</UL>
<BR>[Called By]<UL><LI><a href="#[19b]">&gt;&gt;</a>&nbsp;&nbsp;&nbsp;WM_GetWindowSizeY
<LI><a href="#[19c]">&gt;&gt;</a>&nbsp;&nbsp;&nbsp;WM_GetWindowSizeX
</UL>

<P><STRONG><a name="[202]"></a>_Screen2hWin</STRONG> (Thumb, 76 bytes, Stack size 32 bytes, wm_screen2win.o(.text))
<BR><BR>[Stack]<UL><LI>Max Depth = 32 + In Cycle
<LI>Call Chain = _Screen2hWin &rArr;  _Screen2hWin (Cycle)
</UL>
<BR>[Calls]<UL><LI><a href="#[e8]">&gt;&gt;</a>&nbsp;&nbsp;&nbsp;GUI_ALLOC_h2p
<LI><a href="#[203]">&gt;&gt;</a>&nbsp;&nbsp;&nbsp;WM__IsInWindow
<LI><a href="#[202]">&gt;&gt;</a>&nbsp;&nbsp;&nbsp;_Screen2hWin
</UL>
<BR>[Called By]<UL><LI><a href="#[1b8]">&gt;&gt;</a>&nbsp;&nbsp;&nbsp;WM_Screen2hWin
<LI><a href="#[204]">&gt;&gt;</a>&nbsp;&nbsp;&nbsp;WM_Screen2hWinEx
<LI><a href="#[202]">&gt;&gt;</a>&nbsp;&nbsp;&nbsp;_Screen2hWin
</UL>

<P><STRONG><a name="[206]"></a>WM__ReleaseCapture</STRONG> (Thumb, 28 bytes, Stack size 24 bytes, wm_setcapture.o(.text))
<BR><BR>[Stack]<UL><LI>Max Depth = 108 + Unknown Stack Size
<LI>Call Chain = WM__ReleaseCapture &rArr; WM_SendMessage &rArr; GUI_Unlock &rArr; GUI_X_Unlock &rArr; OSSemPost &rArr; OS_EventTaskRdy &rArr; OS_EventTaskRemove
</UL>
<BR>[Calls]<UL><LI><a href="#[11a]">&gt;&gt;</a>&nbsp;&nbsp;&nbsp;WM_SendMessage
</UL>
<BR>[Called By]<UL><LI><a href="#[1b9]">&gt;&gt;</a>&nbsp;&nbsp;&nbsp;WM_ReleaseCapture
<LI><a href="#[205]">&gt;&gt;</a>&nbsp;&nbsp;&nbsp;WM_SetCapture
</UL>

<P><STRONG><a name="[84]"></a>GUI_USAGE_BM_AddPixel</STRONG> (Thumb, 44 bytes, Stack size 8 bytes, guidev_usagebm.o(.text))
<BR><BR>[Stack]<UL><LI>Max Depth = 8<LI>Call Chain = GUI_USAGE_BM_AddPixel
</UL>
<BR>[Address Reference Count : 1]<UL><LI> guidev_usagebm.o(.constdata)
</UL>
<P><STRONG><a name="[85]"></a>GUI_USAGE_BM_AddHLine</STRONG> (Thumb, 106 bytes, Stack size 16 bytes, guidev_usagebm.o(.text))
<BR><BR>[Stack]<UL><LI>Max Depth = 16 + Unknown Stack Size
<LI>Call Chain = GUI_USAGE_BM_AddHLine
</UL>
<BR>[Calls]<UL><LI><a href="#[20a]">&gt;&gt;</a>&nbsp;&nbsp;&nbsp;__aeabi_memset
</UL>
<BR>[Address Reference Count : 1]<UL><LI> guidev_usagebm.o(.constdata)
</UL>
<P><STRONG><a name="[86]"></a>GUI_USAGE_BM_Clear</STRONG> (Thumb, 14 bytes, Stack size 0 bytes, guidev_usagebm.o(.text))
<BR><BR>[Stack]<UL><LI>Max Depth = 4<LI>Call Chain = GUI_USAGE_BM_Clear &rArr; __aeabi_memclr4
</UL>
<BR>[Calls]<UL><LI><a href="#[20b]">&gt;&gt;</a>&nbsp;&nbsp;&nbsp;__aeabi_memclr4
</UL>
<BR>[Address Reference Count : 1]<UL><LI> guidev_usagebm.o(.constdata)
</UL>
<P><STRONG><a name="[88]"></a>GUI_USAGE_BM_GetNextDirty</STRONG> (Thumb, 170 bytes, Stack size 16 bytes, guidev_usagebm.o(.text))
<BR><BR>[Stack]<UL><LI>Max Depth = 16<LI>Call Chain = GUI_USAGE_BM_GetNextDirty
</UL>
<BR>[Address Reference Count : 1]<UL><LI> guidev_usagebm.o(.constdata)
</UL>
<P><STRONG><a name="[87]"></a>_GUI_USAGE_BM_Delete</STRONG> (Thumb, 4 bytes, Stack size 0 bytes, guidev_usagebm.o(.text))
<BR><BR>[Stack]<UL><LI>Max Depth = 76 + Unknown Stack Size
<LI>Call Chain = _GUI_USAGE_BM_Delete &rArr; GUI_ALLOC_Free &rArr; GUI_Unlock &rArr; GUI_X_Unlock &rArr; OSSemPost &rArr; OS_EventTaskRdy &rArr; OS_EventTaskRemove
</UL>
<BR>[Calls]<UL><LI><a href="#[11f]">&gt;&gt;</a>&nbsp;&nbsp;&nbsp;GUI_ALLOC_Free
</UL>
<BR>[Address Reference Count : 1]<UL><LI> guidev_usagebm.o(.constdata)
</UL>
<P><STRONG><a name="[20c]"></a>_MoveDescendents</STRONG> (Thumb, 72 bytes, Stack size 24 bytes, wm_move.o(.text))
<BR><BR>[Stack]<UL><LI>Max Depth = 124 + Unknown Stack Size
 + In Cycle
<LI>Call Chain = _MoveDescendents &rArr;  _MoveDescendents (Cycle)
</UL>
<BR>[Calls]<UL><LI><a href="#[11b]">&gt;&gt;</a>&nbsp;&nbsp;&nbsp;WM__SendMsgNoData
<LI><a href="#[ee]">&gt;&gt;</a>&nbsp;&nbsp;&nbsp;GUI_MoveRect
<LI><a href="#[e8]">&gt;&gt;</a>&nbsp;&nbsp;&nbsp;GUI_ALLOC_h2p
<LI><a href="#[20c]">&gt;&gt;</a>&nbsp;&nbsp;&nbsp;_MoveDescendents
</UL>
<BR>[Called By]<UL><LI><a href="#[20d]">&gt;&gt;</a>&nbsp;&nbsp;&nbsp;WM__MoveWindow
<LI><a href="#[20c]">&gt;&gt;</a>&nbsp;&nbsp;&nbsp;_MoveDescendents
</UL>

<P><STRONG><a name="[212]"></a>_GetNextChild</STRONG> (Thumb, 38 bytes, Stack size 16 bytes, wm_setfocusonnextchild.o(.text), UNUSED)
<BR><BR>[Calls]<UL><LI><a href="#[e8]">&gt;&gt;</a>&nbsp;&nbsp;&nbsp;GUI_ALLOC_h2p
</UL>
<BR>[Called By]<UL><LI><a href="#[1f1]">&gt;&gt;</a>&nbsp;&nbsp;&nbsp;WM_SetFocusOnNextChild
</UL>

<P><STRONG><a name="[2ec]"></a>_dadd1</STRONG> (Thumb, 0 bytes, Stack size unknown bytes, daddsub_clz.o(x$fpl$dadd), UNUSED)
<BR><BR>[Called By]<UL><LI><a href="#[2ed]">&gt;&gt;</a>&nbsp;&nbsp;&nbsp;_dsub
<LI><a href="#[2eb]">&gt;&gt;</a>&nbsp;&nbsp;&nbsp;_drsb
</UL>

<P><STRONG><a name="[2e1]"></a>_dsub1</STRONG> (Thumb, 0 bytes, Stack size unknown bytes, daddsub_clz.o(x$fpl$dsub), UNUSED)
<BR><BR>[Called By]<UL><LI><a href="#[2eb]">&gt;&gt;</a>&nbsp;&nbsp;&nbsp;_drsb
<LI><a href="#[2e0]">&gt;&gt;</a>&nbsp;&nbsp;&nbsp;_dadd
</UL>
<P>
<H3>
Undefined Global Symbols
</H3><HR></body></html>
