<html>
<body>
<pre>
<h1>礦ision Build Log</h1>
<h2>Project:</h2>
D:\（5）我的设计\(9)程序备份\（3）UCOS\(10)科技文化节\(9)uCOS_GUI_FAther\uCOS_GUI\Project\Phone.uvproj
Project File Date:  09/16/2014

<h2>Output:</h2>
Build target 'uCOS_GUI'
compiling system_stm32f10x.c...
compiling core_cm3.c...
assembling startup_stm32f10x_hd.s...
compiling misc.c...
compiling stm32f10x_adc.c...
compiling stm32f10x_bkp.c...
compiling stm32f10x_can.c...
compiling stm32f10x_cec.c...
compiling stm32f10x_crc.c...
compiling stm32f10x_dac.c...
compiling stm32f10x_dbgmcu.c...
compiling stm32f10x_dma.c...
compiling stm32f10x_exti.c...
compiling stm32f10x_flash.c...
compiling stm32f10x_fsmc.c...
compiling stm32f10x_gpio.c...
compiling stm32f10x_i2c.c...
compiling stm32f10x_iwdg.c...
compiling stm32f10x_pwr.c...
compiling stm32f10x_rcc.c...
compiling stm32f10x_rtc.c...
compiling stm32f10x_sdio.c...
compiling stm32f10x_spi.c...
compiling stm32f10x_tim.c...
compiling stm32f10x_usart.c...
compiling stm32f10x_wwdg.c...
compiling os_core.c...
compiling os_flag.c...
compiling os_mbox.c...
compiling os_mem.c...
compiling os_mutex.c...
compiling os_q.c...
compiling os_sem.c...
compiling os_task.c...
compiling os_time.c...
compiling os_tmr.c...
assembling os_cpu_a.asm...
compiling os_cpu_c.c...
compiling os_dbg.c...
compiling GUI_X_Touch.c...
compiling GUI_X_uCOS.c...
compiling ili9320.c...
compiling ili9320_api.c...
compiling ili9320_ucgui.c...
compiling HZK16.c...
compiling backface.c...
compiling idea.c...
compiling GSMback.c...
compiling masterback.c...
compiling bsp.c...
compiling App.c...
..\Source\APP\App.c(81): warning:  #177-D: variable "err" was declared but never referenced
        INT8U  err;     
..\Source\APP\App.c(147): warning:  #177-D: variable "err" was declared but never referenced
    INT8U  err;
..\Source\APP\App.c(249): warning:  #177-D: variable "err" was declared but never referenced
        INT8U err;      
..\Source\APP\App.c(264): warning:  #177-D: variable "err" was declared but never referenced
        INT8U err;      
..\Source\APP\App.c(301): warning:  #223-D: function "NRF24L01_Init" declared implicitly
        NRF24L01_Init();  
..\Source\APP\App.c(305): warning:  #223-D: function "NRF24L01_Check" declared implicitly
                while(NRF24L01_Check())//检测不到24L01
..\Source\APP\App.c(311): warning:  #223-D: function "RX_Mode" declared implicitly
                        RX_Mode();                      
..\Source\APP\App.c(314): warning:  #223-D: function "NRF24L01_RxPacket" declared implicitly
                        if(NRF24L01_RxPacket(tmp_buf)==0)               //如果接收到，则灯灭,tmp_buf接收到的内容
..\Source\APP\App.c(362): warning:  #223-D: function "TX_Mode" declared implicitly
                        TX_Mode();
..\Source\APP\App.c(366): warning:  #223-D: function "NRF24L01_TxPacket" declared implicitly
                        if(NRF24L01_TxPacket(tmp_buf2)==0x10)   //如果发射出去，则灯灭，tmp_buf发射出去的内容
..\Source\APP\App.c(287): warning:  #177-D: variable "err" was declared but never referenced
        INT8U err;
..\Source\APP\App.c(291): warning:  #177-D: variable "temp3" was declared but never referenced
        int temp1,temp2,temp3,temp4;
..\Source\APP\App.c(291): warning:  #177-D: variable "temp4" was declared but never referenced
        int temp1,temp2,temp3,temp4;
..\Source\APP\App.c: 13 warnings, 0 errors
compiling stm32f10x_it.c...
compiling Face.c...
compiling change.c...
compiling news.c...
compiling Events.c...
compiling GUIDEMO.c...
compiling GSMface.c...
compiling master.c...
compiling news2.c...
compiling GSM.c...
compiling humiture.c...
compiling 24g.c...
..\Source\NRF24L01\24g.c(7): warning:  #47-D: incompatible redefinition of macro "READ_REG" (declared at line 8314 of "..\Source\Startup\stm32f10x.h")
  #define READ_REG        0x00  //读配置寄存器,低5位为寄存器地址
..\Source\NRF24L01\24g.c(8): warning:  #47-D: incompatible redefinition of macro "WRITE_REG" (declared at line 8312 of "..\Source\Startup\stm32f10x.h")
  #define WRITE_REG       0x20  //写配置寄存器,低5位为寄存器地址
..\Source\NRF24L01\24g.c(90): warning:  #223-D: function "SPIx_Init" declared implicitly
        SPIx_Init();    //初始化SPI
..\Source\NRF24L01\24g.c(100): warning:  #223-D: function "SPIx_SetSpeed" declared implicitly
        SPIx_SetSpeed(SPI_SPEED_8); //spi速度为9Mhz（24L01的最大SPI时钟为10Mhz）         
..\Source\NRF24L01\24g.c(114): warning:  #223-D: function "SPIx_ReadWriteByte" declared implicitly
        status =SPIx_ReadWriteByte(reg);//发送寄存器号 
..\Source\NRF24L01\24g.c(125): warning:  #223-D: function "SPIx_ReadWriteByte" declared implicitly
        SPIx_ReadWriteByte(reg);   //发送寄存器号
..\Source\NRF24L01\24g.c(139): warning:  #223-D: function "SPIx_ReadWriteByte" declared implicitly
        status=SPIx_ReadWriteByte(reg);//发送寄存器值(位置),并读取状态值           
..\Source\NRF24L01\24g.c(153): warning:  #223-D: function "SPIx_ReadWriteByte" declared implicitly
        status = SPIx_ReadWriteByte(reg);//发送寄存器值(位置),并读取状态值
..\Source\NRF24L01\24g.c(165): warning:  #223-D: function "SPIx_SetSpeed" declared implicitly
        SPIx_SetSpeed(SPI_SPEED_8);//spi速度为9Mhz（24L01的最大SPI时钟为10Mhz）   
..\Source\NRF24L01\24g.c(194): warning:  #223-D: function "SPIx_SetSpeed" declared implicitly
        SPIx_SetSpeed(SPI_SPEED_8); //spi速度为9Mhz（24L01的最大SPI时钟为10Mhz）   
..\Source\NRF24L01\24g.c: 10 warnings, 0 errors
compiling spi.c...
compiling Dealdata.c...
compiling WIFI.c...
linking...
Program Size: Code=57262 RO-data=313090 RW-data=756 ZI-data=17916  
FromELF: creating hex file...
"..\Obj\Phone.axf" - 0 Error(s), 23 Warning(s).
</pre>
</body>
</html>
