<html>
<body>
<pre>
<h1>µVision Build Log</h1>
<h2>Project:</h2>
C:\Users\Administrator\Desktop\Athena.Pro\2.uCOS\(0)´¿¾»°æ\uCOS_1\Project\Phone.uvproj
Project File Date:  07/27/2014

<h2>Output:</h2>
Build target 'uCOS_GUI'
linking...
Program Size: Code=7088 RO-data=592 RW-data=124 ZI-data=5948  
FromELF: creating hex file...
"..\Obj\Phone.axf" - 0 Error(s), 0 Warning(s).
</pre>
</body>
</html>
mpiling os_core.c...
compiling os_flag.c...
compiling os_mbox.c...
compiling os_mem.c...
compiling os_mutex.c...
compiling os_q.c...
compiling os_sem.c...
compiling os_task.c...
compiling os_time.c...
compiling os_tmr.c...
assembling os_cpu_a.asm...
compiling os_cpu_c.c...
compiling os_dbg.c...
compiling bsp.c...
compiling App.c...
..\Source\APP\App.c(67): warning:  #177-D: variable "err" was declared but never referenced
        INT8U  err;     
..\Source\APP\App.c(131): warning:  #177-D: variable "err" was declared but never referenced
    INT8U  err;
..\Source\APP\App.c(158): warning:  #177-D: variable "err" was declared but never referenced
        INT8U err;      
..\Source\APP\App.c(172): warning:  #177-D: variable "err" was declared but never referenced
        INT8U err;
..\Source\APP\App.c: 4 warnings, 0 errors
compiling stm32f10x_it.c...
compiling humiture.c...
linking...
Program Size: Code=7088 RO-data=592 RW-data=124 ZI-data=5948  
FromELF: creating hex file...
"..\Obj\Phone.axf" - 0 Error(s), 4 Warning(s).
