<html>
<body>
<pre>
<h1>µVision Build Log</h1>
<h2>Project:</h2>
C:\Users\Phone\Desktop\uCOS_GUI\Project\Phone.uvproj
Project File Date:  02/24/2014

<h2>Output:</h2>
Build target 'uCOS_GUI'
compiling App.c...
..\Source\APP\App.c(108): warning:  #550-D: variable "err" was set but never used
..\Source\APP\App.c(319): warning:  #167-D: argument of type "unsigned char *" is incompatible with parameter of type "const char *"
..\Source\APP\App.c(324): warning:  #167-D: argument of type "unsigned char *" is incompatible with parameter of type "const char *"
..\Source\APP\App.c(329): warning:  #167-D: argument of type "unsigned char *" is incompatible with parameter of type "const char *"
compiling bsp.c...
compiling Com.c...
linking...
Program Size: Code=8098 RO-data=866 RW-data=116 ZI-data=8452  
FromELF: creating hex file...
"..\Obj\Phone.axf" - 0 Error(s), 4 Warning(s).
Build target 'uCOS_GUI'
compiling os_core.c...
compiling os_flag.c...
compiling os_mbox.c...
compiling os_mem.c...
compiling os_mutex.c...
compiling os_q.c...
compiling os_sem.c...
compiling os_task.c...
compiling os_time.c...
compiling os_tmr.c...
compiling os_cpu_c.c...
compiling os_dbg.c...
compiling App.c...
..\Source\APP\App.c(108): error:  #20: identifier "CPU_INT08U" is undefined
..\Source\APP\App.c(111): warning:  #223-D: function "CPU_IntDis" declared implicitly
..\Source\APP\App.c(319): warning:  #167-D: argument of type "unsigned char *" is incompatible with parameter of type "const char *"
..\Source\APP\App.c(324): warning:  #167-D: argument of type "unsigned char *" is incompatible with parameter of type "const char *"
..\Source\APP\App.c(329): warning:  #167-D: argument of type "unsigned char *" is incompatible with parameter of type "const char *"
compiling stm32f10x_it.c...
compiling bsp.c...
compiling Com.c...
Target not created
